Component: ARM Compiler 5.06 update 6 (build 750) Tool: armlink [4d35ed]

==============================================================================

Section Cross References

    startup_stm32h723xx.o(RESET) refers to startup_stm32h723xx.o(STACK) for __initial_sp
    startup_stm32h723xx.o(RESET) refers to startup_stm32h723xx.o(.text) for Reset_Handler
    startup_stm32h723xx.o(RESET) refers to stm32h7xx_it.o(i.NMI_Handler) for NMI_Handler
    startup_stm32h723xx.o(RESET) refers to stm32h7xx_it.o(i.HardFault_Handler) for HardFault_Handler
    startup_stm32h723xx.o(RESET) refers to stm32h7xx_it.o(i.MemManage_Handler) for MemManage_Handler
    startup_stm32h723xx.o(RESET) refers to stm32h7xx_it.o(i.BusFault_Handler) for BusFault_Handler
    startup_stm32h723xx.o(RESET) refers to stm32h7xx_it.o(i.UsageFault_Handler) for UsageFault_Handler
    startup_stm32h723xx.o(RESET) refers to stm32h7xx_it.o(i.SVC_Handler) for SVC_Handler
    startup_stm32h723xx.o(RESET) refers to stm32h7xx_it.o(i.DebugMon_Handler) for DebugMon_Handler
    startup_stm32h723xx.o(RESET) refers to stm32h7xx_it.o(i.PendSV_Handler) for PendSV_Handler
    startup_stm32h723xx.o(RESET) refers to stm32h7xx_it.o(i.SysTick_Handler) for SysTick_Handler
    startup_stm32h723xx.o(RESET) refers to stm32h7xx_it.o(i.DMA1_Stream0_IRQHandler) for DMA1_Stream0_IRQHandler
    startup_stm32h723xx.o(RESET) refers to stm32h7xx_it.o(i.DMA1_Stream1_IRQHandler) for DMA1_Stream1_IRQHandler
    startup_stm32h723xx.o(RESET) refers to stm32h7xx_it.o(i.DCMI_PSSI_IRQHandler) for DCMI_PSSI_IRQHandler
    startup_stm32h723xx.o(.text) refers to system_stm32h7xx.o(i.SystemInit) for SystemInit
    startup_stm32h723xx.o(.text) refers to entry.o(.ARM.Collect$$$$00000000) for __main
    main.o(i.MPU_Config) refers to stm32h7xx_hal_cortex.o(i.HAL_MPU_Disable) for HAL_MPU_Disable
    main.o(i.MPU_Config) refers to stm32h7xx_hal_cortex.o(i.HAL_MPU_ConfigRegion) for HAL_MPU_ConfigRegion
    main.o(i.MPU_Config) refers to stm32h7xx_hal_cortex.o(i.HAL_MPU_Enable) for HAL_MPU_Enable
    main.o(i.SystemClock_Config) refers to memseta.o(.text) for __aeabi_memclr4
    main.o(i.SystemClock_Config) refers to stm32h7xx_hal_pwr_ex.o(i.HAL_PWREx_ConfigSupply) for HAL_PWREx_ConfigSupply
    main.o(i.SystemClock_Config) refers to stm32h7xx_hal_rcc.o(i.HAL_RCC_OscConfig) for HAL_RCC_OscConfig
    main.o(i.SystemClock_Config) refers to stm32h7xx_hal_rcc.o(i.HAL_RCC_ClockConfig) for HAL_RCC_ClockConfig
    main.o(i.SystemClock_Config) refers to stm32h7xx_hal_rcc.o(i.HAL_RCC_MCOConfig) for HAL_RCC_MCOConfig
    main.o(i.main) refers to stm32h7xx_hal.o(i.HAL_Init) for HAL_Init
    main.o(i.main) refers to main.o(i.SystemClock_Config) for SystemClock_Config
    main.o(i.main) refers to gpio.o(i.MX_GPIO_Init) for MX_GPIO_Init
    main.o(i.main) refers to dma.o(i.MX_DMA_Init) for MX_DMA_Init
    main.o(i.main) refers to dcmi.o(i.MX_DCMI_Init) for MX_DCMI_Init
    main.o(i.main) refers to usart.o(i.MX_USART1_UART_Init) for MX_USART1_UART_Init
    main.o(i.main) refers to spi.o(i.MX_SPI1_Init) for MX_SPI1_Init
    main.o(i.main) refers to lcd.o(i.LCD_Init) for LCD_Init
    main.o(i.main) refers to lcd.o(i.LCD_Fill) for LCD_Fill
    main.o(i.main) refers to ov5640.o(i.ov5640_init) for ov5640_init
    main.o(i.main) refers to ov5640.o(i.ov5640_af_download_firmware) for ov5640_af_download_firmware
    main.o(i.main) refers to ov5640.o(i.ov5640_af_trigger_constant) for ov5640_af_trigger_constant
    main.o(i.main) refers to ov5640.o(i.ov5640_send_continuous) for ov5640_send_continuous
    main.o(i.main) refers to lcd.o(i.LCD_ShowPicture) for LCD_ShowPicture
    main.o(i.main) refers to ov5640.o(.data) for OV5640_FrameState
    gpio.o(i.MX_GPIO_Init) refers to memseta.o(.text) for __aeabi_memclr4
    gpio.o(i.MX_GPIO_Init) refers to stm32h7xx_hal_gpio.o(i.HAL_GPIO_WritePin) for HAL_GPIO_WritePin
    gpio.o(i.MX_GPIO_Init) refers to stm32h7xx_hal_gpio.o(i.HAL_GPIO_Init) for HAL_GPIO_Init
    dcmi.o(i.HAL_DCMI_MspDeInit) refers to stm32h7xx_hal_gpio.o(i.HAL_GPIO_DeInit) for HAL_GPIO_DeInit
    dcmi.o(i.HAL_DCMI_MspDeInit) refers to stm32h7xx_hal_dma.o(i.HAL_DMA_DeInit) for HAL_DMA_DeInit
    dcmi.o(i.HAL_DCMI_MspDeInit) refers to stm32h7xx_hal_cortex.o(i.HAL_NVIC_DisableIRQ) for HAL_NVIC_DisableIRQ
    dcmi.o(i.HAL_DCMI_MspInit) refers to memseta.o(.text) for __aeabi_memclr4
    dcmi.o(i.HAL_DCMI_MspInit) refers to stm32h7xx_hal_gpio.o(i.HAL_GPIO_Init) for HAL_GPIO_Init
    dcmi.o(i.HAL_DCMI_MspInit) refers to stm32h7xx_hal_dma.o(i.HAL_DMA_Init) for HAL_DMA_Init
    dcmi.o(i.HAL_DCMI_MspInit) refers to main.o(i.Error_Handler) for Error_Handler
    dcmi.o(i.HAL_DCMI_MspInit) refers to stm32h7xx_hal_cortex.o(i.HAL_NVIC_SetPriority) for HAL_NVIC_SetPriority
    dcmi.o(i.HAL_DCMI_MspInit) refers to stm32h7xx_hal_cortex.o(i.HAL_NVIC_EnableIRQ) for HAL_NVIC_EnableIRQ
    dcmi.o(i.HAL_DCMI_MspInit) refers to dcmi.o(.bss) for .bss
[...]
    Removing stm32h7xx_hal_uart.o(i.UART_Start_Receive_DMA), (168 bytes).
    Removing stm32h7xx_hal_uart.o(i.UART_Start_Receive_IT), (272 bytes).
    Removing stm32h7xx_hal_uart.o(i.UART_TxISR_16BIT), (82 bytes).
    Removing stm32h7xx_hal_uart.o(i.UART_TxISR_16BIT_FIFOEN), (106 bytes).
    Removing stm32h7xx_hal_uart.o(i.UART_TxISR_8BIT), (78 bytes).
    Removing stm32h7xx_hal_uart.o(i.UART_TxISR_8BIT_FIFOEN), (102 bytes).
    Removing stm32h7xx_hal_uart_ex.o(.rev16_text), (4 bytes).
    Removing stm32h7xx_hal_uart_ex.o(.revsh_text), (4 bytes).
    Removing stm32h7xx_hal_uart_ex.o(.rrx_text), (6 bytes).
    Removing stm32h7xx_hal_uart_ex.o(i.HAL_MultiProcessorEx_AddressLength_Set), (48 bytes).
    Removing stm32h7xx_hal_uart_ex.o(i.HAL_RS485Ex_Init), (140 bytes).
    Removing stm32h7xx_hal_uart_ex.o(i.HAL_UARTEx_DisableStopMode), (46 bytes).
    Removing stm32h7xx_hal_uart_ex.o(i.HAL_UARTEx_EnableFifoMode), (72 bytes).
    Removing stm32h7xx_hal_uart_ex.o(i.HAL_UARTEx_EnableStopMode), (46 bytes).
    Removing stm32h7xx_hal_uart_ex.o(i.HAL_UARTEx_GetRxEventType), (4 bytes).
    Removing stm32h7xx_hal_uart_ex.o(i.HAL_UARTEx_ReceiveToIdle), (304 bytes).
    Removing stm32h7xx_hal_uart_ex.o(i.HAL_UARTEx_ReceiveToIdle_DMA), (74 bytes).
    Removing stm32h7xx_hal_uart_ex.o(i.HAL_UARTEx_ReceiveToIdle_IT), (74 bytes).
    Removing stm32h7xx_hal_uart_ex.o(i.HAL_UARTEx_RxFifoFullCallback), (2 bytes).
    Removing stm32h7xx_hal_uart_ex.o(i.HAL_UARTEx_StopModeWakeUpSourceConfig), (140 bytes).
    Removing stm32h7xx_hal_uart_ex.o(i.HAL_UARTEx_TxFifoEmptyCallback), (2 bytes).
    Removing stm32h7xx_hal_uart_ex.o(i.HAL_UARTEx_WakeupCallback), (2 bytes).
    Removing system_stm32h7xx.o(.rev16_text), (4 bytes).
    Removing system_stm32h7xx.o(.revsh_text), (4 bytes).
    Removing system_stm32h7xx.o(.rrx_text), (6 bytes).
    Removing system_stm32h7xx.o(i.SystemCoreClockUpdate), (320 bytes).
    Removing sccb.o(.rev16_text), (4 bytes).
    Removing sccb.o(.revsh_text), (4 bytes).
    Removing sccb.o(.rrx_text), (6 bytes).
    Removing sccb.o(i.sccb_read_reg), (52 bytes).
    Removing sccb.o(i.sccb_write_handle), (28 bytes).
    Removing sccb.o(i.sccb_write_reg), (32 bytes).
    Removing ov5640.o(.rev16_text), (4 bytes).
    Removing ov5640.o(.revsh_text), (4 bytes).
    Removing ov5640.o(.rrx_text), (6 bytes).
    Removing ov5640.o(i.ov5640_af_query_status), (52 bytes).
    Removing ov5640.o(i.ov5640_af_release), (10 bytes).
    Removing ov5640.o(i.ov5640_af_trigger_single), (10 bytes).
    Removing ov5640.o(i.ov5640_dcmi_crop), (68 bytes).
    Removing ov5640.o(i.ov5640_dcmi_resume), (24 bytes).
    Removing ov5640.o(i.ov5640_dcmi_stop), (12 bytes).
    Removing ov5640.o(i.ov5640_dcmi_suspend), (12 bytes).
    Removing ov5640.o(i.ov5640_delay), (4 bytes).
    Removing ov5640.o(i.ov5640_jpeg_quantization_scale), (10 bytes).
    Removing ov5640.o(i.ov5640_send_snapshot), (44 bytes).
    Removing ov5640.o(i.ov5640_set_brightness), (72 bytes).
    Removing ov5640.o(i.ov5640_set_contrast), (72 bytes).
    Removing ov5640.o(i.ov5640_set_effect), (88 bytes).
    Removing ov5640.o(i.ov5640_set_horizontal_mirror), (38 bytes).
    Removing ov5640.o(i.ov5640_set_pixformat), (218 bytes).
    Removing ov5640.o(i.ov5640_set_vertical_flip), (38 bytes).
    Removing lcd.o(.rev16_text), (4 bytes).
    Removing lcd.o(.revsh_text), (4 bytes).
    Removing lcd.o(.rrx_text), (6 bytes).
    Removing lcd.o(i.Draw_Circle), (190 bytes).
    Removing lcd.o(i.LCD_DrawLine), (154 bytes).
    Removing lcd.o(i.LCD_DrawPoint), (22 bytes).
    Removing lcd.o(i.LCD_DrawRectangle), (68 bytes).
    Removing lcd.o(i.LCD_ShowChar), (268 bytes).
    Removing lcd.o(i.LCD_ShowChinese), (140 bytes).
    Removing lcd.o(i.LCD_ShowChinese12x12), (252 bytes).
    Removing lcd.o(i.LCD_ShowChinese16x16), (248 bytes).
    Removing lcd.o(i.LCD_ShowChinese24x24), (252 bytes).
    Removing lcd.o(i.LCD_ShowChinese32x32), (248 bytes).
    Removing lcd.o(i.LCD_ShowFloatNum), (262 bytes).
    Removing lcd.o(i.LCD_ShowFloatNum1), (216 bytes).
    Removing lcd.o(i.LCD_ShowIntNum), (128 bytes).
    Removing lcd.o(i.LCD_ShowString), (58 bytes).
    Removing lcd.o(i.LCD_WR_DATA8), (4 bytes).
    Removing lcd.o(i.mypow), (16 bytes).
    Removing lcd.o(.constdata), (13906 bytes).
    Removing dadd.o(.text), (334 bytes).
    Removing dmul.o(.text), (228 bytes).
    Removing ddiv.o(.text), (222 bytes).
    Removing dfixul.o(.text), (48 bytes).
    Removing cdrcmple.o(.text), (48 bytes).
    Removing depilogue.o(.text), (186 bytes).

609 unused section(s) (total 64092 bytes) removed from the image.

==============================================================================

Image Symbol Table

    Local Symbols

    Symbol Name                              Value     Ov Type        Size  Object(Section)

    ../Core/Src/dcmi.c                       0x00000000   Number         0  dcmi.o ABSOLUTE
    ../Core/Src/dma.c                        0x00000000   Number         0  dma.o ABSOLUTE
    ../Core/Src/gpio.c                       0x00000000   Number         0  gpio.o ABSOLUTE
    ../Core/Src/main.c                       0x00000000   Number         0  main.o ABSOLUTE
    ../Core/Src/spi.c                        0x00000000   Number         0  spi.o ABSOLUTE
    ../Core/Src/stm32h7xx_hal_msp.c          0x00000000   Number         0  stm32h7xx_hal_msp.o ABSOLUTE
    ../Core/Src/stm32h7xx_it.c               0x00000000   Number         0  stm32h7xx_it.o ABSOLUTE
    ../Core/Src/system_stm32h7xx.c           0x00000000   Number         0  system_stm32h7xx.o ABSOLUTE
    ../Core/Src/usart.c                      0x00000000   Number         0  usart.o ABSOLUTE
    ../Drivers/STM32H7xx_HAL_Driver/Src/stm32h7xx_hal.c 0x00000000   Number         0  stm32h7xx_hal.o ABSOLUTE
    ../Drivers/STM32H7xx_HAL_Driver/Src/stm32h7xx_hal_cortex.c 0x00000000   Number         0  stm32h7xx_hal_cortex.o ABSOLUTE
    ../Drivers/STM32H7xx_HAL_Driver/Src/stm32h7xx_hal_dcmi.c 0x00000000   Number         0  stm32h7xx_hal_dcmi.o ABSOLUTE
    ../Drivers/STM32H7xx_HAL_Driver/Src/stm32h7xx_hal_dma.c 0x00000000   Number         0  stm32h7xx_hal_dma.o ABSOLUTE
    ../Drivers/STM32H7xx_HAL_Driver/Src/stm32h7xx_hal_dma_ex.c 0x00000000   Number         0  stm32h7xx_hal_dma_ex.o ABSOLUTE
    ../Drivers/STM32H7xx_HAL_Driver/Src/stm32h7xx_hal_exti.c 0x00000000   Number         0  stm32h7xx_hal_exti.o ABSOLUTE
    ../Drivers/STM32H7xx_HAL_Driver/Src/stm32h7xx_hal_flash.c 0x00000000   Number         0  stm32h7xx_hal_flash.o ABSOLUTE
    ../Drivers/STM32H7xx_HAL_Driver/Src/stm32h7xx_hal_flash_ex.c 0x00000000   Number         0  stm32h7xx_hal_flash_ex.o ABSOLUTE
    ../Drivers/STM32H7xx_HAL_Driver/Src/stm32h7xx_hal_gpio.c 0x00000000   Number         0  stm32h7xx_hal_gpio.o ABSOLUTE
    ../Drivers/STM32H7xx_HAL_Driver/Src/stm32h7xx_hal_hsem.c 0x00000000   Number         0  stm32h7xx_hal_hsem.o ABSOLUTE
    ../Drivers/STM32H7xx_HAL_Driver/Src/stm32h7xx_hal_i2c.c 0x00000000   Number         0  stm32h7xx_hal_i2c.o ABSOLUTE
    ../Drivers/STM32H7xx_HAL_Driver/Src/stm32h7xx_hal_i2c_ex.c 0x00000000   Number         0  stm32h7xx_hal_i2c_ex.o ABSOLUTE
    ../Drivers/STM32H7xx_HAL_Driver/Src/stm32h7xx_hal_mdma.c 0x00000000   Number         0  stm32h7xx_hal_mdma.o ABSOLUTE
    ../Drivers/STM32H7xx_HAL_Driver/Src/stm32h7xx_hal_pwr.c 0x00000000   Number         0  stm32h7xx_hal_pwr.o ABSOLUTE
    ../Drivers/STM32H7xx_HAL_Driver/Src/stm32h7xx_hal_pwr_ex.c 0x00000000   Number         0  stm32h7xx_hal_pwr_ex.o ABSOLUTE
    ../Drivers/STM32H7xx_HAL_Driver/Src/stm32h7xx_hal_rcc.c 0x00000000   Number         0  stm32h7xx_hal_rcc.o ABSOLUTE
    ../Drivers/STM32H7xx_HAL_Driver/Src/stm32h7xx_hal_rcc_ex.c 0x00000000   Number         0  stm32h7xx_hal_rcc_ex.o ABSOLUTE
    ../Drivers/STM32H7xx_HAL_Driver/Src/stm32h7xx_hal_spi.c 0x00000000   Number         0  stm32h7xx_hal_spi.o ABSOLUTE
    ../Drivers/STM32H7xx_HAL_Driver/Src/stm32h7xx_hal_spi_ex.c 0x00000000   Number         0  stm32h7xx_hal_spi_ex.o ABSOLUTE
    ../Drivers/STM32H7xx_HAL_Driver/Src/stm32h7xx_hal_tim.c 0x00000000   Number         0  stm32h7xx_hal_tim.o ABSOLUTE
    ../Drivers/STM32H7xx_HAL_Driver/Src/stm32h7xx_hal_tim_ex.c 0x00000000   Number         0  stm32h7xx_hal_tim_ex.o ABSOLUTE
    ../Drivers/STM32H7xx_HAL_Driver/Src/stm32h7xx_hal_uart.c 0x00000000   Number         0  stm32h7xx_hal_uart.o ABSOLUTE
    ../Drivers/STM32H7xx_HAL_Driver/Src/stm32h7xx_hal_uart_ex.c 0x00000000   Number         0  stm32h7xx_hal_uart_ex.o ABSOLUTE
    ../clib/microlib/division.c              0x00000000   Number         0  uldiv.o ABSOLUTE
    ../clib/microlib/division.c              0x00000000   Number         0  uidiv.o ABSOLUTE
    ../clib/microlib/init/entry.s            0x00000000   Number         0  entry8b.o ABSOLUTE
    ../clib/microlib/init/entry.s            0x00000000   Number         0  entry8a.o ABSOLUTE
    ../clib/microlib/init/entry.s            0x00000000   Number         0  entry7b.o ABSOLUTE
    ../clib/microlib/init/entry.s            0x00000000   Number         0  entry11b.o ABSOLUTE
    ../clib/microlib/init/entry.s            0x00000000   Number         0  entry.o ABSOLUTE
    ../clib/microlib/init/entry.s            0x00000000   Number         0  entry7a.o ABSOLUTE
    ../clib/microlib/init/entry.s            0x00000000   Number         0  entry11a.o ABSOLUTE
    ../clib/microlib/init/entry.s            0x00000000   Number         0  entry10b.o ABSOLUTE
    ../clib/microlib/init/entry.s            0x00000000   Number         0  entry10a.o ABSOLUTE
    ../clib/microlib/init/entry.s            0x00000000   Number         0  entry9b.o ABSOLUTE
    ../clib/microlib/init/entry.s            0x00000000   Number         0  entry2.o ABSOLUTE
    ../clib/microlib/init/entry.s            0x00000000   Number         0  entry9a.o ABSOLUTE
    ../clib/microlib/init/entry.s            0x00000000   Number         0  entry5.o ABSOLUTE
    ../clib/microlib/longlong.c              0x00000000   Number         0  llushr.o ABSOLUTE
    ../clib/microlib/longlong.c              0x00000000   Number         0  llsshr.o ABSOLUTE
    ../clib/microlib/longlong.c              0x00000000   Number         0  llshl.o ABSOLUTE
    ../clib/microlib/printf/printf.c         0x00000000   Number         0  printf0.o ABSOLUTE
    ../clib/microlib/printf/printf.c         0x00000000   Number         0  printf6.o ABSOLUTE
    ../clib/microlib/printf/printf.c         0x00000000   Number         0  printf1.o ABSOLUTE
    ../clib/microlib/printf/printf.c         0x00000000   Number         0  printf2.o ABSOLUTE
    ../clib/microlib/printf/printf.c         0x00000000   Number         0  printf4.o ABSOLUTE
    ../clib/microlib/printf/printf.c         0x00000000   Number         0  printfb.o ABSOLUTE
    ../clib/microlib/printf/printf.c         0x00000000   Number         0  printf8.o ABSOLUTE
    ../clib/microlib/printf/printf.c         0x00000000   Number         0  printf5.o ABSOLUTE
    ../clib/microlib/printf/printf.c         0x00000000   Number         0  printfa.o ABSOLUTE
    ../clib/microlib/printf/printf.c         0x00000000   Number         0  printf3.o ABSOLUTE
    ../clib/microlib/printf/printf.c         0x00000000   Number         0  printf7.o ABSOLUTE
    ../clib/microlib/printf/stubs.s          0x00000000   Number         0  stubs.o ABSOLUTE
    ../clib/microlib/stdio/streams.c         0x00000000   Number         0  stdout.o ABSOLUTE
    ../clib/microlib/string/memset.c         0x00000000   Number         0  memseta.o ABSOLUTE
    ../clib/microlib/stubs.s                 0x00000000   Number         0  iusefp.o ABSOLUTE
    ../fplib/microlib/fpadd.c                0x00000000   Number         0  dadd.o ABSOLUTE
    ../fplib/microlib/fpdiv.c                0x00000000   Number         0  ddiv.o ABSOLUTE
    ../fplib/microlib/fpepilogue.c           0x00000000   Number         0  depilogue.o ABSOLUTE
    ../fplib/microlib/fpfix.c                0x00000000   Number         0  dfixul.o ABSOLUTE
    ../fplib/microlib/fpmul.c                0x00000000   Number         0  dmul.o ABSOLUTE
    ..\Core\Src\dcmi.c                       0x00000000   Number         0  dcmi.o ABSOLUTE
    ..\Core\Src\dma.c                        0x00000000   Number         0  dma.o ABSOLUTE
    ..\Core\Src\gpio.c                       0x00000000   Number         0  gpio.o ABSOLUTE
    ..\Core\Src\main.c                       0x00000000   Number         0  main.o ABSOLUTE
    ..\Core\Src\spi.c                        0x00000000   Number         0  spi.o ABSOLUTE
    ..\Core\Src\stm32h7xx_hal_msp.c          0x00000000   Number         0  stm32h7xx_hal_msp.o ABSOLUTE
    ..\Core\Src\stm32h7xx_it.c               0x00000000   Number         0  stm32h7xx_it.o ABSOLUTE
    ..\Core\Src\system_stm32h7xx.c           0x00000000   Number         0  system_stm32h7xx.o ABSOLUTE
    ..\Core\Src\usart.c                      0x00000000   Number         0  usart.o ABSOLUTE
    ..\Drivers\STM32H7xx_HAL_Driver\Src\stm32h7xx_hal.c 0x00000000   Number         0  stm32h7xx_hal.o ABSOLUTE
    ..\Drivers\STM32H7xx_HAL_Driver\Src\stm32h7xx_hal_cortex.c 0x00000000   Number         0  stm32h7xx_hal_cortex.o ABSOLUTE
    ..\Drivers\STM32H7xx_HAL_Driver\Src\stm32h7xx_hal_dcmi.c 0x00000000   Number         0  stm32h7xx_hal_dcmi.o ABSOLUTE
    ..\Drivers\STM32H7xx_HAL_Driver\Src\stm32h7xx_hal_dma.c 0x00000000   Number         0  stm32h7xx_hal_dma.o ABSOLUTE
    ..\Drivers\STM32H7xx_HAL_Driver\Src\stm32h7xx_hal_dma_ex.c 0x00000000   Number         0  stm32h7xx_hal_dma_ex.o ABSOLUTE
    ..\Drivers\STM32H7xx_HAL_Driver\Src\stm32h7xx_hal_exti.c 0x00000000   Number         0  stm32h7xx_hal_exti.o ABSOLUTE
    ..\Drivers\STM32H7xx_HAL_Driver\Src\stm32h7xx_hal_flash.c 0x00000000   Number         0  stm32h7xx_hal_flash.o ABSOLUTE
    ..\Drivers\STM32H7xx_HAL_Driver\Src\stm32h7xx_hal_flash_ex.c 0x00000000   Number         0  stm32h7xx_hal_flash_ex.o ABSOLUTE
    ..\Drivers\STM32H7xx_HAL_Driver\Src\stm32h7xx_hal_gpio.c 0x00000000   Number         0  stm32h7xx_hal_gpio.o ABSOLUTE
    ..\Drivers\STM32H7xx_HAL_Driver\Src\stm32h7xx_hal_hsem.c 0x00000000   Number         0  stm32h7xx_hal_hsem.o ABSOLUTE
    ..\Drivers\STM32H7xx_HAL_Driver\Src\stm32h7xx_hal_i2c.c 0x00000000   Number         0  stm32h7xx_hal_i2c.o ABSOLUTE
    ..\Drivers\STM32H7xx_HAL_Driver\Src\stm32h7xx_hal_i2c_ex.c 0x00000000   Number         0  stm32h7xx_hal_i2c_ex.o ABSOLUTE
    ..\Drivers\STM32H7xx_HAL_Driver\Src\stm32h7xx_hal_mdma.c 0x00000000   Number         0  stm32h7xx_hal_mdma.o ABSOLUTE
    ..\Drivers\STM32H7xx_HAL_Driver\Src\stm32h7xx_hal_pwr.c 0x00000000   Number         0  stm32h7xx_hal_pwr.o ABSOLUTE
    ..\Drivers\STM32H7xx_HAL_Driver\Src\stm32h7xx_hal_pwr_ex.c 0x00000000   Number         0  stm32h7xx_hal_pwr_ex.o ABSOLUTE
    ..\Drivers\STM32H7xx_HAL_Driver\Src\stm32h7xx_hal_rcc.c 0x00000000   Number         0  stm32h7xx_hal_rcc.o ABSOLUTE
    ..\Drivers\STM32H7xx_HAL_Driver\Src\stm32h7xx_hal_rcc_ex.c 0x00000000   Number         0  stm32h7xx_hal_rcc_ex.o ABSOLUTE
    ..\Drivers\STM32H7xx_HAL_Driver\Src\stm32h7xx_hal_spi.c 0x00000000   Number         0  stm32h7xx_hal_spi.o ABSOLUTE
    ..\Drivers\STM32H7xx_HAL_Driver\Src\stm32h7xx_hal_spi_ex.c 0x00000000   Number         0  stm32h7xx_hal_spi_ex.o ABSOLUTE
    ..\Drivers\STM32H7xx_HAL_Driver\Src\stm32h7xx_hal_tim.c 0x00000000   Number         0  stm32h7xx_hal_tim.o ABSOLUTE
    ..\Drivers\STM32H7xx_HAL_Driver\Src\stm32h7xx_hal_tim_ex.c 0x00000000   Number         0  stm32h7xx_hal_tim_ex.o ABSOLUTE
    ..\Drivers\STM32H7xx_HAL_Driver\Src\stm32h7xx_hal_uart.c 0x00000000   Number         0  stm32h7xx_hal_uart.o ABSOLUTE
    ..\Drivers\STM32H7xx_HAL_Driver\Src\stm32h7xx_hal_uart_ex.c 0x00000000   Number         0  stm32h7xx_hal_uart_ex.o ABSOLUTE
    ..\User\lcd.c                            0x00000000   Number         0  lcd.o ABSOLUTE
    ..\User\ov5640.c                         0x00000000   Number         0  ov5640.o ABSOLUTE
    ..\User\sccb.c                           0x00000000   Number         0  sccb.o ABSOLUTE
    ..\\User\\lcd.c                          0x00000000   Number         0  lcd.o ABSOLUTE
    ..\\User\\ov5640.c                       0x00000000   Number         0  ov5640.o ABSOLUTE
    ..\\User\\sccb.c                         0x00000000   Number         0  sccb.o ABSOLUTE
    cdrcmple.s                               0x00000000   Number         0  cdrcmple.o ABSOLUTE
    dc.s                                     0x00000000   Number         0  dc.o ABSOLUTE
    handlers.s                               0x00000000   Number         0  handlers.o ABSOLUTE
    init.s                                   0x00000000   Number         0  init.o ABSOLUTE
    startup_stm32h723xx.s                    0x00000000   Number         0  startup_stm32h723xx.o ABSOLUTE
    RESET                                    0x08000000   Section      716  startup_stm32h723xx.o(RESET)
    .ARM.Collect$$$$00000000                 0x080002cc   Section        0  entry.o(.ARM.Collect$$$$00000000)
    .ARM.Collect$$$$00000001                 0x080002cc   Section        4  entry2.o(.ARM.Collect$$$$00000001)
    .ARM.Collect$$$$00000004                 0x080002d0   Section        4  entry5.o(.ARM.Collect$$$$00000004)
    .ARM.Collect$$$$00000008                 0x080002d4   Section        0  entry7b.o(.ARM.Collect$$$$00000008)
    .ARM.Collect$$$$0000000A                 0x080002d4   Section        0  entry8b.o(.ARM.Collect$$$$0000000A)
    .ARM.Collect$$$$0000000B                 0x080002d4   Section        8  entry9a.o(.ARM.Collect$$$$0000000B)
    .ARM.Collect$$$$0000000D                 0x080002dc   Section        0  entry10a.o(.ARM.Collect$$$$0000000D)
    .ARM.Collect$$$$0000000F                 0x080002dc   Section        0  entry11a.o(.ARM.Collect$$$$0000000F)
    .ARM.Collect$$$$00002712                 0x080002dc   Section        4  entry2.o(.ARM.Collect$$$$00002712)
    __lit__00000000                          0x080002dc   Data           4  entry2.o(.ARM.Collect$$$$00002712)
    .text                                    0x080002e0   Section       36  startup_stm32h723xx.o(.text)
    $v0                                      0x080002e0   Number         0  startup_stm32h723xx.o(.text)
    .text                                    0x08000304   Section        0  uldiv.o(.text)
    .text                                    0x08000366   Section        0  memseta.o(.text)
    .text                                    0x0800038a   Section        0  llshl.o(.text)
    .text                                    0x080003a8   Section        0  llushr.o(.text)
    .text                                    0x080003c8   Section       36  init.o(.text)
    i.BusFault_Handler                       0x080003ec   Section        0  stm32h7xx_it.o(i.BusFault_Handler)
    i.DCMI_DMAError                          0x080003ee   Section        0  stm32h7xx_hal_dcmi.o(i.DCMI_DMAError)
    DCMI_DMAError                            0x080003ef   Thumb Code    32  stm32h7xx_hal_dcmi.o(i.DCMI_DMAError)
    i.DCMI_DMAXferCplt                       0x0800040e   Section        0  stm32h7xx_hal_dcmi.o(i.DCMI_DMAXferCplt)
    DCMI_DMAXferCplt                         0x0800040f   Thumb Code   132  stm32h7xx_hal_dcmi.o(i.DCMI_DMAXferCplt)
    i.DCMI_PSSI_IRQHandler                   0x08000494   Section        0  stm32h7xx_it.o(i.DCMI_PSSI_IRQHandler)
    i.DMA1_Stream0_IRQHandler                0x080004a0   Section        0  stm32h7xx_it.o(i.DMA1_Stream0_IRQHandler)
    i.DMA1_Stream1_IRQHandler                0x080004ac   Section        0  stm32h7xx_it.o(i.DMA1_Stream1_IRQHandler)
    i.DMA_CalcBaseAndBitshift                0x080004b8   Section        0  stm32h7xx_hal_dma.o(i.DMA_CalcBaseAndBitshift)
    DMA_CalcBaseAndBitshift                  0x080004b9   Thumb Code   168  stm32h7xx_hal_dma.o(i.DMA_CalcBaseAndBitshift)
    i.DMA_CalcDMAMUXChannelBaseAndMask       0x0800056c   Section        0  stm32h7xx_hal_dma.o(i.DMA_CalcDMAMUXChannelBaseAndMask)
    DMA_CalcDMAMUXChannelBaseAndMask         0x0800056d   Thumb Code   138  stm32h7xx_hal_dma.o(i.DMA_CalcDMAMUXChannelBaseAndMask)
    i.DMA_CalcDMAMUXRequestGenBaseAndMask    0x08000608   Section        0  stm32h7xx_hal_dma.o(i.DMA_CalcDMAMUXRequestGenBaseAndMask)
    DMA_CalcDMAMUXRequestGenBaseAndMask      0x08000609   Thumb Code   104  stm32h7xx_hal_dma.o(i.DMA_CalcDMAMUXRequestGenBaseAndMask)
    i.DMA_CheckFifoParam                     0x0800067c   Section        0  stm32h7xx_hal_dma.o(i.DMA_CheckFifoParam)
    DMA_CheckFifoParam                       0x0800067d   Thumb Code    84  stm32h7xx_hal_dma.o(i.DMA_CheckFifoParam)
    i.DMA_MultiBufferSetConfig               0x080006d0   Section        0  stm32h7xx_hal_dma_ex.o(i.DMA_MultiBufferSetConfig)
    DMA_MultiBufferSetConfig                 0x080006d1   Thumb Code   150  stm32h7xx_hal_dma_ex.o(i.DMA_MultiBufferSetConfig)
    i.DMA_SetConfig                          0x08000770   Section        0  stm32h7xx_hal_dma.o(i.DMA_SetConfig)
    DMA_SetConfig                            0x08000771   Thumb Code   518  stm32h7xx_hal_dma.o(i.DMA_SetConfig)
    i.DebugMon_Handler                       0x08000990   Section        0  stm32h7xx_it.o(i.DebugMon_Handler)
    i.Error_Handler                          0x08000992   Section        0  main.o(i.Error_Handler)
    i.HAL_DCMI_ErrorCallback                 0x08000996   Section        0  ov5640.o(i.HAL_DCMI_ErrorCallback)
    i.HAL_DCMI_FrameEventCallback            0x08000998   Section        0  ov5640.o(i.HAL_DCMI_FrameEventCallback)
    i.HAL_DCMI_IRQHandler                    0x080009c8   Section        0  stm32h7xx_hal_dcmi.o(i.HAL_DCMI_IRQHandler)
    i.HAL_DCMI_Init                          0x08000a64   Section        0  stm32h7xx_hal_dcmi.o(i.HAL_DCMI_Init)
    i.HAL_DCMI_LineEventCallback             0x08000b00   Section        0  stm32h7xx_hal_dcmi.o(i.HAL_DCMI_LineEventCallback)
    i.HAL_DCMI_MspInit                       0x08000b04   Section        0  dcmi.o(i.HAL_DCMI_MspInit)
    i.HAL_DCMI_Start_DMA                     0x08000c50   Section        0  stm32h7xx_hal_dcmi.o(i.HAL_DCMI_Start_DMA)
    i.HAL_DCMI_VsyncEventCallback            0x08000d3c   Section        0  stm32h7xx_hal_dcmi.o(i.HAL_DCMI_VsyncEventCallback)
    i.HAL_DMAEx_ChangeMemory                 0x08000d40   Section        0  stm32h7xx_hal_dma_ex.o(i.HAL_DMAEx_ChangeMemory)
    i.HAL_DMAEx_MultiBufferStart_IT          0x08000dd0   Section        0  stm32h7xx_hal_dma_ex.o(i.HAL_DMAEx_MultiBufferStart_IT)
    i.HAL_DMA_Abort_IT                       0x08001238   Section        0  stm32h7xx_hal_dma.o(i.HAL_DMA_Abort_IT)
    i.HAL_DMA_IRQHandler                     0x080014bc   Section        0  stm32h7xx_hal_dma.o(i.HAL_DMA_IRQHandler)
    i.HAL_DMA_Init                           0x08001ba4   Section        0  stm32h7xx_hal_dma.o(i.HAL_DMA_Init)
    i.HAL_DMA_Start_IT                       0x08001f60   Section        0  stm32h7xx_hal_dma.o(i.HAL_DMA_Start_IT)
    i.HAL_Delay                              0x080021fc   Section        0  stm32h7xx_hal.o(i.HAL_Delay)
    i.HAL_GPIO_Init                          0x08002220   Section        0  stm32h7xx_hal_gpio.o(i.HAL_GPIO_Init)
    i.HAL_GPIO_ReadPin                       0x0800243c   Section        0  stm32h7xx_hal_gpio.o(i.HAL_GPIO_ReadPin)
    i.HAL_GPIO_WritePin                      0x08002446   Section        0  stm32h7xx_hal_gpio.o(i.HAL_GPIO_WritePin)
    i.HAL_GetTick                            0x08002450   Section        0  stm32h7xx_hal.o(i.HAL_GetTick)
    i.HAL_IncTick                            0x0800245c   Section        0  stm32h7xx_hal.o(i.HAL_IncTick)
    i.HAL_Init                               0x0800246c   Section        0  stm32h7xx_hal.o(i.HAL_Init)
    i.HAL_InitTick                           0x080024c8   Section        0  stm32h7xx_hal.o(i.HAL_InitTick)
    i.HAL_MspInit                            0x08002508   Section        0  stm32h7xx_hal_msp.o(i.HAL_MspInit)
    i.HAL_NVIC_EnableIRQ                     0x08002524   Section        0  stm32h7xx_hal_cortex.o(i.HAL_NVIC_EnableIRQ)
    i.HAL_NVIC_SetPriority                   0x08002540   Section        0  stm32h7xx_hal_cortex.o(i.HAL_NVIC_SetPriority)
    i.HAL_NVIC_SetPriorityGrouping           0x08002580   Section        0  stm32h7xx_hal_cortex.o(i.HAL_NVIC_SetPriorityGrouping)
    i.HAL_PWREx_ConfigSupply                 0x080025a4   Section        0  stm32h7xx_hal_pwr_ex.o(i.HAL_PWREx_ConfigSupply)
    i.HAL_RCCEx_GetD3PCLK1Freq               0x080025f8   Section        0  stm32h7xx_hal_rcc_ex.o(i.HAL_RCCEx_GetD3PCLK1Freq)
    i.HAL_RCCEx_GetPLL2ClockFreq             0x0800261c   Section        0  stm32h7xx_hal_rcc_ex.o(i.HAL_RCCEx_GetPLL2ClockFreq)
    i.HAL_RCCEx_GetPLL3ClockFreq             0x08002760   Section        0  stm32h7xx_hal_rcc_ex.o(i.HAL_RCCEx_GetPLL3ClockFreq)
    i.HAL_RCCEx_PeriphCLKConfig              0x080028a4   Section        0  stm32h7xx_hal_rcc_ex.o(i.HAL_RCCEx_PeriphCLKConfig)
    i.HAL_RCC_ClockConfig                    0x080031e0   Section        0  stm32h7xx_hal_rcc.o(i.HAL_RCC_ClockConfig)
    i.HAL_RCC_GetHCLKFreq                    0x0800343c   Section        0  stm32h7xx_hal_rcc.o(i.HAL_RCC_GetHCLKFreq)
    i.HAL_RCC_GetPCLK1Freq                   0x08003480   Section        0  stm32h7xx_hal_rcc.o(i.HAL_RCC_GetPCLK1Freq)
    i.HAL_RCC_GetPCLK2Freq                   0x080034a4   Section        0  stm32h7xx_hal_rcc.o(i.HAL_RCC_GetPCLK2Freq)
    i.HAL_RCC_GetSysClockFreq                0x080034c8   Section        0  stm32h7xx_hal_rcc.o(i.HAL_RCC_GetSysClockFreq)
    i.HAL_RCC_MCOConfig                      0x08003600   Section        0  stm32h7xx_hal_rcc.o(i.HAL_RCC_MCOConfig)
    i.HAL_RCC_OscConfig                      0x08003694   Section        0  stm32h7xx_hal_rcc.o(i.HAL_RCC_OscConfig)
    i.HAL_SPI_Init                           0x08003bbc   Section        0  stm32h7xx_hal_spi.o(i.HAL_SPI_Init)
    i.HAL_SPI_MspInit                        0x08003d38   Section        0  spi.o(i.HAL_SPI_MspInit)
    i.HAL_SPI_Transmit                       0x08003de4   Section        0  stm32h7xx_hal_spi.o(i.HAL_SPI_Transmit)
    i.HAL_SYSTICK_Config                     0x08004032   Section        0  stm32h7xx_hal_cortex.o(i.HAL_SYSTICK_Config)
    i.HAL_UARTEx_DisableFifoMode             0x08004058   Section        0  stm32h7xx_hal_uart_ex.o(i.HAL_UARTEx_DisableFifoMode)
    i.HAL_UARTEx_SetRxFifoThreshold          0x08004098   Section        0  stm32h7xx_hal_uart_ex.o(i.HAL_UARTEx_SetRxFifoThreshold)
    i.HAL_UARTEx_SetTxFifoThreshold          0x080040e4   Section        0  stm32h7xx_hal_uart_ex.o(i.HAL_UARTEx_SetTxFifoThreshold)
    i.HAL_UART_Init                          0x08004130   Section        0  stm32h7xx_hal_uart.o(i.HAL_UART_Init)
    i.HAL_UART_MspInit                       0x0800419c   Section        0  usart.o(i.HAL_UART_MspInit)
    i.HAL_UART_Transmit                      0x08004258   Section        0  stm32h7xx_hal_uart.o(i.HAL_UART_Transmit)
    i.HardFault_Handler                      0x08004308   Section        0  stm32h7xx_it.o(i.HardFault_Handler)
    i.LCD_Address_Set                        0x0800430a   Section        0  lcd.o(i.LCD_Address_Set)
    i.LCD_Fill                               0x08004348   Section        0  lcd.o(i.LCD_Fill)
    i.LCD_Init                               0x08004388   Section        0  lcd.o(i.LCD_Init)
    i.LCD_ShowPicture                        0x0800452c   Section        0  lcd.o(i.LCD_ShowPicture)
    i.LCD_WR_DATA                            0x0800457c   Section        0  lcd.o(i.LCD_WR_DATA)
    i.LCD_WR_REG                             0x08004590   Section        0  lcd.o(i.LCD_WR_REG)
    i.LCD_Writ_Bus                           0x080045bc   Section        0  lcd.o(i.LCD_Writ_Bus)
    i.MX_DCMI_Init                           0x080045f0   Section        0  dcmi.o(i.MX_DCMI_Init)
    i.MX_DMA_Init                            0x08004630   Section        0  dma.o(i.MX_DMA_Init)
    i.MX_GPIO_Init                           0x0800466c   Section        0  gpio.o(i.MX_GPIO_Init)
    i.MX_SPI1_Init                           0x080047c4   Section        0  spi.o(i.MX_SPI1_Init)
    i.MX_USART1_UART_Init                    0x08004824   Section        0  usart.o(i.MX_USART1_UART_Init)
    i.MemManage_Handler                      0x0800488c   Section        0  stm32h7xx_it.o(i.MemManage_Handler)
    i.NMI_Handler                            0x0800488e   Section        0  stm32h7xx_it.o(i.NMI_Handler)
    i.PendSV_Handler                         0x08004890   Section        0  stm32h7xx_it.o(i.PendSV_Handler)
    i.RCCEx_PLL2_Config                      0x08004894   Section        0  stm32h7xx_hal_rcc_ex.o(i.RCCEx_PLL2_Config)
    RCCEx_PLL2_Config                        0x08004895   Thumb Code   284  stm32h7xx_hal_rcc_ex.o(i.RCCEx_PLL2_Config)
    i.RCCEx_PLL3_Config                      0x080049b4   Section        0  stm32h7xx_hal_rcc_ex.o(i.RCCEx_PLL3_Config)
    RCCEx_PLL3_Config                        0x080049b5   Thumb Code   284  stm32h7xx_hal_rcc_ex.o(i.RCCEx_PLL3_Config)
    i.SPI_CloseTransfer                      0x08004ad4   Section        0  stm32h7xx_hal_spi.o(i.SPI_CloseTransfer)
    SPI_CloseTransfer                        0x08004ad5   Thumb Code   188  stm32h7xx_hal_spi.o(i.SPI_CloseTransfer)
    i.SPI_WaitOnFlagUntilTimeout             0x08004b90   Section        0  stm32h7xx_hal_spi.o(i.SPI_WaitOnFlagUntilTimeout)
    SPI_WaitOnFlagUntilTimeout               0x08004b91   Thumb Code    70  stm32h7xx_hal_spi.o(i.SPI_WaitOnFlagUntilTimeout)
    i.SVC_Handler                            0x08004bd6   Section        0  stm32h7xx_it.o(i.SVC_Handler)
    i.SysTick_Handler                        0x08004bd8   Section        0  stm32h7xx_it.o(i.SysTick_Handler)
    i.SystemClock_Config                     0x08004bdc   Section        0  main.o(i.SystemClock_Config)
    i.SystemInit                             0x08004c7c   Section        0  system_stm32h7xx.o(i.SystemInit)
    i.UARTEx_SetNbDataToProcess              0x08004d3c   Section        0  stm32h7xx_hal_uart_ex.o(i.UARTEx_SetNbDataToProcess)
    UARTEx_SetNbDataToProcess                0x08004d3d   Thumb Code    62  stm32h7xx_hal_uart_ex.o(i.UARTEx_SetNbDataToProcess)
    i.UART_AdvFeatureConfig                  0x08004d80   Section        0  stm32h7xx_hal_uart.o(i.UART_AdvFeatureConfig)
    i.UART_CheckIdleState                    0x08004e48   Section        0  stm32h7xx_hal_uart.o(i.UART_CheckIdleState)
    i.UART_EndRxTransfer                     0x08004ef4   Section        0  stm32h7xx_hal_uart.o(i.UART_EndRxTransfer)
    UART_EndRxTransfer                       0x08004ef5   Thumb Code    78  stm32h7xx_hal_uart.o(i.UART_EndRxTransfer)
    i.UART_SetConfig                         0x08004f48   Section        0  stm32h7xx_hal_uart.o(i.UART_SetConfig)
    i.UART_WaitOnFlagUntilTimeout            0x08005324   Section        0  stm32h7xx_hal_uart.o(i.UART_WaitOnFlagUntilTimeout)
    i.UsageFault_Handler                     0x080053b0   Section        0  stm32h7xx_it.o(i.UsageFault_Handler)
    i.__0printf$5                            0x080053b4   Section        0  printf5.o(i.__0printf$5)
    i.__NVIC_SetPriority                     0x080053d4   Section        0  stm32h7xx_hal_cortex.o(i.__NVIC_SetPriority)
    __NVIC_SetPriority                       0x080053d5   Thumb Code    34  stm32h7xx_hal_cortex.o(i.__NVIC_SetPriority)
    i.__scatterload_copy                     0x080053f6   Section       14  handlers.o(i.__scatterload_copy)
    i.__scatterload_null                     0x08005404   Section        2  handlers.o(i.__scatterload_null)
    i.__scatterload_zeroinit                 0x08005406   Section       14  handlers.o(i.__scatterload_zeroinit)
    i._printf_core                           0x08005414   Section        0  printf5.o(i._printf_core)
    _printf_core                             0x08005415   Thumb Code   658  printf5.o(i._printf_core)
    i.fputc                                  0x080056d4   Section        0  usart.o(i.fputc)
    i.main                                   0x080056ec   Section        0  main.o(i.main)
    i.ov5640_af_download_firmware            0x080057e0   Section        0  ov5640.o(i.ov5640_af_download_firmware)
    i.ov5640_af_trigger_constant             0x08005894   Section        0  ov5640.o(i.ov5640_af_trigger_constant)
    i.ov5640_init                            0x080058a0   Section        0  ov5640.o(i.ov5640_init)
    i.ov5640_para_set                        0x0800590c   Section        0  ov5640.o(i.ov5640_para_set)
    i.ov5640_read_id                         0x08005934   Section        0  ov5640.o(i.ov5640_read_id)
    i.ov5640_reset                           0x08005950   Section        0  ov5640.o(i.ov5640_reset)
    i.ov5640_send_continuous                 0x080059b0   Section        0  ov5640.o(i.ov5640_send_continuous)
    i.ov5640_set_framesize                   0x080059dc   Section        0  ov5640.o(i.ov5640_set_framesize)
    i.sccb_ack                               0x08005a2c   Section        0  sccb.o(i.sccb_ack)
    i.sccb_delay                             0x08005a80   Section        0  sccb.o(i.sccb_delay)
    i.sccb_init                              0x08005aa8   Section        0  sccb.o(i.sccb_init)
    i.sccb_nack                              0x08005b24   Section        0  sccb.o(i.sccb_nack)
    i.sccb_read_byte                         0x08005b6c   Section        0  sccb.o(i.sccb_read_byte)
    i.sccb_read_reg_16bit                    0x08005bd4   Section        0  sccb.o(i.sccb_read_reg_16bit)
    i.sccb_send_byte                         0x08005c08   Section        0  sccb.o(i.sccb_send_byte)
    i.sccb_start                             0x08005c70   Section        0  sccb.o(i.sccb_start)
    i.sccb_stop                              0x08005cb4   Section        0  sccb.o(i.sccb_stop)
    i.sccb_wait_ack                          0x08005d00   Section        0  sccb.o(i.sccb_wait_ack)
    i.sccb_write_buf_16bit                   0x08005d54   Section        0  sccb.o(i.sccb_write_buf_16bit)
    i.sccb_write_handle_16Bit                0x08005d82   Section        0  sccb.o(i.sccb_write_handle_16Bit)
    i.sccb_write_reg_16bit                   0x08005da8   Section        0  sccb.o(i.sccb_write_reg_16bit)
    .constdata                               0x08005dc8   Section        8  stm32h7xx_hal_dma.o(.constdata)
    flagBitshiftOffset                       0x08005dc8   Data           8  stm32h7xx_hal_dma.o(.constdata)
    .constdata                               0x08005dd0   Section       24  stm32h7xx_hal_uart.o(.constdata)
    .constdata                               0x08005de8   Section       16  stm32h7xx_hal_uart_ex.o(.constdata)
    numerator                                0x08005de8   Data           8  stm32h7xx_hal_uart_ex.o(.constdata)
    denominator                              0x08005df0   Data           8  stm32h7xx_hal_uart_ex.o(.constdata)
    .constdata                               0x08005df8   Section       16  system_stm32h7xx.o(.constdata)
    .constdata                               0x08005e08   Section     5141  ov5640.o(.constdata)
    .data                                    0x20000000   Section       12  stm32h7xx_hal.o(.data)
    .data                                    0x2000000c   Section        8  system_stm32h7xx.o(.data)
    .data                                    0x20000014   Section        8  ov5640.o(.data)
    dcmi_frame_cnt                           0x20000015   Data           1  ov5640.o(.data)
    dcmi_tick                                0x20000018   Data           4  ov5640.o(.data)
    .data                                    0x2000001c   Section        4  stdout.o(.data)
    .bss                                     0x20000020   Section      200  dcmi.o(.bss)
    .bss                                     0x200000e8   Section      136  spi.o(.bss)
    .bss                                     0x20000170   Section      268  usart.o(.bss)
    STACK                                    0x20000280   Section     1024  startup_stm32h723xx.o(STACK)

    Global Symbols

    Symbol Name                              Value     Ov Type        Size  Object(Section)

    BuildAttributes$$THM_ISAv4$E$P$D$K$B$S$7EM$VFPv5_D16$PE$PLD8$A:L22UL41UL21$X:L11$S22US41US21$IEEE1$IW$USESV6$~STKCKD$USESV7$~SHL$OSPACE$ROPI$EBA8$MICROLIB$REQ8$PRES8$EABIv2 0x00000000   Number         0  anon$$obj.o ABSOLUTE
    __ARM_use_no_argv                        0x00000000   Number         0  main.o ABSOLUTE
    _printf_a                                0x00000000   Number         0  stubs.o ABSOLUTE
    _printf_c                                0x00000000   Number         0  stubs.o ABSOLUTE
    _printf_charcount                        0x00000000   Number         0  stubs.o ABSOLUTE
    _printf_d                                0x00000000   Number         0  stubs.o ABSOLUTE
    _printf_e                                0x00000000   Number         0  stubs.o ABSOLUTE
    _printf_f                                0x00000000   Number         0  stubs.o ABSOLUTE
    _printf_flags                            0x00000000   Number         0  stubs.o ABSOLUTE
    _printf_fp_dec                           0x00000000   Number         0  stubs.o ABSOLUTE
    _printf_fp_hex                           0x00000000   Number         0  stubs.o ABSOLUTE
    _printf_g                                0x00000000   Number         0  stubs.o ABSOLUTE
    _printf_i                                0x00000000   Number         0  stubs.o ABSOLUTE
    _printf_int_dec                          0x00000000   Number         0  stubs.o ABSOLUTE
    _printf_l                                0x00000000   Number         0  stubs.o ABSOLUTE
    _printf_lc                               0x00000000   Number         0  stubs.o ABSOLUTE
    _printf_ll                               0x00000000   Number         0  stubs.o ABSOLUTE
    _printf_lld                              0x00000000   Number         0  stubs.o ABSOLUTE
    _printf_lli                              0x00000000   Number         0  stubs.o ABSOLUTE
    _printf_llo                              0x00000000   Number         0  stubs.o ABSOLUTE
    _printf_llu                              0x00000000   Number         0  stubs.o ABSOLUTE
    _printf_llx                              0x00000000   Number         0  stubs.o ABSOLUTE
    _printf_longlong_dec                     0x00000000   Number         0  stubs.o ABSOLUTE
    _printf_longlong_hex                     0x00000000   Number         0  stubs.o ABSOLUTE
    _printf_longlong_oct                     0x00000000   Number         0  stubs.o ABSOLUTE
    _printf_ls                               0x00000000   Number         0  stubs.o ABSOLUTE
    _printf_mbtowc                           0x00000000   Number         0  stubs.o ABSOLUTE
    _printf_n                                0x00000000   Number         0  stubs.o ABSOLUTE
    _printf_o                                0x00000000   Number         0  stubs.o ABSOLUTE
    _printf_p                                0x00000000   Number         0  stubs.o ABSOLUTE
    _printf_percent                          0x00000000   Number         0  stubs.o ABSOLUTE
    _printf_pre_padding                      0x00000000   Number         0  stubs.o ABSOLUTE
    _printf_return_value                     0x00000000   Number         0  stubs.o ABSOLUTE
    _printf_s                                0x00000000   Number         0  stubs.o ABSOLUTE
    _printf_sizespec                         0x00000000   Number         0  stubs.o ABSOLUTE
    _printf_str                              0x00000000   Number         0  stubs.o ABSOLUTE
    _printf_truncate_signed                  0x00000000   Number         0  stubs.o ABSOLUTE
    _printf_truncate_unsigned                0x00000000   Number         0  stubs.o ABSOLUTE
    _printf_u                                0x00000000   Number         0  stubs.o ABSOLUTE
    _printf_wc                               0x00000000   Number         0  stubs.o ABSOLUTE
    _printf_wctomb                           0x00000000   Number         0  stubs.o ABSOLUTE
    _printf_widthprec                        0x00000000   Number         0  stubs.o ABSOLUTE
    _printf_x                                0x00000000   Number         0  stubs.o ABSOLUTE
    __cpp_initialize__aeabi_                  - Undefined Weak Reference
    __cxa_finalize                            - Undefined Weak Reference
    __decompress                              - Undefined Weak Reference
    _clock_init                               - Undefined Weak Reference
    _microlib_exit                            - Undefined Weak Reference
    __Vectors_Size                           0x000002cc   Number         0  startup_stm32h723xx.o ABSOLUTE
    __Vectors                                0x08000000   Data           4  startup_stm32h723xx.o(RESET)
    __Vectors_End                            0x080002cc   Data           0  startup_stm32h723xx.o(RESET)
    __main                                   0x080002cd   Thumb Code     0  entry.o(.ARM.Collect$$$$00000000)
    _main_stk                                0x080002cd   Thumb Code     0  entry2.o(.ARM.Collect$$$$00000001)
    _main_scatterload                        0x080002d1   Thumb Code     0  entry5.o(.ARM.Collect$$$$00000004)
    __main_after_scatterload                 0x080002d5   Thumb Code     0  entry5.o(.ARM.Collect$$$$00000004)
    _main_clock                              0x080002d5   Thumb Code     0  entry7b.o(.ARM.Collect$$$$00000008)
    _main_cpp_init                           0x080002d5   Thumb Code     0  entry8b.o(.ARM.Collect$$$$0000000A)
    _main_init                               0x080002d5   Thumb Code     0  entry9a.o(.ARM.Collect$$$$0000000B)
    __rt_final_cpp                           0x080002dd   Thumb Code     0  entry10a.o(.ARM.Collect$$$$0000000D)
    __rt_final_exit                          0x080002dd   Thumb Code     0  entry11a.o(.ARM.Collect$$$$0000000F)
    Reset_Handler                            0x080002e1   Thumb Code     8  startup_stm32h723xx.o(.text)
    ADC3_IRQHandler                          0x080002fb   Thumb Code     0  startup_stm32h723xx.o(.text)
    ADC_IRQHandler                           0x080002fb   Thumb Code     0  startup_stm32h723xx.o(.text)
    BDMA_Channel0_IRQHandler                 0x080002fb   Thumb Code     0  startup_stm32h723xx.o(.text)
    BDMA_Channel1_IRQHandler                 0x080002fb   Thumb Code     0  startup_stm32h723xx.o(.text)
    BDMA_Channel2_IRQHandler                 0x080002fb   Thumb Code     0  startup_stm32h723xx.o(.text)
    BDMA_Channel3_IRQHandler                 0x080002fb   Thumb Code     0  startup_stm32h723xx.o(.text)
    BDMA_Channel4_IRQHandler                 0x080002fb   Thumb Code     0  startup_stm32h723xx.o(.text)
    BDMA_Channel5_IRQHandler                 0x080002fb   Thumb Code     0  startup_stm32h723xx.o(.text)
    BDMA_Channel6_IRQHandler                 0x080002fb   Thumb Code     0  startup_stm32h723xx.o(.text)
    BDMA_Channel7_IRQHandler                 0x080002fb   Thumb Code     0  startup_stm32h723xx.o(.text)
    CEC_IRQHandler                           0x080002fb   Thumb Code     0  startup_stm32h723xx.o(.text)
    COMP1_IRQHandler                         0x080002fb   Thumb Code     0  startup_stm32h723xx.o(.text)
    CORDIC_IRQHandler                        0x080002fb   Thumb Code     0  startup_stm32h723xx.o(.text)
    CRS_IRQHandler                           0x080002fb   Thumb Code     0  startup_stm32h723xx.o(.text)
    DFSDM1_FLT0_IRQHandler                   0x080002fb   Thumb Code     0  startup_stm32h723xx.o(.text)
    DFSDM1_FLT1_IRQHandler                   0x080002fb   Thumb Code     0  startup_stm32h723xx.o(.text)
    DFSDM1_FLT2_IRQHandler                   0x080002fb   Thumb Code     0  startup_stm32h723xx.o(.text)
    DFSDM1_FLT3_IRQHandler                   0x080002fb   Thumb Code     0  startup_stm32h723xx.o(.text)
    DMA1_Stream2_IRQHandler                  0x080002fb   Thumb Code     0  startup_stm32h723xx.o(.text)
    DMA1_Stream3_IRQHandler                  0x080002fb   Thumb Code     0  startup_stm32h723xx.o(.text)
    DMA1_Stream4_IRQHandler                  0x080002fb   Thumb Code     0  startup_stm32h723xx.o(.text)
    DMA1_Stream5_IRQHandler                  0x080002fb   Thumb Code     0  startup_stm32h723xx.o(.text)
    DMA1_Stream6_IRQHandler                  0x080002fb   Thumb Code     0  startup_stm32h723xx.o(.text)
    DMA1_Stream7_IRQHandler                  0x080002fb   Thumb Code     0  startup_stm32h723xx.o(.text)
    DMA2D_IRQHandler                         0x080002fb   Thumb Code     0  startup_stm32h723xx.o(.text)
    DMA2_Stream0_IRQHandler                  0x080002fb   Thumb Code     0  startup_stm32h723xx.o(.text)
    DMA2_Stream1_IRQHandler                  0x080002fb   Thumb Code     0  startup_stm32h723xx.o(.text)
    DMA2_Stream2_IRQHandler                  0x080002fb   Thumb Code     0  startup_stm32h723xx.o(.text)
    DMA2_Stream3_IRQHandler                  0x080002fb   Thumb Code     0  startup_stm32h723xx.o(.text)
    DMA2_Stream4_IRQHandler                  0x080002fb   Thumb Code     0  startup_stm32h723xx.o(.text)
    DMA2_Stream5_IRQHandler                  0x080002fb   Thumb Code     0  startup_stm32h723xx.o(.text)
    DMA2_Stream6_IRQHandler                  0x080002fb   Thumb Code     0  startup_stm32h723xx.o(.text)
    DMA2_Stream7_IRQHandler                  0x080002fb   Thumb Code     0  startup_stm32h723xx.o(.text)
    DMAMUX1_OVR_IRQHandler                   0x080002fb   Thumb Code     0  startup_stm32h723xx.o(.text)
    DMAMUX2_OVR_IRQHandler                   0x080002fb   Thumb Code     0  startup_stm32h723xx.o(.text)
    DTS_IRQHandler                           0x080002fb   Thumb Code     0  startup_stm32h723xx.o(.text)
    ECC_IRQHandler                           0x080002fb   Thumb Code     0  startup_stm32h723xx.o(.text)
    ETH_IRQHandler                           0x080002fb   Thumb Code     0  startup_stm32h723xx.o(.text)
    ETH_WKUP_IRQHandler                      0x080002fb   Thumb Code     0  startup_stm32h723xx.o(.text)
    EXTI0_IRQHandler                         0x080002fb   Thumb Code     0  startup_stm32h723xx.o(.text)
    EXTI15_10_IRQHandler                     0x080002fb   Thumb Code     0  startup_stm32h723xx.o(.text)
    EXTI1_IRQHandler                         0x080002fb   Thumb Code     0  startup_stm32h723xx.o(.text)
    EXTI2_IRQHandler                         0x080002fb   Thumb Code     0  startup_stm32h723xx.o(.text)
    EXTI3_IRQHandler                         0x080002fb   Thumb Code     0  startup_stm32h723xx.o(.text)
    EXTI4_IRQHandler                         0x080002fb   Thumb Code     0  startup_stm32h723xx.o(.text)
    EXTI9_5_IRQHandler                       0x080002fb   Thumb Code     0  startup_stm32h723xx.o(.text)
    FDCAN1_IT0_IRQHandler                    0x080002fb   Thumb Code     0  startup_stm32h723xx.o(.text)
    FDCAN1_IT1_IRQHandler                    0x080002fb   Thumb Code     0  startup_stm32h723xx.o(.text)
    FDCAN2_IT0_IRQHandler                    0x080002fb   Thumb Code     0  startup_stm32h723xx.o(.text)
    FDCAN2_IT1_IRQHandler                    0x080002fb   Thumb Code     0  startup_stm32h723xx.o(.text)
    FDCAN3_IT0_IRQHandler                    0x080002fb   Thumb Code     0  startup_stm32h723xx.o(.text)
    FDCAN3_IT1_IRQHandler                    0x080002fb   Thumb Code     0  startup_stm32h723xx.o(.text)
    FDCAN_CAL_IRQHandler                     0x080002fb   Thumb Code     0  startup_stm32h723xx.o(.text)
    FLASH_IRQHandler                         0x080002fb   Thumb Code     0  startup_stm32h723xx.o(.text)
    FMAC_IRQHandler                          0x080002fb   Thumb Code     0  startup_stm32h723xx.o(.text)
    FMC_IRQHandler                           0x080002fb   Thumb Code     0  startup_stm32h723xx.o(.text)
    FPU_IRQHandler                           0x080002fb   Thumb Code     0  startup_stm32h723xx.o(.text)
    HSEM1_IRQHandler                         0x080002fb   Thumb Code     0  startup_stm32h723xx.o(.text)
    I2C1_ER_IRQHandler                       0x080002fb   Thumb Code     0  startup_stm32h723xx.o(.text)
    I2C1_EV_IRQHandler                       0x080002fb   Thumb Code     0  startup_stm32h723xx.o(.text)
    I2C2_ER_IRQHandler                       0x080002fb   Thumb Code     0  startup_stm32h723xx.o(.text)
    I2C2_EV_IRQHandler                       0x080002fb   Thumb Code     0  startup_stm32h723xx.o(.text)
    I2C3_ER_IRQHandler                       0x080002fb   Thumb Code     0  startup_stm32h723xx.o(.text)
    I2C3_EV_IRQHandler                       0x080002fb   Thumb Code     0  startup_stm32h723xx.o(.text)
    I2C4_ER_IRQHandler                       0x080002fb   Thumb Code     0  startup_stm32h723xx.o(.text)
    I2C4_EV_IRQHandler                       0x080002fb   Thumb Code     0  startup_stm32h723xx.o(.text)
    I2C5_ER_IRQHandler                       0x080002fb   Thumb Code     0  startup_stm32h723xx.o(.text)
    I2C5_EV_IRQHandler                       0x080002fb   Thumb Code     0  startup_stm32h723xx.o(.text)
    LPTIM1_IRQHandler                        0x080002fb   Thumb Code     0  startup_stm32h723xx.o(.text)
    LPTIM2_IRQHandler                        0x080002fb   Thumb Code     0  startup_stm32h723xx.o(.text)
    LPTIM3_IRQHandler                        0x080002fb   Thumb Code     0  startup_stm32h723xx.o(.text)
    LPTIM4_IRQHandler                        0x080002fb   Thumb Code     0  startup_stm32h723xx.o(.text)
    LPTIM5_IRQHandler                        0x080002fb   Thumb Code     0  startup_stm32h723xx.o(.text)
    LPUART1_IRQHandler                       0x080002fb   Thumb Code     0  startup_stm32h723xx.o(.text)
    LTDC_ER_IRQHandler                       0x080002fb   Thumb Code     0  startup_stm32h723xx.o(.text)
    LTDC_IRQHandler                          0x080002fb   Thumb Code     0  startup_stm32h723xx.o(.text)
    MDIOS_IRQHandler                         0x080002fb   Thumb Code     0  startup_stm32h723xx.o(.text)
    MDIOS_WKUP_IRQHandler                    0x080002fb   Thumb Code     0  startup_stm32h723xx.o(.text)
    MDMA_IRQHandler                          0x080002fb   Thumb Code     0  startup_stm32h723xx.o(.text)
    OCTOSPI1_IRQHandler                      0x080002fb   Thumb Code     0  startup_stm32h723xx.o(.text)
    OCTOSPI2_IRQHandler                      0x080002fb   Thumb Code     0  startup_stm32h723xx.o(.text)
    OTG_HS_EP1_IN_IRQHandler                 0x080002fb   Thumb Code     0  startup_stm32h723xx.o(.text)
    OTG_HS_EP1_OUT_IRQHandler                0x080002fb   Thumb Code     0  startup_stm32h723xx.o(.text)
    OTG_HS_IRQHandler                        0x080002fb   Thumb Code     0  startup_stm32h723xx.o(.text)
    OTG_HS_WKUP_IRQHandler                   0x080002fb   Thumb Code     0  startup_stm32h723xx.o(.text)
    PVD_AVD_IRQHandler                       0x080002fb   Thumb Code     0  startup_stm32h723xx.o(.text)
    RCC_IRQHandler                           0x080002fb   Thumb Code     0  startup_stm32h723xx.o(.text)
    RNG_IRQHandler                           0x080002fb   Thumb Code     0  startup_stm32h723xx.o(.text)
    RTC_Alarm_IRQHandler                     0x080002fb   Thumb Code     0  startup_stm32h723xx.o(.text)
    RTC_WKUP_IRQHandler                      0x080002fb   Thumb Code     0  startup_stm32h723xx.o(.text)
    SAI1_IRQHandler                          0x080002fb   Thumb Code     0  startup_stm32h723xx.o(.text)
    SAI4_IRQHandler                          0x080002fb   Thumb Code     0  startup_stm32h723xx.o(.text)
    SDMMC1_IRQHandler                        0x080002fb   Thumb Code     0  startup_stm32h723xx.o(.text)
    SDMMC2_IRQHandler                        0x080002fb   Thumb Code     0  startup_stm32h723xx.o(.text)
    SPDIF_RX_IRQHandler                      0x080002fb   Thumb Code     0  startup_stm32h723xx.o(.text)
    SPI1_IRQHandler                          0x080002fb   Thumb Code     0  startup_stm32h723xx.o(.text)
    SPI2_IRQHandler                          0x080002fb   Thumb Code     0  startup_stm32h723xx.o(.text)
    SPI3_IRQHandler                          0x080002fb   Thumb Code     0  startup_stm32h723xx.o(.text)
    SPI4_IRQHandler                          0x080002fb   Thumb Code     0  startup_stm32h723xx.o(.text)
    SPI5_IRQHandler                          0x080002fb   Thumb Code     0  startup_stm32h723xx.o(.text)
    SPI6_IRQHandler                          0x080002fb   Thumb Code     0  startup_stm32h723xx.o(.text)
    SWPMI1_IRQHandler                        0x080002fb   Thumb Code     0  startup_stm32h723xx.o(.text)
    TAMP_STAMP_IRQHandler                    0x080002fb   Thumb Code     0  startup_stm32h723xx.o(.text)
    TIM15_IRQHandler                         0x080002fb   Thumb Code     0  startup_stm32h723xx.o(.text)
    TIM16_IRQHandler                         0x080002fb   Thumb Code     0  startup_stm32h723xx.o(.text)
    TIM17_IRQHandler                         0x080002fb   Thumb Code     0  startup_stm32h723xx.o(.text)
    TIM1_BRK_IRQHandler                      0x080002fb   Thumb Code     0  startup_stm32h723xx.o(.text)
    TIM1_CC_IRQHandler                       0x080002fb   Thumb Code     0  startup_stm32h723xx.o(.text)
    TIM1_TRG_COM_IRQHandler                  0x080002fb   Thumb Code     0  startup_stm32h723xx.o(.text)
    TIM1_UP_IRQHandler                       0x080002fb   Thumb Code     0  startup_stm32h723xx.o(.text)
    TIM23_IRQHandler                         0x080002fb   Thumb Code     0  startup_stm32h723xx.o(.text)
    TIM24_IRQHandler                         0x080002fb   Thumb Code     0  startup_stm32h723xx.o(.text)
    TIM2_IRQHandler                          0x080002fb   Thumb Code     0  startup_stm32h723xx.o(.text)
    TIM3_IRQHandler                          0x080002fb   Thumb Code     0  startup_stm32h723xx.o(.text)
    TIM4_IRQHandler                          0x080002fb   Thumb Code     0  startup_stm32h723xx.o(.text)
    TIM5_IRQHandler                          0x080002fb   Thumb Code     0  startup_stm32h723xx.o(.text)
    TIM6_DAC_IRQHandler                      0x080002fb   Thumb Code     0  startup_stm32h723xx.o(.text)
    TIM7_IRQHandler                          0x080002fb   Thumb Code     0  startup_stm32h723xx.o(.text)
    TIM8_BRK_TIM12_IRQHandler                0x080002fb   Thumb Code     0  startup_stm32h723xx.o(.text)
    TIM8_CC_IRQHandler                       0x080002fb   Thumb Code     0  startup_stm32h723xx.o(.text)
    TIM8_TRG_COM_TIM14_IRQHandler            0x080002fb   Thumb Code     0  startup_stm32h723xx.o(.text)
    TIM8_UP_TIM13_IRQHandler                 0x080002fb   Thumb Code     0  startup_stm32h723xx.o(.text)
    UART4_IRQHandler                         0x080002fb   Thumb Code     0  startup_stm32h723xx.o(.text)
    UART5_IRQHandler                         0x080002fb   Thumb Code     0  startup_stm32h723xx.o(.text)
    UART7_IRQHandler                         0x080002fb   Thumb Code     0  startup_stm32h723xx.o(.text)
    UART8_IRQHandler                         0x080002fb   Thumb Code     0  startup_stm32h723xx.o(.text)
    UART9_IRQHandler                         0x080002fb   Thumb Code     0  startup_stm32h723xx.o(.text)
    USART10_IRQHandler                       0x080002fb   Thumb Code     0  startup_stm32h723xx.o(.text)
    USART1_IRQHandler                        0x080002fb   Thumb Code     0  startup_stm32h723xx.o(.text)
    USART2_IRQHandler                        0x080002fb   Thumb Code     0  startup_stm32h723xx.o(.text)
    USART3_IRQHandler                        0x080002fb   Thumb Code     0  startup_stm32h723xx.o(.text)
    USART6_IRQHandler                        0x080002fb   Thumb Code     0  startup_stm32h723xx.o(.text)
    WAKEUP_PIN_IRQHandler                    0x080002fb   Thumb Code     0  startup_stm32h723xx.o(.text)
    WWDG_IRQHandler                          0x080002fb   Thumb Code     0  startup_stm32h723xx.o(.text)
    __aeabi_uldivmod                         0x08000305   Thumb Code    98  uldiv.o(.text)
    __aeabi_memset                           0x08000367   Thumb Code    14  memseta.o(.text)
    __aeabi_memset4                          0x08000367   Thumb Code     0  memseta.o(.text)
    __aeabi_memset8                          0x08000367   Thumb Code     0  memseta.o(.text)
    __aeabi_memclr                           0x08000375   Thumb Code     4  memseta.o(.text)
    __aeabi_memclr4                          0x08000375   Thumb Code     0  memseta.o(.text)
    __aeabi_memclr8                          0x08000375   Thumb Code     0  memseta.o(.text)
    _memset$wrapper                          0x08000379   Thumb Code    18  memseta.o(.text)
    __aeabi_llsl                             0x0800038b   Thumb Code    30  llshl.o(.text)
    _ll_shift_l                              0x0800038b   Thumb Code     0  llshl.o(.text)
    __aeabi_llsr                             0x080003a9   Thumb Code    32  llushr.o(.text)
    _ll_ushift_r                             0x080003a9   Thumb Code     0  llushr.o(.text)
    __scatterload                            0x080003c9   Thumb Code    28  init.o(.text)
    __scatterload_rt2                        0x080003c9   Thumb Code     0  init.o(.text)
    BusFault_Handler                         0x080003ed   Thumb Code     2  stm32h7xx_it.o(i.BusFault_Handler)
    DCMI_PSSI_IRQHandler                     0x08000495   Thumb Code     6  stm32h7xx_it.o(i.DCMI_PSSI_IRQHandler)
    DMA1_Stream0_IRQHandler                  0x080004a1   Thumb Code     6  stm32h7xx_it.o(i.DMA1_Stream0_IRQHandler)
    DMA1_Stream1_IRQHandler                  0x080004ad   Thumb Code     6  stm32h7xx_it.o(i.DMA1_Stream1_IRQHandler)
    DebugMon_Handler                         0x08000991   Thumb Code     2  stm32h7xx_it.o(i.DebugMon_Handler)
    Error_Handler                            0x08000993   Thumb Code     4  main.o(i.Error_Handler)
    HAL_DCMI_ErrorCallback                   0x08000997   Thumb Code     2  ov5640.o(i.HAL_DCMI_ErrorCallback)
    HAL_DCMI_FrameEventCallback              0x08000999   Thumb Code    44  ov5640.o(i.HAL_DCMI_FrameEventCallback)
    HAL_DCMI_IRQHandler                      0x080009c9   Thumb Code   152  stm32h7xx_hal_dcmi.o(i.HAL_DCMI_IRQHandler)
    HAL_DCMI_Init                            0x08000a65   Thumb Code   152  stm32h7xx_hal_dcmi.o(i.HAL_DCMI_Init)
    HAL_DCMI_LineEventCallback               0x08000b01   Thumb Code     2  stm32h7xx_hal_dcmi.o(i.HAL_DCMI_LineEventCallback)
    HAL_DCMI_MspInit                         0x08000b05   Thumb Code   294  dcmi.o(i.HAL_DCMI_MspInit)
    HAL_DCMI_Start_DMA                       0x08000c51   Thumb Code   226  stm32h7xx_hal_dcmi.o(i.HAL_DCMI_Start_DMA)
    HAL_DCMI_VsyncEventCallback              0x08000d3d   Thumb Code     2  stm32h7xx_hal_dcmi.o(i.HAL_DCMI_VsyncEventCallback)
    HAL_DMAEx_ChangeMemory                   0x08000d41   Thumb Code   134  stm32h7xx_hal_dma_ex.o(i.HAL_DMAEx_ChangeMemory)
    HAL_DMAEx_MultiBufferStart_IT            0x08000dd1   Thumb Code  1128  stm32h7xx_hal_dma_ex.o(i.HAL_DMAEx_MultiBufferStart_IT)
    HAL_DMA_Abort_IT                         0x08001239   Thumb Code   602  stm32h7xx_hal_dma.o(i.HAL_DMA_Abort_IT)
    HAL_DMA_IRQHandler                       0x080014bd   Thumb Code  1756  stm32h7xx_hal_dma.o(i.HAL_DMA_IRQHandler)
    HAL_DMA_Init                             0x08001ba5   Thumb Code   922  stm32h7xx_hal_dma.o(i.HAL_DMA_Init)
    HAL_DMA_Start_IT                         0x08001f61   Thumb Code   628  stm32h7xx_hal_dma.o(i.HAL_DMA_Start_IT)
    HAL_Delay                                0x080021fd   Thumb Code    32  stm32h7xx_hal.o(i.HAL_Delay)
    HAL_GPIO_Init                            0x08002221   Thumb Code   496  stm32h7xx_hal_gpio.o(i.HAL_GPIO_Init)
    HAL_GPIO_ReadPin                         0x0800243d   Thumb Code    10  stm32h7xx_hal_gpio.o(i.HAL_GPIO_ReadPin)
    HAL_GPIO_WritePin                        0x08002447   Thumb Code    10  stm32h7xx_hal_gpio.o(i.HAL_GPIO_WritePin)
    HAL_GetTick                              0x08002451   Thumb Code     6  stm32h7xx_hal.o(i.HAL_GetTick)
    HAL_IncTick                              0x0800245d   Thumb Code    12  stm32h7xx_hal.o(i.HAL_IncTick)
    HAL_Init                                 0x0800246d   Thumb Code    74  stm32h7xx_hal.o(i.HAL_Init)
    HAL_InitTick                             0x080024c9   Thumb Code    56  stm32h7xx_hal.o(i.HAL_InitTick)
    HAL_MspInit                              0x08002509   Thumb Code    22  stm32h7xx_hal_msp.o(i.HAL_MspInit)
    HAL_NVIC_EnableIRQ                       0x08002525   Thumb Code    26  stm32h7xx_hal_cortex.o(i.HAL_NVIC_EnableIRQ)
    HAL_NVIC_SetPriority                     0x08002541   Thumb Code    60  stm32h7xx_hal_cortex.o(i.HAL_NVIC_SetPriority)
    HAL_NVIC_SetPriorityGrouping             0x08002581   Thumb Code    28  stm32h7xx_hal_cortex.o(i.HAL_NVIC_SetPriorityGrouping)
    HAL_PWREx_ConfigSupply                   0x080025a5   Thumb Code    78  stm32h7xx_hal_pwr_ex.o(i.HAL_PWREx_ConfigSupply)
    HAL_RCCEx_GetD3PCLK1Freq                 0x080025f9   Thumb Code    26  stm32h7xx_hal_rcc_ex.o(i.HAL_RCCEx_GetD3PCLK1Freq)
    HAL_RCCEx_GetPLL2ClockFreq               0x0800261d   Thumb Code   296  stm32h7xx_hal_rcc_ex.o(i.HAL_RCCEx_GetPLL2ClockFreq)
    HAL_RCCEx_GetPLL3ClockFreq               0x08002761   Thumb Code   296  stm32h7xx_hal_rcc_ex.o(i.HAL_RCCEx_GetPLL3ClockFreq)
    HAL_RCCEx_PeriphCLKConfig                0x080028a5   Thumb Code  2362  stm32h7xx_hal_rcc_ex.o(i.HAL_RCCEx_PeriphCLKConfig)
    HAL_RCC_ClockConfig                      0x080031e1   Thumb Code   580  stm32h7xx_hal_rcc.o(i.HAL_RCC_ClockConfig)
    HAL_RCC_GetHCLKFreq                      0x0800343d   Thumb Code    52  stm32h7xx_hal_rcc.o(i.HAL_RCC_GetHCLKFreq)
    HAL_RCC_GetPCLK1Freq                     0x08003481   Thumb Code    26  stm32h7xx_hal_rcc.o(i.HAL_RCC_GetPCLK1Freq)
    HAL_RCC_GetPCLK2Freq                     0x080034a5   Thumb Code    26  stm32h7xx_hal_rcc.o(i.HAL_RCC_GetPCLK2Freq)
    HAL_RCC_GetSysClockFreq                  0x080034c9   Thumb Code   278  stm32h7xx_hal_rcc.o(i.HAL_RCC_GetSysClockFreq)
    HAL_RCC_MCOConfig                        0x08003601   Thumb Code   130  stm32h7xx_hal_rcc.o(i.HAL_RCC_MCOConfig)
    HAL_RCC_OscConfig                        0x08003695   Thumb Code  1318  stm32h7xx_hal_rcc.o(i.HAL_RCC_OscConfig)
    HAL_SPI_Init                             0x08003bbd   Thumb Code   366  stm32h7xx_hal_spi.o(i.HAL_SPI_Init)
    HAL_SPI_MspInit                          0x08003d39   Thumb Code   156  spi.o(i.HAL_SPI_MspInit)
    HAL_SPI_Transmit                         0x08003de5   Thumb Code   590  stm32h7xx_hal_spi.o(i.HAL_SPI_Transmit)
    HAL_SYSTICK_Config                       0x08004033   Thumb Code    38  stm32h7xx_hal_cortex.o(i.HAL_SYSTICK_Config)
    HAL_UARTEx_DisableFifoMode               0x08004059   Thumb Code    64  stm32h7xx_hal_uart_ex.o(i.HAL_UARTEx_DisableFifoMode)
    HAL_UARTEx_SetRxFifoThreshold            0x08004099   Thumb Code    76  stm32h7xx_hal_uart_ex.o(i.HAL_UARTEx_SetRxFifoThreshold)
    HAL_UARTEx_SetTxFifoThreshold            0x080040e5   Thumb Code    76  stm32h7xx_hal_uart_ex.o(i.HAL_UARTEx_SetTxFifoThreshold)
    HAL_UART_Init                            0x08004131   Thumb Code   106  stm32h7xx_hal_uart.o(i.HAL_UART_Init)
    HAL_UART_MspInit                         0x0800419d   Thumb Code   166  usart.o(i.HAL_UART_MspInit)
    HAL_UART_Transmit                        0x08004259   Thumb Code   176  stm32h7xx_hal_uart.o(i.HAL_UART_Transmit)
    HardFault_Handler                        0x08004309   Thumb Code     2  stm32h7xx_it.o(i.HardFault_Handler)
    LCD_Address_Set                          0x0800430b   Thumb Code    62  lcd.o(i.LCD_Address_Set)
    LCD_Fill                                 0x08004349   Thumb Code    64  lcd.o(i.LCD_Fill)
    LCD_Init                                 0x08004389   Thumb Code   414  lcd.o(i.LCD_Init)
    LCD_ShowPicture                          0x0800452d   Thumb Code    80  lcd.o(i.LCD_ShowPicture)
    LCD_WR_DATA                              0x0800457d   Thumb Code    20  lcd.o(i.LCD_WR_DATA)
    LCD_WR_REG                               0x08004591   Thumb Code    40  lcd.o(i.LCD_WR_REG)
    LCD_Writ_Bus                             0x080045bd   Thumb Code    44  lcd.o(i.LCD_Writ_Bus)
    MX_DCMI_Init                             0x080045f1   Thumb Code    54  dcmi.o(i.MX_DCMI_Init)
    MX_DMA_Init                              0x08004631   Thumb Code    56  dma.o(i.MX_DMA_Init)
    MX_GPIO_Init                             0x0800466d   Thumb Code   318  gpio.o(i.MX_GPIO_Init)
    MX_SPI1_Init                             0x080047c5   Thumb Code    86  spi.o(i.MX_SPI1_Init)
    MX_USART1_UART_Init                      0x08004825   Thumb Code    94  usart.o(i.MX_USART1_UART_Init)
    MemManage_Handler                        0x0800488d   Thumb Code     2  stm32h7xx_it.o(i.MemManage_Handler)
    NMI_Handler                              0x0800488f   Thumb Code     2  stm32h7xx_it.o(i.NMI_Handler)
    PendSV_Handler                           0x08004891   Thumb Code     2  stm32h7xx_it.o(i.PendSV_Handler)
    SVC_Handler                              0x08004bd7   Thumb Code     2  stm32h7xx_it.o(i.SVC_Handler)
    SysTick_Handler                          0x08004bd9   Thumb Code     4  stm32h7xx_it.o(i.SysTick_Handler)
    SystemClock_Config                       0x08004bdd   Thumb Code   156  main.o(i.SystemClock_Config)
    SystemInit                               0x08004c7d   Thumb Code   158  system_stm32h7xx.o(i.SystemInit)
    UART_AdvFeatureConfig                    0x08004d81   Thumb Code   200  stm32h7xx_hal_uart.o(i.UART_AdvFeatureConfig)
    UART_CheckIdleState                      0x08004e49   Thumb Code   170  stm32h7xx_hal_uart.o(i.UART_CheckIdleState)
    UART_SetConfig                           0x08004f49   Thumb Code   914  stm32h7xx_hal_uart.o(i.UART_SetConfig)
    UART_WaitOnFlagUntilTimeout              0x08005325   Thumb Code   140  stm32h7xx_hal_uart.o(i.UART_WaitOnFlagUntilTimeout)
    UsageFault_Handler                       0x080053b1   Thumb Code     2  stm32h7xx_it.o(i.UsageFault_Handler)
    __0printf$5                              0x080053b5   Thumb Code    22  printf5.o(i.__0printf$5)
    __1printf$5                              0x080053b5   Thumb Code     0  printf5.o(i.__0printf$5)
    __2printf                                0x080053b5   Thumb Code     0  printf5.o(i.__0printf$5)
    __scatterload_copy                       0x080053f7   Thumb Code    14  handlers.o(i.__scatterload_copy)
    __scatterload_null                       0x08005405   Thumb Code     2  handlers.o(i.__scatterload_null)
    __scatterload_zeroinit                   0x08005407   Thumb Code    14  handlers.o(i.__scatterload_zeroinit)
    fputc                                    0x080056d5   Thumb Code    20  usart.o(i.fputc)
    main                                     0x080056ed   Thumb Code   230  main.o(i.main)
    ov5640_af_download_firmware              0x080057e1   Thumb Code    96  ov5640.o(i.ov5640_af_download_firmware)
    ov5640_af_trigger_constant               0x08005895   Thumb Code    10  ov5640.o(i.ov5640_af_trigger_constant)
    ov5640_init                              0x080058a1   Thumb Code    60  ov5640.o(i.ov5640_init)
    ov5640_para_set                          0x0800590d   Thumb Code    36  ov5640.o(i.ov5640_para_set)
    ov5640_read_id                           0x08005935   Thumb Code    26  ov5640.o(i.ov5640_read_id)
    ov5640_reset                             0x08005951   Thumb Code    86  ov5640.o(i.ov5640_reset)
    ov5640_send_continuous                   0x080059b1   Thumb Code    36  ov5640.o(i.ov5640_send_continuous)
    ov5640_set_framesize                     0x080059dd   Thumb Code    78  ov5640.o(i.ov5640_set_framesize)
    sccb_ack                                 0x08005a2d   Thumb Code    80  sccb.o(i.sccb_ack)
    sccb_delay                               0x08005a81   Thumb Code    40  sccb.o(i.sccb_delay)
    sccb_init                                0x08005aa9   Thumb Code   114  sccb.o(i.sccb_init)
    sccb_nack                                0x08005b25   Thumb Code    68  sccb.o(i.sccb_nack)
    sccb_read_byte                           0x08005b6d   Thumb Code   100  sccb.o(i.sccb_read_byte)
    sccb_read_reg_16bit                      0x08005bd5   Thumb Code    52  sccb.o(i.sccb_read_reg_16bit)
    sccb_send_byte                           0x08005c09   Thumb Code    98  sccb.o(i.sccb_send_byte)
    sccb_start                               0x08005c71   Thumb Code    64  sccb.o(i.sccb_start)
    sccb_stop                                0x08005cb5   Thumb Code    70  sccb.o(i.sccb_stop)
    sccb_wait_ack                            0x08005d01   Thumb Code    80  sccb.o(i.sccb_wait_ack)
    sccb_write_buf_16bit                     0x08005d55   Thumb Code    46  sccb.o(i.sccb_write_buf_16bit)
    sccb_write_handle_16Bit                  0x08005d83   Thumb Code    38  sccb.o(i.sccb_write_handle_16Bit)
    sccb_write_reg_16bit                     0x08005da9   Thumb Code    32  sccb.o(i.sccb_write_reg_16bit)
    UARTPrescTable                           0x08005dd0   Data          24  stm32h7xx_hal_uart.o(.constdata)
    D1CorePrescTable                         0x08005df8   Data          16  system_stm32h7xx.o(.constdata)
    OV5640_brightness_Config                 0x08005e08   Data          18  ov5640.o(.constdata)
    OV5640_Contrast_Config                   0x08005e1a   Data          14  ov5640.o(.constdata)
    OV5640_Effect_Config                     0x08005e28   Data          16  ov5640.o(.constdata)
    OV5640_INIT_Config                       0x08005e38   Data        1016  ov5640.o(.constdata)
    OV5640_AF_Firmware                       0x08006230   Data        4077  ov5640.o(.constdata)
    Region$$Table$$Base                      0x08007220   Number         0  anon$$obj.o(Region$$Table)
    Region$$Table$$Limit                     0x08007240   Number         0  anon$$obj.o(Region$$Table)
    uwTickFreq                               0x20000000   Data           1  stm32h7xx_hal.o(.data)
    uwTickPrio                               0x20000004   Data           4  stm32h7xx_hal.o(.data)
    uwTick                                   0x20000008   Data           4  stm32h7xx_hal.o(.data)
    SystemCoreClock                          0x2000000c   Data           4  system_stm32h7xx.o(.data)
    SystemD2Clock                            0x20000010   Data           4  system_stm32h7xx.o(.data)
    OV5640_FrameState                        0x20000014   Data           1  ov5640.o(.data)
    OV5640_FPS                               0x20000016   Data           1  ov5640.o(.data)
    __stdout                                 0x2000001c   Data           4  stdout.o(.data)
    hdcmi                                    0x20000020   Data          80  dcmi.o(.bss)
    hdma_dcmi                                0x20000070   Data         120  dcmi.o(.bss)
    hspi1                                    0x200000e8   Data         136  spi.o(.bss)
    huart1                                   0x20000170   Data         148  usart.o(.bss)
    hdma_usart1_tx                           0x20000204   Data         120  usart.o(.bss)
    __initial_sp                             0x20000680   Data           0  startup_stm32h723xx.o(STACK)



==============================================================================

Memory Map of the image

  Image Entry point : 0x080002cd

  Load Region LR_IROM1 (Base: 0x08000000, Size: 0x00007260, Max: 0x00100000, ABSOLUTE)

    Execution Region ER_IROM1 (Exec base: 0x08000000, Load base: 0x08000000, Size: 0x00007240, Max: 0x00100000, ABSOLUTE)

    Exec Addr    Load Addr    Size         Type   Attr      Idx    E Section Name        Object

    0x08000000   0x08000000   0x000002cc   Data   RO            3    RESET               startup_stm32h723xx.o
    0x080002cc   0x080002cc   0x00000000   Code   RO         4451  * .ARM.Collect$$$$00000000  mc_w.l(entry.o)
    0x080002cc   0x080002cc   0x00000004   Code   RO         4719    .ARM.Collect$$$$00000001  mc_w.l(entry2.o)
    0x080002d0   0x080002d0   0x00000004   Code   RO         4722    .ARM.Collect$$$$00000004  mc_w.l(entry5.o)
    0x080002d4   0x080002d4   0x00000000   Code   RO         4724    .ARM.Collect$$$$00000008  mc_w.l(entry7b.o)
    0x080002d4   0x080002d4   0x00000000   Code   RO         4726    .ARM.Collect$$$$0000000A  mc_w.l(entry8b.o)
    0x080002d4   0x080002d4   0x00000008   Code   RO         4727    .ARM.Collect$$$$0000000B  mc_w.l(entry9a.o)
    0x080002dc   0x080002dc   0x00000000   Code   RO         4729    .ARM.Collect$$$$0000000D  mc_w.l(entry10a.o)
    0x080002dc   0x080002dc   0x00000000   Code   RO         4731    .ARM.Collect$$$$0000000F  mc_w.l(entry11a.o)
    0x080002dc   0x080002dc   0x00000004   Code   RO         4720    .ARM.Collect$$$$00002712  mc_w.l(entry2.o)
    0x080002e0   0x080002e0   0x00000024   Code   RO            4    .text               startup_stm32h723xx.o
    0x08000304   0x08000304   0x00000062   Code   RO         4454    .text               mc_w.l(uldiv.o)
    0x08000366   0x08000366   0x00000024   Code   RO         4456    .text               mc_w.l(memseta.o)
    0x0800038a   0x0800038a   0x0000001e   Code   RO         4736    .text               mc_w.l(llshl.o)
    0x080003a8   0x080003a8   0x00000020   Code   RO         4738    .text               mc_w.l(llushr.o)
    0x080003c8   0x080003c8   0x00000024   Code   RO         4751    .text               mc_w.l(init.o)
    0x080003ec   0x080003ec   0x00000002   Code   RO          389    i.BusFault_Handler  stm32h7xx_it.o
    0x080003ee   0x080003ee   0x00000020   Code   RO          648    i.DCMI_DMAError     stm32h7xx_hal_dcmi.o
    0x0800040e   0x0800040e   0x00000084   Code   RO          649    i.DCMI_DMAXferCplt  stm32h7xx_hal_dcmi.o
    0x08000492   0x08000492   0x00000002   PAD
    0x08000494   0x08000494   0x0000000c   Code   RO          390    i.DCMI_PSSI_IRQHandler  stm32h7xx_it.o
    0x080004a0   0x080004a0   0x0000000c   Code   RO          391    i.DMA1_Stream0_IRQHandler  stm32h7xx_it.o
    0x080004ac   0x080004ac   0x0000000c   Code   RO          392    i.DMA1_Stream1_IRQHandler  stm32h7xx_it.o
    0x080004b8   0x080004b8   0x000000b4   Code   RO         1410    i.DMA_CalcBaseAndBitshift  stm32h7xx_hal_dma.o
    0x0800056c   0x0800056c   0x0000009c   Code   RO         1411    i.DMA_CalcDMAMUXChannelBaseAndMask  stm32h7xx_hal_dma.o
    0x08000608   0x08000608   0x00000074   Code   RO         1412    i.DMA_CalcDMAMUXRequestGenBaseAndMask  stm32h7xx_hal_dma.o
    0x0800067c   0x0800067c   0x00000054   Code   RO         1413    i.DMA_CheckFifoParam  stm32h7xx_hal_dma.o
    0x080006d0   0x080006d0   0x000000a0   Code   RO         1526    i.DMA_MultiBufferSetConfig  stm32h7xx_hal_dma_ex.o
    0x08000770   0x08000770   0x00000220   Code   RO         1414    i.DMA_SetConfig     stm32h7xx_hal_dma.o
    0x08000990   0x08000990   0x00000002   Code   RO          393    i.DebugMon_Handler  stm32h7xx_it.o
    0x08000992   0x08000992   0x00000004   Code   RO           13    i.Error_Handler     main.o
    0x08000996   0x08000996   0x00000002   Code   RO         4107    i.HAL_DCMI_ErrorCallback  ov5640.o
    0x08000998   0x08000998   0x00000030   Code   RO         4108    i.HAL_DCMI_FrameEventCallback  ov5640.o
    0x080009c8   0x080009c8   0x0000009c   Code   RO          659    i.HAL_DCMI_IRQHandler  stm32h7xx_hal_dcmi.o
    0x08000a64   0x08000a64   0x0000009c   Code   RO          660    i.HAL_DCMI_Init     stm32h7xx_hal_dcmi.o
    0x08000b00   0x08000b00   0x00000002   Code   RO          661    i.HAL_DCMI_LineEventCallback  stm32h7xx_hal_dcmi.o
    0x08000b02   0x08000b02   0x00000002   PAD
    0x08000b04   0x08000b04   0x0000014c   Code   RO          230    i.HAL_DCMI_MspInit  dcmi.o
    0x08000c50   0x08000c50   0x000000ec   Code   RO          665    i.HAL_DCMI_Start_DMA  stm32h7xx_hal_dcmi.o
    0x08000d3c   0x08000d3c   0x00000002   Code   RO          668    i.HAL_DCMI_VsyncEventCallback  stm32h7xx_hal_dcmi.o
    0x08000d3e   0x08000d3e   0x00000002   PAD
    0x08000d40   0x08000d40   0x00000090   Code   RO         1527    i.HAL_DMAEx_ChangeMemory  stm32h7xx_hal_dma_ex.o
    0x08000dd0   0x08000dd0   0x00000468   Code   RO         1534    i.HAL_DMAEx_MultiBufferStart_IT  stm32h7xx_hal_dma_ex.o
    0x08001238   0x08001238   0x00000284   Code   RO         1416    i.HAL_DMA_Abort_IT  stm32h7xx_hal_dma.o
    0x080014bc   0x080014bc   0x000006e8   Code   RO         1420    i.HAL_DMA_IRQHandler  stm32h7xx_hal_dma.o
    0x08001ba4   0x08001ba4   0x000003bc   Code   RO         1421    i.HAL_DMA_Init      stm32h7xx_hal_dma.o
    0x08001f60   0x08001f60   0x0000029c   Code   RO         1425    i.HAL_DMA_Start_IT  stm32h7xx_hal_dma.o
    0x080021fc   0x080021fc   0x00000024   Code   RO         2112    i.HAL_Delay         stm32h7xx_hal.o
    0x08002220   0x08002220   0x0000021c   Code   RO         1263    i.HAL_GPIO_Init     stm32h7xx_hal_gpio.o
    0x0800243c   0x0800243c   0x0000000a   Code   RO         1265    i.HAL_GPIO_ReadPin  stm32h7xx_hal_gpio.o
    0x08002446   0x08002446   0x0000000a   Code   RO         1267    i.HAL_GPIO_WritePin  stm32h7xx_hal_gpio.o
    0x08002450   0x08002450   0x0000000c   Code   RO         2128    i.HAL_GetTick       stm32h7xx_hal.o
    0x0800245c   0x0800245c   0x00000010   Code   RO         2134    i.HAL_IncTick       stm32h7xx_hal.o
    0x0800246c   0x0800246c   0x0000005c   Code   RO         2135    i.HAL_Init          stm32h7xx_hal.o
    0x080024c8   0x080024c8   0x00000040   Code   RO         2136    i.HAL_InitTick      stm32h7xx_hal.o
    0x08002508   0x08002508   0x0000001c   Code   RO          483    i.HAL_MspInit       stm32h7xx_hal_msp.o
    0x08002524   0x08002524   0x0000001a   Code   RO          513    i.HAL_NVIC_EnableIRQ  stm32h7xx_hal_cortex.o
    0x0800253e   0x0800253e   0x00000002   PAD
    0x08002540   0x08002540   0x00000040   Code   RO          519    i.HAL_NVIC_SetPriority  stm32h7xx_hal_cortex.o
    0x08002580   0x08002580   0x00000024   Code   RO          520    i.HAL_NVIC_SetPriorityGrouping  stm32h7xx_hal_cortex.o
    0x080025a4   0x080025a4   0x00000054   Code   RO         1864    i.HAL_PWREx_ConfigSupply  stm32h7xx_hal_pwr_ex.o
    0x080025f8   0x080025f8   0x00000024   Code   RO          906    i.HAL_RCCEx_GetD3PCLK1Freq  stm32h7xx_hal_rcc_ex.o
    0x0800261c   0x0800261c   0x00000144   Code   RO          908    i.HAL_RCCEx_GetPLL2ClockFreq  stm32h7xx_hal_rcc_ex.o
    0x08002760   0x08002760   0x00000144   Code   RO          909    i.HAL_RCCEx_GetPLL3ClockFreq  stm32h7xx_hal_rcc_ex.o
    0x080028a4   0x080028a4   0x0000093a   Code   RO          915    i.HAL_RCCEx_PeriphCLKConfig  stm32h7xx_hal_rcc_ex.o
    0x080031de   0x080031de   0x00000002   PAD
    0x080031e0   0x080031e0   0x0000025c   Code   RO          791    i.HAL_RCC_ClockConfig  stm32h7xx_hal_rcc.o
    0x0800343c   0x0800343c   0x00000044   Code   RO          796    i.HAL_RCC_GetHCLKFreq  stm32h7xx_hal_rcc.o
    0x08003480   0x08003480   0x00000024   Code   RO          798    i.HAL_RCC_GetPCLK1Freq  stm32h7xx_hal_rcc.o
    0x080034a4   0x080034a4   0x00000024   Code   RO          799    i.HAL_RCC_GetPCLK2Freq  stm32h7xx_hal_rcc.o
    0x080034c8   0x080034c8   0x00000138   Code   RO          800    i.HAL_RCC_GetSysClockFreq  stm32h7xx_hal_rcc.o
    0x08003600   0x08003600   0x00000094   Code   RO          801    i.HAL_RCC_MCOConfig  stm32h7xx_hal_rcc.o
    0x08003694   0x08003694   0x00000526   Code   RO          803    i.HAL_RCC_OscConfig  stm32h7xx_hal_rcc.o
    0x08003bba   0x08003bba   0x00000002   PAD
    0x08003bbc   0x08003bbc   0x0000017c   Code   RO         3062    i.HAL_SPI_Init      stm32h7xx_hal_spi.o
    0x08003d38   0x08003d38   0x000000ac   Code   RO          296    i.HAL_SPI_MspInit   spi.o
    0x08003de4   0x08003de4   0x0000024e   Code   RO         3071    i.HAL_SPI_Transmit  stm32h7xx_hal_spi.o
    0x08004032   0x08004032   0x00000026   Code   RO          524    i.HAL_SYSTICK_Config  stm32h7xx_hal_cortex.o
    0x08004058   0x08004058   0x00000040   Code   RO         3836    i.HAL_UARTEx_DisableFifoMode  stm32h7xx_hal_uart_ex.o
    0x08004098   0x08004098   0x0000004c   Code   RO         3845    i.HAL_UARTEx_SetRxFifoThreshold  stm32h7xx_hal_uart_ex.o
    0x080040e4   0x080040e4   0x0000004c   Code   RO         3846    i.HAL_UARTEx_SetTxFifoThreshold  stm32h7xx_hal_uart_ex.o
    0x08004130   0x08004130   0x0000006a   Code   RO         3445    i.HAL_UART_Init     stm32h7xx_hal_uart.o
    0x0800419a   0x0800419a   0x00000002   PAD
    0x0800419c   0x0800419c   0x000000bc   Code   RO          338    i.HAL_UART_MspInit  usart.o
    0x08004258   0x08004258   0x000000b0   Code   RO         3454    i.HAL_UART_Transmit  stm32h7xx_hal_uart.o
    0x08004308   0x08004308   0x00000002   Code   RO          394    i.HardFault_Handler  stm32h7xx_it.o
    0x0800430a   0x0800430a   0x0000003e   Code   RO         4298    i.LCD_Address_Set   lcd.o
    0x08004348   0x08004348   0x00000040   Code   RO         4302    i.LCD_Fill          lcd.o
    0x08004388   0x08004388   0x000001a4   Code   RO         4303    i.LCD_Init          lcd.o
    0x0800452c   0x0800452c   0x00000050   Code   RO         4313    i.LCD_ShowPicture   lcd.o
    0x0800457c   0x0800457c   0x00000014   Code   RO         4315    i.LCD_WR_DATA       lcd.o
    0x08004590   0x08004590   0x0000002c   Code   RO         4317    i.LCD_WR_REG        lcd.o
    0x080045bc   0x080045bc   0x00000034   Code   RO         4318    i.LCD_Writ_Bus      lcd.o
    0x080045f0   0x080045f0   0x00000040   Code   RO          231    i.MX_DCMI_Init      dcmi.o
    0x08004630   0x08004630   0x0000003c   Code   RO          271    i.MX_DMA_Init       dma.o
    0x0800466c   0x0800466c   0x00000158   Code   RO          201    i.MX_GPIO_Init      gpio.o
    0x080047c4   0x080047c4   0x00000060   Code   RO          297    i.MX_SPI1_Init      spi.o
    0x08004824   0x08004824   0x00000068   Code   RO          339    i.MX_USART1_UART_Init  usart.o
    0x0800488c   0x0800488c   0x00000002   Code   RO          395    i.MemManage_Handler  stm32h7xx_it.o
    0x0800488e   0x0800488e   0x00000002   Code   RO          396    i.NMI_Handler       stm32h7xx_it.o
    0x08004890   0x08004890   0x00000002   Code   RO          397    i.PendSV_Handler    stm32h7xx_it.o
    0x08004892   0x08004892   0x00000002   PAD
    0x08004894   0x08004894   0x00000120   Code   RO          918    i.RCCEx_PLL2_Config  stm32h7xx_hal_rcc_ex.o
    0x080049b4   0x080049b4   0x00000120   Code   RO          919    i.RCCEx_PLL3_Config  stm32h7xx_hal_rcc_ex.o
    0x08004ad4   0x08004ad4   0x000000bc   Code   RO         3082    i.SPI_CloseTransfer  stm32h7xx_hal_spi.o
    0x08004b90   0x08004b90   0x00000046   Code   RO         3099    i.SPI_WaitOnFlagUntilTimeout  stm32h7xx_hal_spi.o
    0x08004bd6   0x08004bd6   0x00000002   Code   RO          398    i.SVC_Handler       stm32h7xx_it.o
    0x08004bd8   0x08004bd8   0x00000004   Code   RO          399    i.SysTick_Handler   stm32h7xx_it.o
    0x08004bdc   0x08004bdc   0x000000a0   Code   RO           15    i.SystemClock_Config  main.o
    0x08004c7c   0x08004c7c   0x000000c0   Code   RO         3955    i.SystemInit        system_stm32h7xx.o
    0x08004d3c   0x08004d3c   0x00000044   Code   RO         3850    i.UARTEx_SetNbDataToProcess  stm32h7xx_hal_uart_ex.o
    0x08004d80   0x08004d80   0x000000c8   Code   RO         3459    i.UART_AdvFeatureConfig  stm32h7xx_hal_uart.o
    0x08004e48   0x08004e48   0x000000aa   Code   RO         3460    i.UART_CheckIdleState  stm32h7xx_hal_uart.o
    0x08004ef2   0x08004ef2   0x00000002   PAD
    0x08004ef4   0x08004ef4   0x00000054   Code   RO         3471    i.UART_EndRxTransfer  stm32h7xx_hal_uart.o
    0x08004f48   0x08004f48   0x000003dc   Code   RO         3477    i.UART_SetConfig    stm32h7xx_hal_uart.o
    0x08005324   0x08005324   0x0000008c   Code   RO         3484    i.UART_WaitOnFlagUntilTimeout  stm32h7xx_hal_uart.o
    0x080053b0   0x080053b0   0x00000002   Code   RO          400    i.UsageFault_Handler  stm32h7xx_it.o
    0x080053b2   0x080053b2   0x00000002   PAD
    0x080053b4   0x080053b4   0x00000020   Code   RO         4591    i.__0printf$5       mc_w.l(printf5.o)
    0x080053d4   0x080053d4   0x00000022   Code   RO          526    i.__NVIC_SetPriority  stm32h7xx_hal_cortex.o
    0x080053f6   0x080053f6   0x0000000e   Code   RO         4759    i.__scatterload_copy  mc_w.l(handlers.o)
    0x08005404   0x08005404   0x00000002   Code   RO         4760    i.__scatterload_null  mc_w.l(handlers.o)
    0x08005406   0x08005406   0x0000000e   Code   RO         4761    i.__scatterload_zeroinit  mc_w.l(handlers.o)
    0x08005414   0x08005414   0x000002c0   Code   RO         4598    i._printf_core      mc_w.l(printf5.o)
    0x080056d4   0x080056d4   0x00000018   Code   RO          340    i.fputc             usart.o
    0x080056ec   0x080056ec   0x000000f4   Code   RO           16    i.main              main.o
    0x080057e0   0x080057e0   0x000000b4   Code   RO         4109    i.ov5640_af_download_firmware  ov5640.o
    0x08005894   0x08005894   0x0000000a   Code   RO         4112    i.ov5640_af_trigger_constant  ov5640.o
    0x0800589e   0x0800589e   0x00000002   PAD
    0x080058a0   0x080058a0   0x0000006c   Code   RO         4119    i.ov5640_init       ov5640.o
    0x0800590c   0x0800590c   0x00000028   Code   RO         4121    i.ov5640_para_set   ov5640.o
    0x08005934   0x08005934   0x0000001a   Code   RO         4122    i.ov5640_read_id    ov5640.o
    0x0800594e   0x0800594e   0x00000002   PAD
    0x08005950   0x08005950   0x00000060   Code   RO         4123    i.ov5640_reset      ov5640.o
    0x080059b0   0x080059b0   0x0000002c   Code   RO         4124    i.ov5640_send_continuous  ov5640.o
    0x080059dc   0x080059dc   0x0000004e   Code   RO         4129    i.ov5640_set_framesize  ov5640.o
    0x08005a2a   0x08005a2a   0x00000002   PAD
    0x08005a2c   0x08005a2c   0x00000054   Code   RO         3991    i.sccb_ack          sccb.o
    0x08005a80   0x08005a80   0x00000028   Code   RO         3992    i.sccb_delay        sccb.o
    0x08005aa8   0x08005aa8   0x0000007c   Code   RO         3993    i.sccb_init         sccb.o
    0x08005b24   0x08005b24   0x00000048   Code   RO         3994    i.sccb_nack         sccb.o
    0x08005b6c   0x08005b6c   0x00000068   Code   RO         3995    i.sccb_read_byte    sccb.o
    0x08005bd4   0x08005bd4   0x00000034   Code   RO         3997    i.sccb_read_reg_16bit  sccb.o
    0x08005c08   0x08005c08   0x00000068   Code   RO         3998    i.sccb_send_byte    sccb.o
    0x08005c70   0x08005c70   0x00000044   Code   RO         3999    i.sccb_start        sccb.o
    0x08005cb4   0x08005cb4   0x0000004c   Code   RO         4000    i.sccb_stop         sccb.o
    0x08005d00   0x08005d00   0x00000054   Code   RO         4001    i.sccb_wait_ack     sccb.o
    0x08005d54   0x08005d54   0x0000002e   Code   RO         4002    i.sccb_write_buf_16bit  sccb.o
    0x08005d82   0x08005d82   0x00000026   Code   RO         4004    i.sccb_write_handle_16Bit  sccb.o
    0x08005da8   0x08005da8   0x00000020   Code   RO         4006    i.sccb_write_reg_16bit  sccb.o
    0x08005dc8   0x08005dc8   0x00000008   Data   RO         1427    .constdata          stm32h7xx_hal_dma.o
    0x08005dd0   0x08005dd0   0x00000018   Data   RO         3485    .constdata          stm32h7xx_hal_uart.o
    0x08005de8   0x08005de8   0x00000010   Data   RO         3851    .constdata          stm32h7xx_hal_uart_ex.o
    0x08005df8   0x08005df8   0x00000010   Data   RO         3956    .constdata          system_stm32h7xx.o
    0x08005e08   0x08005e08   0x00001415   Data   RO         4133    .constdata          ov5640.o
    0x0800721d   0x0800721d   0x00000003   PAD
    0x08007220   0x08007220   0x00000020   Data   RO         4757    Region$$Table       anon$$obj.o


    Execution Region RW_IRAM1 (Exec base: 0x20000000, Load base: 0x08007240, Size: 0x00000680, Max: 0x00020000, ABSOLUTE)

    Exec Addr    Load Addr    Size         Type   Attr      Idx    E Section Name        Object

    0x20000000   0x08007240   0x0000000c   Data   RW         2159    .data               stm32h7xx_hal.o
    0x2000000c   0x0800724c   0x00000008   Data   RW         3957    .data               system_stm32h7xx.o
    0x20000014   0x08007254   0x00000008   Data   RW         4134    .data               ov5640.o
    0x2000001c   0x0800725c   0x00000004   Data   RW         4733    .data               mc_w.l(stdout.o)
    0x20000020        -       0x000000c8   Zero   RW          232    .bss                dcmi.o
    0x200000e8        -       0x00000088   Zero   RW          298    .bss                spi.o
    0x20000170        -       0x0000010c   Zero   RW          341    .bss                usart.o
    0x2000027c   0x08007260   0x00000004   PAD
    0x20000280        -       0x00000400   Zero   RW            1    STACK               startup_stm32h723xx.o


==============================================================================

Image component sizes


      Code (inc. data)   RO Data    RW Data    ZI Data      Debug   Object Name

       396         48          0          0        200       2128   dcmi.o
        60          4          0          0          0        938   dma.o
       344         26          0          0          0       1271   gpio.o
       742         18          0          0          0       6801   lcd.o
       408         18          0          0          0    1193199   main.o
       632        158       5141          8          0       7633   ov5640.o
       924         42          0          0          0       8475   sccb.o
       268         26          0          0        136       2001   spi.o
        36          8        716          0       1024        852   startup_stm32h723xx.o
       220         40          0         12          0      23833   stm32h7xx_hal.o
       198         12          0          0          0      39715   stm32h7xx_hal_cortex.o
       716         18          0          0          0       5746   stm32h7xx_hal_dcmi.o
      5116        214          8          0          0      11098   stm32h7xx_hal_dma.o
      1432         56          0          0          0       3521   stm32h7xx_hal_dma_ex.o
       560         44          0          0          0       3039   stm32h7xx_hal_gpio.o
        28          6          0          0          0        970   stm32h7xx_hal_msp.o
        84          6          0          0          0        805   stm32h7xx_hal_pwr_ex.o
      2522        120          0          0          0       8192   stm32h7xx_hal_rcc.o
      3622        112          0          0          0       7933   stm32h7xx_hal_rcc_ex.o
      1228         14          0          0          0       5062   stm32h7xx_hal_spi.o
      1864        122         24          0          0      27110   stm32h7xx_hal_uart.o
       284          6         16          0          0       3901   stm32h7xx_hal_uart_ex.o
        56         18          0          0          0       5809   stm32h7xx_it.o
       192         34         16          8          0       1554   system_stm32h7xx.o
       316         36          0          0        268       3945   usart.o

    ----------------------------------------------------------------------
     22274       1206       5956         28       1632    1375531   Object Totals
         0          0         32          0          0          0   (incl. Generated)
        26          0          3          0          4          0   (incl. Padding)

    ----------------------------------------------------------------------

      Code (inc. data)   RO Data    RW Data    ZI Data      Debug   Library Member Name

         0          0          0          0          0          0   entry.o
         0          0          0          0          0          0   entry10a.o
         0          0          0          0          0          0   entry11a.o
         8          4          0          0          0          0   entry2.o
         4          0          0          0          0          0   entry5.o
         0          0          0          0          0          0   entry7b.o
         0          0          0          0          0          0   entry8b.o
         8          4          0          0          0          0   entry9a.o
        30          0          0          0          0          0   handlers.o
        36          8          0          0          0         68   init.o
        30          0          0          0          0         68   llshl.o
        32          0          0          0          0         68   llushr.o
        36          0          0          0          0        108   memseta.o
       736         56          0          0          0        184   printf5.o
         0          0          0          4          0          0   stdout.o
        98          0          0          0          0         92   uldiv.o

    ----------------------------------------------------------------------
      1018         72          0          4          0        588   Library Totals
         0          0          0          0          0          0   (incl. Padding)

    ----------------------------------------------------------------------

      Code (inc. data)   RO Data    RW Data    ZI Data      Debug   Library Name

      1018         72          0          4          0        588   mc_w.l

    ----------------------------------------------------------------------
      1018         72          0          4          0        588   Library Totals

    ----------------------------------------------------------------------

==============================================================================


      Code (inc. data)   RO Data    RW Data    ZI Data      Debug   

     23292       1278       5956         32       1632    1365415   Grand Totals
     23292       1278       5956         32       1632    1365415   ELF Image Totals
     23292       1278       5956         32          0          0   ROM Totals

==============================================================================

    Total RO  Size (Code + RO Data)                29248 (  28.56kB)
    Total RW  Size (RW Data + ZI Data)              1664 (   1.63kB)
    Total ROM Size (Code + RO Data + RW Data)      29280 (  28.59kB)

==============================================================================

