<html>
<body>
<pre>
<h1>µVision Build Log</h1>
<h2>Tool Versions:</h2>
IDE-Version: ¦ÌVision V5.29.0.0
Copyright (C) 2019 ARM Ltd and ARM Germany GmbH. All rights reserved.
License Information: disnox disnox, disnox, LIC=IK1BF-6CF5F-BS5YX-HLGUH-ZGP9U-XL749
 
Tool Versions:
Toolchain:       MDK-ARM Plus  Version: 5.29.0.0
Toolchain Path:  D:\Install\Keil_v5\ARM\ARMCC\Bin
C Compiler:      Armcc.exe V5.06 update 6 (build 750)
Assembler:       Armasm.exe V5.06 update 6 (build 750)
Linker/Locator:  ArmLink.exe V5.06 update 6 (build 750)
Library Manager: ArmAr.exe V5.06 update 6 (build 750)
Hex Converter:   FromElf.exe V5.06 update 6 (build 750)
CPU DLL:         SARMCM3.DLL V5.29.0.0
Dialog DLL:      DCM.DLL V1.17.3.0
Target DLL:      CMSIS_AGDI.dll V1.32.0.0
Dialog DLL:      TCM.DLL V1.36.5.0
 
<h2>Project:</h2>
D:\Code\DM_MC02\CtrBoard-H7_FDCAN\MDK-ARM\CtrBoard-H7_FDCAN.uvprojx
Project File Date:  01/24/2024

<h2>Output:</h2>
*** Using Compiler 'V5.06 update 6 (build 750)', folder: 'D:\Install\Keil_v5\ARM\ARMCC\Bin'
Build target 'CtrBoard-H7_FDCAN'
assembling startup_stm32h723xx.s...
compiling stm32h7xx_hal_msp.c...
compiling stm32h7xx_it.c...
compiling main.c...
compiling gpio.c...
compiling stm32h7xx_hal_hsem.c...
compiling stm32h7xx_hal_mdma.c...
compiling stm32h7xx_hal_cortex.c...
compiling stm32h7xx_hal_gpio.c...
compiling stm32h7xx_hal_flash.c...
compiling stm32h7xx_hal_flash_ex.c...
compiling stm32h7xx_hal_pwr.c...
compiling fdcan.c...
../Core/Src/fdcan.c(37): warning:  #177-D: variable "FDCAN1_RXFilter"  was declared but never referenced
  	FDCAN_FilterTypeDef FDCAN1_RXFilter;
../Core/Src/fdcan.c: 1 warning, 0 errors
compiling stm32h7xx_hal_dma_ex.c...
compiling stm32h7xx_hal_rcc.c...
compiling stm32h7xx_hal_rcc_ex.c...
compiling stm32h7xx_hal_dma.c...
compiling stm32h7xx_hal_exti.c...
compiling stm32h7xx_hal_tim_ex.c...
compiling can_bsp.c...
compiling stm32h7xx_hal_i2c_ex.c...
compiling stm32h7xx_hal_tim.c...
compiling stm32h7xx_hal.c...
compiling system_stm32h7xx.c...
compiling stm32h7xx_hal_pwr_ex.c...
compiling stm32h7xx_hal_fdcan.c...
compiling stm32h7xx_hal_i2c.c...
linking...
Program Size: Code=11500 RO-data=856 RW-data=56 ZI-data=2112  
FromELF: creating hex file...
"CtrBoard-H7_FDCAN\CtrBoard-H7_FDCAN.axf" - 0 Error(s), 1 Warning(s).

<h2>Software Packages used:</h2>

Package Vendor: ARM
                http://www.keil.com/pack/ARM.CMSIS.5.6.0.pack
                ARM.CMSIS.5.6.0
                CMSIS (Cortex Microcontroller Software Interface Standard)
   * Component: CORE Version: 5.3.0

Package Vendor: Keil
                http://www.keil.com/pack/Keil.STM32H7xx_DFP.3.0.0.pack
                Keil.STM32H7xx_DFP.3.0.0
                STMicroelectronics STM32H7 Series Device Support and Examples

<h2>Collection of Component include folders:</h2>
  .\RTE\_CtrBoard-H7_FDCAN
  D:\Install\Keil_v5\Packs\ARM\CMSIS\5.6.0\CMSIS\Core\Include
  D:\Install\Keil_v5\Packs\Keil\STM32H7xx_DFP\3.0.0\Drivers\CMSIS\Device\ST\STM32H7xx\Include

<h2>Collection of Component Files used:</h2>

   * Component: ARM::CMSIS:CORE:5.3.0
Build Time Elapsed:  00:00:15
</pre>
</body>
</html>
