Component: ARM Compiler 5.06 update 6 (build 750) Tool: armlink [4d35ed]

==============================================================================

Section Cross References

    startup_stm32h723xx.o(STACK) refers (Special) to heapauxi.o(.text) for __use_two_region_memory
    startup_stm32h723xx.o(HEAP) refers (Special) to heapauxi.o(.text) for __use_two_region_memory
    startup_stm32h723xx.o(RESET) refers (Special) to heapauxi.o(.text) for __use_two_region_memory
    startup_stm32h723xx.o(RESET) refers to startup_stm32h723xx.o(STACK) for __initial_sp
    startup_stm32h723xx.o(RESET) refers to startup_stm32h723xx.o(.text) for Reset_Handler
    startup_stm32h723xx.o(RESET) refers to stm32h7xx_it.o(i.NMI_Handler) for NMI_Handler
    startup_stm32h723xx.o(RESET) refers to stm32h7xx_it.o(i.HardFault_Handler) for HardFault_Handler
    startup_stm32h723xx.o(RESET) refers to stm32h7xx_it.o(i.MemManage_Handler) for MemManage_Handler
    startup_stm32h723xx.o(RESET) refers to stm32h7xx_it.o(i.BusFault_Handler) for BusFault_Handler
    startup_stm32h723xx.o(RESET) refers to stm32h7xx_it.o(i.UsageFault_Handler) for UsageFault_Handler
    startup_stm32h723xx.o(RESET) refers to stm32h7xx_it.o(i.SVC_Handler) for SVC_Handler
    startup_stm32h723xx.o(RESET) refers to stm32h7xx_it.o(i.DebugMon_Handler) for DebugMon_Handler
    startup_stm32h723xx.o(RESET) refers to stm32h7xx_it.o(i.PendSV_Handler) for PendSV_Handler
    startup_stm32h723xx.o(RESET) refers to stm32h7xx_it.o(i.SysTick_Handler) for SysTick_Handler
    startup_stm32h723xx.o(RESET) refers to stm32h7xx_it.o(i.OTG_HS_IRQHandler) for OTG_HS_IRQHandler
    startup_stm32h723xx.o(.text) refers (Special) to heapauxi.o(.text) for __use_two_region_memory
    startup_stm32h723xx.o(.text) refers to system_stm32h7xx.o(i.SystemInit) for SystemInit
    startup_stm32h723xx.o(.text) refers to __main.o(!!!main) for __main
    startup_stm32h723xx.o(.text) refers to startup_stm32h723xx.o(HEAP) for Heap_Mem
    startup_stm32h723xx.o(.text) refers to startup_stm32h723xx.o(STACK) for Stack_Mem
    vofa.o(i.vofa_demo) refers to sin.o(i.__hardfp_sin) for __hardfp_sin
    vofa.o(i.vofa_demo) refers to vofa.o(i.vofa_send_data) for vofa_send_data
    vofa.o(i.vofa_demo) refers to vofa.o(i.vofa_sendframetail) for vofa_sendframetail
    vofa.o(i.vofa_demo) refers to vofa.o(.data) for .data
    vofa.o(i.vofa_send_data) refers to vofa.o(.data) for .data
    vofa.o(i.vofa_send_data) refers to vofa.o(.bss) for .bss
    vofa.o(i.vofa_sendframetail) refers to vofa.o(i.vofa_transmit) for vofa_transmit
    vofa.o(i.vofa_sendframetail) refers to vofa.o(.data) for .data
    vofa.o(i.vofa_sendframetail) refers to vofa.o(.bss) for .bss
    vofa.o(i.vofa_start) refers to vofa.o(i.vofa_demo) for vofa_demo
    vofa.o(i.vofa_transmit) refers to usbd_cdc_if.o(i.CDC_Transmit_HS) for CDC_Transmit_HS
    main.o(i.SystemClock_Config) refers to rt_memclr_w.o(.text) for __aeabi_memclr4
    main.o(i.SystemClock_Config) refers to stm32h7xx_hal_pwr_ex.o(i.HAL_PWREx_ConfigSupply) for HAL_PWREx_ConfigSupply
    main.o(i.SystemClock_Config) refers to stm32h7xx_hal_rcc.o(i.HAL_RCC_OscConfig) for HAL_RCC_OscConfig
    main.o(i.SystemClock_Config) refers to stm32h7xx_hal_rcc.o(i.HAL_RCC_ClockConfig) for HAL_RCC_ClockConfig
    main.o(i.main) refers to stm32h7xx_hal.o(i.HAL_Init) for HAL_Init
    main.o(i.main) refers to main.o(i.SystemClock_Config) for SystemClock_Config
    main.o(i.main) refers to gpio.o(i.MX_GPIO_Init) for MX_GPIO_Init
    main.o(i.main) refers to usb_device.o(i.MX_USB_DEVICE_Init) for MX_USB_DEVICE_Init
    main.o(i.main) refers to vofa.o(i.vofa_start) for vofa_start
    stm32h7xx_it.o(i.OTG_HS_IRQHandler) refers to stm32h7xx_hal_pcd.o(i.HAL_PCD_IRQHandler) for HAL_PCD_IRQHandler
    stm32h7xx_it.o(i.OTG_HS_IRQHandler) refers to usbd_conf.o(.bss) for hpcd_USB_OTG_HS
    stm32h7xx_it.o(i.SysTick_Handler) refers to stm32h7xx_hal.o(i.HAL_IncTick) for HAL_IncTick
    usb_device.o(i.MX_USB_DEVICE_Init) refers to usbd_core.o(i.USBD_Init) for USBD_Init
    usb_device.o(i.MX_USB_DEVICE_Init) refers to main.o(i.Error_Handler) for Error_Handler
    usb_device.o(i.MX_USB_DEVICE_Init) refers to usbd_core.o(i.USBD_RegisterClass) for USBD_RegisterClass
    usb_device.o(i.MX_USB_DEVICE_Init) refers to usbd_cdc.o(i.USBD_CDC_RegisterInterface) for USBD_CDC_RegisterInterface
    usb_device.o(i.MX_USB_DEVICE_Init) refers to usbd_core.o(i.USBD_Start) for USBD_Start
    usb_device.o(i.MX_USB_DEVICE_Init) refers to stm32h7xx_hal_pwr_ex.o(i.HAL_PWREx_EnableUSBVoltageDetector) for HAL_PWREx_EnableUSBVoltageDetector
    usb_device.o(i.MX_USB_DEVICE_Init) refers to usbd_desc.o(.data) for HS_Desc
    usb_device.o(i.MX_USB_DEVICE_Init) refers to usb_device.o(.bss) for .bss
    usb_device.o(i.MX_USB_DEVICE_Init) refers to usbd_cdc.o(.data) for USBD_CDC
    usb_device.o(i.MX_USB_DEVICE_Init) refers to usbd_cdc_if.o(.data) for USBD_Interface_fops_HS
[...]
    i.USBD_SetConfig                         0x08003724   Section        0  usbd_ctlreq.o(i.USBD_SetConfig)
    USBD_SetConfig                           0x08003725   Thumb Code   182  usbd_ctlreq.o(i.USBD_SetConfig)
    i.USBD_Start                             0x080037e0   Section        0  usbd_core.o(i.USBD_Start)
    i.USBD_StdDevReq                         0x080037e4   Section        0  usbd_ctlreq.o(i.USBD_StdDevReq)
    i.USBD_StdEPReq                          0x08003912   Section        0  usbd_ctlreq.o(i.USBD_StdEPReq)
    i.USBD_StdItfReq                         0x08003a76   Section        0  usbd_ctlreq.o(i.USBD_StdItfReq)
    i.USBD_static_free                       0x08003aea   Section        0  usbd_conf.o(i.USBD_static_free)
    i.USBD_static_malloc                     0x08003aec   Section        0  usbd_conf.o(i.USBD_static_malloc)
    i.USB_ActivateEndpoint                   0x08003af4   Section        0  stm32h7xx_ll_usb.o(i.USB_ActivateEndpoint)
    i.USB_ActivateSetup                      0x08003b74   Section        0  stm32h7xx_ll_usb.o(i.USB_ActivateSetup)
    i.USB_CoreInit                           0x08003b90   Section        0  stm32h7xx_ll_usb.o(i.USB_CoreInit)
    i.USB_CoreReset                          0x08003c18   Section        0  stm32h7xx_ll_usb.o(i.USB_CoreReset)
    USB_CoreReset                            0x08003c19   Thumb Code    58  stm32h7xx_ll_usb.o(i.USB_CoreReset)
    i.USB_DeactivateEndpoint                 0x08003c58   Section        0  stm32h7xx_ll_usb.o(i.USB_DeactivateEndpoint)
    i.USB_DevConnect                         0x08003d24   Section        0  stm32h7xx_ll_usb.o(i.USB_DevConnect)
    i.USB_DevDisconnect                      0x08003d40   Section        0  stm32h7xx_ll_usb.o(i.USB_DevDisconnect)
    i.USB_DevInit                            0x08003d5c   Section        0  stm32h7xx_ll_usb.o(i.USB_DevInit)
    i.USB_DisableGlobalInt                   0x08003ed4   Section        0  stm32h7xx_ll_usb.o(i.USB_DisableGlobalInt)
    i.USB_EP0_OutStart                       0x08003ee0   Section        0  stm32h7xx_ll_usb.o(i.USB_EP0_OutStart)
    i.USB_EPClearStall                       0x08003f38   Section        0  stm32h7xx_ll_usb.o(i.USB_EPClearStall)
    i.USB_EPSetStall                         0x08003f90   Section        0  stm32h7xx_ll_usb.o(i.USB_EPSetStall)
    i.USB_EPStartXfer                        0x08003fe8   Section        0  stm32h7xx_ll_usb.o(i.USB_EPStartXfer)
    i.USB_EPStopXfer                         0x08004220   Section        0  stm32h7xx_ll_usb.o(i.USB_EPStopXfer)
    i.USB_EnableGlobalInt                    0x080042be   Section        0  stm32h7xx_ll_usb.o(i.USB_EnableGlobalInt)
    i.USB_FlushRxFifo                        0x080042cc   Section        0  stm32h7xx_ll_usb.o(i.USB_FlushRxFifo)
    i.USB_FlushTxFifo                        0x08004308   Section        0  stm32h7xx_ll_usb.o(i.USB_FlushTxFifo)
    i.USB_GetDevSpeed                        0x08004348   Section        0  stm32h7xx_ll_usb.o(i.USB_GetDevSpeed)
    i.USB_GetMode                            0x08004362   Section        0  stm32h7xx_ll_usb.o(i.USB_GetMode)
    i.USB_ReadDevAllInEpInterrupt            0x0800436a   Section        0  stm32h7xx_ll_usb.o(i.USB_ReadDevAllInEpInterrupt)
    i.USB_ReadDevAllOutEpInterrupt           0x08004378   Section        0  stm32h7xx_ll_usb.o(i.USB_ReadDevAllOutEpInterrupt)
    i.USB_ReadDevInEPInterrupt               0x08004386   Section        0  stm32h7xx_ll_usb.o(i.USB_ReadDevInEPInterrupt)
    i.USB_ReadDevOutEPInterrupt              0x080043aa   Section        0  stm32h7xx_ll_usb.o(i.USB_ReadDevOutEPInterrupt)
    i.USB_ReadInterrupts                     0x080043ba   Section        0  stm32h7xx_ll_usb.o(i.USB_ReadInterrupts)
    i.USB_ReadPacket                         0x080043c2   Section        0  stm32h7xx_ll_usb.o(i.USB_ReadPacket)
    i.USB_SetCurrentMode                     0x08004402   Section        0  stm32h7xx_ll_usb.o(i.USB_SetCurrentMode)
    i.USB_SetDevAddress                      0x08004460   Section        0  stm32h7xx_ll_usb.o(i.USB_SetDevAddress)
    i.USB_SetTurnaroundTime                  0x08004484   Section        0  stm32h7xx_ll_usb.o(i.USB_SetTurnaroundTime)
    i.USB_WritePacket                        0x0800456c   Section        0  stm32h7xx_ll_usb.o(i.USB_WritePacket)
    i.UsageFault_Handler                     0x08004594   Section        0  stm32h7xx_it.o(i.UsageFault_Handler)
    i.__ARM_fpclassify                       0x08004596   Section        0  fpclassify.o(i.__ARM_fpclassify)
    i.__NVIC_SetPriority                     0x080045c6   Section        0  stm32h7xx_hal_cortex.o(i.__NVIC_SetPriority)
    __NVIC_SetPriority                       0x080045c7   Thumb Code    34  stm32h7xx_hal_cortex.o(i.__NVIC_SetPriority)
    i.__hardfp_sin                           0x080045e8   Section        0  sin.o(i.__hardfp_sin)
    i.__ieee754_rem_pio2                     0x08004698   Section        0  rred.o(i.__ieee754_rem_pio2)
    i.__kernel_cos                           0x080049a8   Section        0  cos_i.o(i.__kernel_cos)
    i.__kernel_poly                          0x08004a88   Section        0  poly.o(i.__kernel_poly)
    i.__kernel_sin                           0x08004af8   Section        0  sin_i.o(i.__kernel_sin)
    i.__mathlib_dbl_invalid                  0x08004ba0   Section        0  dunder.o(i.__mathlib_dbl_invalid)
    i.__mathlib_dbl_underflow                0x08004bb8   Section        0  dunder.o(i.__mathlib_dbl_underflow)
    i.fabs                                   0x08004bd0   Section        0  fabs.o(i.fabs)
    i.main                                   0x08004be8   Section        0  main.o(i.main)
    i.vofa_demo                              0x08004c00   Section        0  vofa.o(i.vofa_demo)
    i.vofa_send_data                         0x08004d00   Section        0  vofa.o(i.vofa_send_data)
    i.vofa_sendframetail                     0x08004d34   Section        0  vofa.o(i.vofa_sendframetail)
    i.vofa_start                             0x08004d70   Section        0  vofa.o(i.vofa_start)
    i.vofa_transmit                          0x08004d74   Section        0  vofa.o(i.vofa_transmit)
    x$fpl$fpinit                             0x08004d78   Section       10  fpinit.o(x$fpl$fpinit)
    $v0                                      0x08004d78   Number         0  fpinit.o(x$fpl$fpinit)
    .constdata                               0x08004d82   Section       16  system_stm32h7xx.o(.constdata)
    x$fpl$usenofp                            0x08004d82   Section        0  usenofp.o(x$fpl$usenofp)
    .constdata                               0x08004d98   Section       48  cos_i.o(.constdata)
    C                                        0x08004d98   Data          48  cos_i.o(.constdata)
    .constdata                               0x08004dc8   Section      200  rred.o(.constdata)
    pio2s                                    0x08004dc8   Data          48  rred.o(.constdata)
    twooverpi                                0x08004df8   Data         152  rred.o(.constdata)
    .constdata                               0x08004e90   Section       40  sin_i.o(.constdata)
    S                                        0x08004e90   Data          40  sin_i.o(.constdata)
    .data                                    0x24000000   Section        8  vofa.o(.data)
    scnt                                     0x24000004   Data           4  vofa.o(.data)
    .data                                    0x24000008   Section       32  usbd_desc.o(.data)
    .data                                    0x24000028   Section       62  usbd_desc.o(.data)
    .data                                    0x24000068   Section       20  usbd_cdc_if.o(.data)
    .data                                    0x2400007c   Section       12  stm32h7xx_hal.o(.data)
    .data                                    0x24000088   Section        8  system_stm32h7xx.o(.data)
    .data                                    0x24000090   Section        1  usbd_ctlreq.o(.data)
    cfgidx                                   0x24000090   Data           1  usbd_ctlreq.o(.data)
    .data                                    0x24000094   Section       83  usbd_cdc.o(.data)
    CDCInEpAdd                               0x24000094   Data           1  usbd_cdc.o(.data)
    CDCOutEpAdd                              0x24000095   Data           1  usbd_cdc.o(.data)
    CDCCmdEpAdd                              0x24000096   Data           1  usbd_cdc.o(.data)
    USBD_CDC_DeviceQualifierDesc             0x24000098   Data          10  usbd_cdc.o(.data)
    USBD_CDC_CfgDesc                         0x240000a4   Data          67  usbd_cdc.o(.data)
    .data                                    0x240000e8   Section       56  usbd_cdc.o(.data)
    .bss                                     0x24000120   Section     1024  vofa.o(.bss)
    .bss                                     0x24000520   Section      732  usb_device.o(.bss)
    .bss                                     0x240007fc   Section      512  usbd_desc.o(.bss)
    .bss                                     0x240009fc   Section     4096  usbd_cdc_if.o(.bss)
    .bss                                     0x240019fc   Section     1836  usbd_conf.o(.bss)
    mem                                      0x240019fc   Data         544  usbd_conf.o(.bss)
    .bss                                     0x24002128   Section       96  libspace.o(.bss)
    HEAP                                     0x24002188   Section      512  startup_stm32h723xx.o(HEAP)
    Heap_Mem                                 0x24002188   Data         512  startup_stm32h723xx.o(HEAP)
    STACK                                    0x24002388   Section     1024  startup_stm32h723xx.o(STACK)
    Stack_Mem                                0x24002388   Data        1024  startup_stm32h723xx.o(STACK)
    __initial_sp                             0x24002788   Data           0  startup_stm32h723xx.o(STACK)

    Global Symbols

    Symbol Name                              Value     Ov Type        Size  Object(Section)

    BuildAttributes$$THM_ISAv4$E$P$D$K$B$S$7EM$VFPv5_D16$PE$PLD8$A:L22UL41UL21$X:L11$S22US41US21$IEEE1$IW$USESV6$~STKCKD$USESV7$~SHL$OTIME$ROPI$IEEEX$EBA8$UX$STANDARDLIB$REQ8$PRES8$EABIv2 0x00000000   Number         0  anon$$obj.o ABSOLUTE
    __ARM_use_no_argv                        0x00000000   Number         0  main.o ABSOLUTE
    __ARM_exceptions_init                     - Undefined Weak Reference
    __alloca_initialize                       - Undefined Weak Reference
    __arm_preinit_                            - Undefined Weak Reference
    __cpp_initialize__aeabi_                  - Undefined Weak Reference
    __cxa_finalize                            - Undefined Weak Reference
    __rt_locale                               - Undefined Weak Reference
    __sigvec_lookup                           - Undefined Weak Reference
    _atexit_init                              - Undefined Weak Reference
    _call_atexit_fns                          - Undefined Weak Reference
    _clock_init                               - Undefined Weak Reference
    _fp_trap_init                             - Undefined Weak Reference
    _fp_trap_shutdown                         - Undefined Weak Reference
    _get_lc_collate                           - Undefined Weak Reference
    _get_lc_ctype                             - Undefined Weak Reference
    _get_lc_monetary                          - Undefined Weak Reference
    _get_lc_numeric                           - Undefined Weak Reference
    _get_lc_time                              - Undefined Weak Reference
    _getenv_init                              - Undefined Weak Reference
    _handle_redirection                       - Undefined Weak Reference
    _init_alloc                               - Undefined Weak Reference
    _init_user_alloc                          - Undefined Weak Reference
    _initio                                   - Undefined Weak Reference
    _rand_init                                - Undefined Weak Reference
    _signal_finish                            - Undefined Weak Reference
    _signal_init                              - Undefined Weak Reference
    _terminate_alloc                          - Undefined Weak Reference
    _terminate_user_alloc                     - Undefined Weak Reference
    _terminateio                              - Undefined Weak Reference
    __Vectors_Size                           0x000002cc   Number         0  startup_stm32h723xx.o ABSOLUTE
    __Vectors                                0x08000000   Data           4  startup_stm32h723xx.o(RESET)
    __Vectors_End                            0x080002cc   Data           0  startup_stm32h723xx.o(RESET)
    __main                                   0x080002cd   Thumb Code     8  __main.o(!!!main)
    __scatterload                            0x080002d5   Thumb Code     0  __scatter.o(!!!scatter)
    __scatterload_rt2                        0x080002d5   Thumb Code    44  __scatter.o(!!!scatter)
    __scatterload_rt2_thumb_only             0x080002d5   Thumb Code     0  __scatter.o(!!!scatter)
    __scatterload_null                       0x080002e3   Thumb Code     0  __scatter.o(!!!scatter)
    __scatterload_copy                       0x08000309   Thumb Code    26  __scatter_copy.o(!!handler_copy)
    __scatterload_zeroinit                   0x08000325   Thumb Code    28  __scatter_zi.o(!!handler_zi)
    __rt_lib_init                            0x08000341   Thumb Code     0  libinit.o(.ARM.Collect$$libinit$$00000000)
    __rt_lib_init_fp_1                       0x08000343   Thumb Code     0  libinit2.o(.ARM.Collect$$libinit$$00000001)
    __rt_lib_init_alloca_1                   0x08000347   Thumb Code     0  libinit2.o(.ARM.Collect$$libinit$$0000002E)
    __rt_lib_init_argv_1                     0x08000347   Thumb Code     0  libinit2.o(.ARM.Collect$$libinit$$0000002C)
    __rt_lib_init_atexit_1                   0x08000347   Thumb Code     0  libinit2.o(.ARM.Collect$$libinit$$0000001B)
    __rt_lib_init_clock_1                    0x08000347   Thumb Code     0  libinit2.o(.ARM.Collect$$libinit$$00000021)
    __rt_lib_init_cpp_1                      0x08000347   Thumb Code     0  libinit2.o(.ARM.Collect$$libinit$$00000032)
    __rt_lib_init_exceptions_1               0x08000347   Thumb Code     0  libinit2.o(.ARM.Collect$$libinit$$00000030)
    __rt_lib_init_fp_trap_1                  0x08000347   Thumb Code     0  libinit2.o(.ARM.Collect$$libinit$$0000001F)
    __rt_lib_init_getenv_1                   0x08000347   Thumb Code     0  libinit2.o(.ARM.Collect$$libinit$$00000023)
    __rt_lib_init_heap_1                     0x08000347   Thumb Code     0  libinit2.o(.ARM.Collect$$libinit$$0000000A)
    __rt_lib_init_lc_collate_1               0x08000347   Thumb Code     0  libinit2.o(.ARM.Collect$$libinit$$00000011)
    __rt_lib_init_lc_ctype_1                 0x08000347   Thumb Code     0  libinit2.o(.ARM.Collect$$libinit$$00000013)
    __rt_lib_init_lc_monetary_1              0x08000347   Thumb Code     0  libinit2.o(.ARM.Collect$$libinit$$00000015)
    __rt_lib_init_lc_numeric_1               0x08000347   Thumb Code     0  libinit2.o(.ARM.Collect$$libinit$$00000017)
    __rt_lib_init_lc_time_1                  0x08000347   Thumb Code     0  libinit2.o(.ARM.Collect$$libinit$$00000019)
    __rt_lib_init_preinit_1                  0x08000347   Thumb Code     0  libinit2.o(.ARM.Collect$$libinit$$00000004)
    __rt_lib_init_rand_1                     0x08000347   Thumb Code     0  libinit2.o(.ARM.Collect$$libinit$$0000000E)
    __rt_lib_init_return                     0x08000347   Thumb Code     0  libinit2.o(.ARM.Collect$$libinit$$00000033)
    __rt_lib_init_signal_1                   0x08000347   Thumb Code     0  libinit2.o(.ARM.Collect$$libinit$$0000001D)
    __rt_lib_init_stdio_1                    0x08000347   Thumb Code     0  libinit2.o(.ARM.Collect$$libinit$$00000025)
    __rt_lib_init_user_alloc_1               0x08000347   Thumb Code     0  libinit2.o(.ARM.Collect$$libinit$$0000000C)
    __rt_lib_shutdown                        0x08000349   Thumb Code     0  libshutdown.o(.ARM.Collect$$libshutdown$$00000000)
    __rt_lib_shutdown_cpp_1                  0x0800034b   Thumb Code     0  libshutdown2.o(.ARM.Collect$$libshutdown$$00000002)
    __rt_lib_shutdown_fp_trap_1              0x0800034b   Thumb Code     0  libshutdown2.o(.ARM.Collect$$libshutdown$$00000007)
    __rt_lib_shutdown_heap_1                 0x0800034b   Thumb Code     0  libshutdown2.o(.ARM.Collect$$libshutdown$$0000000F)
    __rt_lib_shutdown_return                 0x0800034b   Thumb Code     0  libshutdown2.o(.ARM.Collect$$libshutdown$$00000010)
    __rt_lib_shutdown_signal_1               0x0800034b   Thumb Code     0  libshutdown2.o(.ARM.Collect$$libshutdown$$0000000A)
    __rt_lib_shutdown_stdio_1                0x0800034b   Thumb Code     0  libshutdown2.o(.ARM.Collect$$libshutdown$$00000004)
    __rt_lib_shutdown_user_alloc_1           0x0800034b   Thumb Code     0  libshutdown2.o(.ARM.Collect$$libshutdown$$0000000C)
    __rt_entry                               0x0800034d   Thumb Code     0  __rtentry.o(.ARM.Collect$$rtentry$$00000000)
    __rt_entry_presh_1                       0x0800034d   Thumb Code     0  __rtentry2.o(.ARM.Collect$$rtentry$$00000002)
    __rt_entry_sh                            0x0800034d   Thumb Code     0  __rtentry4.o(.ARM.Collect$$rtentry$$00000004)
    __rt_entry_li                            0x08000353   Thumb Code     0  __rtentry2.o(.ARM.Collect$$rtentry$$0000000A)
    __rt_entry_postsh_1                      0x08000353   Thumb Code     0  __rtentry2.o(.ARM.Collect$$rtentry$$00000009)
    __rt_entry_main                          0x08000357   Thumb Code     0  __rtentry2.o(.ARM.Collect$$rtentry$$0000000D)
    __rt_entry_postli_1                      0x08000357   Thumb Code     0  __rtentry2.o(.ARM.Collect$$rtentry$$0000000C)
    __rt_exit                                0x0800035f   Thumb Code     0  rtexit.o(.ARM.Collect$$rtexit$$00000000)
    __rt_exit_ls                             0x08000361   Thumb Code     0  rtexit2.o(.ARM.Collect$$rtexit$$00000003)
    __rt_exit_prels_1                        0x08000361   Thumb Code     0  rtexit2.o(.ARM.Collect$$rtexit$$00000002)
    __rt_exit_exit                           0x08000365   Thumb Code     0  rtexit2.o(.ARM.Collect$$rtexit$$00000004)
    Reset_Handler                            0x0800036d   Thumb Code     8  startup_stm32h723xx.o(.text)
    ADC3_IRQHandler                          0x08000387   Thumb Code     0  startup_stm32h723xx.o(.text)
    ADC_IRQHandler                           0x08000387   Thumb Code     0  startup_stm32h723xx.o(.text)
    BDMA_Channel0_IRQHandler                 0x08000387   Thumb Code     0  startup_stm32h723xx.o(.text)
    BDMA_Channel1_IRQHandler                 0x08000387   Thumb Code     0  startup_stm32h723xx.o(.text)
    BDMA_Channel2_IRQHandler                 0x08000387   Thumb Code     0  startup_stm32h723xx.o(.text)
    BDMA_Channel3_IRQHandler                 0x08000387   Thumb Code     0  startup_stm32h723xx.o(.text)
    BDMA_Channel4_IRQHandler                 0x08000387   Thumb Code     0  startup_stm32h723xx.o(.text)
    BDMA_Channel5_IRQHandler                 0x08000387   Thumb Code     0  startup_stm32h723xx.o(.text)
    BDMA_Channel6_IRQHandler                 0x08000387   Thumb Code     0  startup_stm32h723xx.o(.text)
    BDMA_Channel7_IRQHandler                 0x08000387   Thumb Code     0  startup_stm32h723xx.o(.text)
    CEC_IRQHandler                           0x08000387   Thumb Code     0  startup_stm32h723xx.o(.text)
    COMP1_IRQHandler                         0x08000387   Thumb Code     0  startup_stm32h723xx.o(.text)
    CORDIC_IRQHandler                        0x08000387   Thumb Code     0  startup_stm32h723xx.o(.text)
    CRS_IRQHandler                           0x08000387   Thumb Code     0  startup_stm32h723xx.o(.text)
    DCMI_PSSI_IRQHandler                     0x08000387   Thumb Code     0  startup_stm32h723xx.o(.text)
    DFSDM1_FLT0_IRQHandler                   0x08000387   Thumb Code     0  startup_stm32h723xx.o(.text)
    DFSDM1_FLT1_IRQHandler                   0x08000387   Thumb Code     0  startup_stm32h723xx.o(.text)
    DFSDM1_FLT2_IRQHandler                   0x08000387   Thumb Code     0  startup_stm32h723xx.o(.text)
    DFSDM1_FLT3_IRQHandler                   0x08000387   Thumb Code     0  startup_stm32h723xx.o(.text)
    DMA1_Stream0_IRQHandler                  0x08000387   Thumb Code     0  startup_stm32h723xx.o(.text)
    DMA1_Stream1_IRQHandler                  0x08000387   Thumb Code     0  startup_stm32h723xx.o(.text)
    DMA1_Stream2_IRQHandler                  0x08000387   Thumb Code     0  startup_stm32h723xx.o(.text)
    DMA1_Stream3_IRQHandler                  0x08000387   Thumb Code     0  startup_stm32h723xx.o(.text)
    DMA1_Stream4_IRQHandler                  0x08000387   Thumb Code     0  startup_stm32h723xx.o(.text)
    DMA1_Stream5_IRQHandler                  0x08000387   Thumb Code     0  startup_stm32h723xx.o(.text)
    DMA1_Stream6_IRQHandler                  0x08000387   Thumb Code     0  startup_stm32h723xx.o(.text)
    DMA1_Stream7_IRQHandler                  0x08000387   Thumb Code     0  startup_stm32h723xx.o(.text)
    DMA2D_IRQHandler                         0x08000387   Thumb Code     0  startup_stm32h723xx.o(.text)
    DMA2_Stream0_IRQHandler                  0x08000387   Thumb Code     0  startup_stm32h723xx.o(.text)
    DMA2_Stream1_IRQHandler                  0x08000387   Thumb Code     0  startup_stm32h723xx.o(.text)
    DMA2_Stream2_IRQHandler                  0x08000387   Thumb Code     0  startup_stm32h723xx.o(.text)
    DMA2_Stream3_IRQHandler                  0x08000387   Thumb Code     0  startup_stm32h723xx.o(.text)
    DMA2_Stream4_IRQHandler                  0x08000387   Thumb Code     0  startup_stm32h723xx.o(.text)
    DMA2_Stream5_IRQHandler                  0x08000387   Thumb Code     0  startup_stm32h723xx.o(.text)
    DMA2_Stream6_IRQHandler                  0x08000387   Thumb Code     0  startup_stm32h723xx.o(.text)
    DMA2_Stream7_IRQHandler                  0x08000387   Thumb Code     0  startup_stm32h723xx.o(.text)
    DMAMUX1_OVR_IRQHandler                   0x08000387   Thumb Code     0  startup_stm32h723xx.o(.text)
    DMAMUX2_OVR_IRQHandler                   0x08000387   Thumb Code     0  startup_stm32h723xx.o(.text)
    DTS_IRQHandler                           0x08000387   Thumb Code     0  startup_stm32h723xx.o(.text)
    ECC_IRQHandler                           0x08000387   Thumb Code     0  startup_stm32h723xx.o(.text)
    ETH_IRQHandler                           0x08000387   Thumb Code     0  startup_stm32h723xx.o(.text)
    ETH_WKUP_IRQHandler                      0x08000387   Thumb Code     0  startup_stm32h723xx.o(.text)
    EXTI0_IRQHandler                         0x08000387   Thumb Code     0  startup_stm32h723xx.o(.text)
    EXTI15_10_IRQHandler                     0x08000387   Thumb Code     0  startup_stm32h723xx.o(.text)
    EXTI1_IRQHandler                         0x08000387   Thumb Code     0  startup_stm32h723xx.o(.text)
    EXTI2_IRQHandler                         0x08000387   Thumb Code     0  startup_stm32h723xx.o(.text)
    EXTI3_IRQHandler                         0x08000387   Thumb Code     0  startup_stm32h723xx.o(.text)
    EXTI4_IRQHandler                         0x08000387   Thumb Code     0  startup_stm32h723xx.o(.text)
    EXTI9_5_IRQHandler                       0x08000387   Thumb Code     0  startup_stm32h723xx.o(.text)
    FDCAN1_IT0_IRQHandler                    0x08000387   Thumb Code     0  startup_stm32h723xx.o(.text)
    FDCAN1_IT1_IRQHandler                    0x08000387   Thumb Code     0  startup_stm32h723xx.o(.text)
    FDCAN2_IT0_IRQHandler                    0x08000387   Thumb Code     0  startup_stm32h723xx.o(.text)
    FDCAN2_IT1_IRQHandler                    0x08000387   Thumb Code     0  startup_stm32h723xx.o(.text)
    FDCAN3_IT0_IRQHandler                    0x08000387   Thumb Code     0  startup_stm32h723xx.o(.text)
    FDCAN3_IT1_IRQHandler                    0x08000387   Thumb Code     0  startup_stm32h723xx.o(.text)
    FDCAN_CAL_IRQHandler                     0x08000387   Thumb Code     0  startup_stm32h723xx.o(.text)
    FLASH_IRQHandler                         0x08000387   Thumb Code     0  startup_stm32h723xx.o(.text)
    FMAC_IRQHandler                          0x08000387   Thumb Code     0  startup_stm32h723xx.o(.text)
    FMC_IRQHandler                           0x08000387   Thumb Code     0  startup_stm32h723xx.o(.text)
    FPU_IRQHandler                           0x08000387   Thumb Code     0  startup_stm32h723xx.o(.text)
    HSEM1_IRQHandler                         0x08000387   Thumb Code     0  startup_stm32h723xx.o(.text)
    I2C1_ER_IRQHandler                       0x08000387   Thumb Code     0  startup_stm32h723xx.o(.text)
    I2C1_EV_IRQHandler                       0x08000387   Thumb Code     0  startup_stm32h723xx.o(.text)
    I2C2_ER_IRQHandler                       0x08000387   Thumb Code     0  startup_stm32h723xx.o(.text)
    I2C2_EV_IRQHandler                       0x08000387   Thumb Code     0  startup_stm32h723xx.o(.text)
    I2C3_ER_IRQHandler                       0x08000387   Thumb Code     0  startup_stm32h723xx.o(.text)
    I2C3_EV_IRQHandler                       0x08000387   Thumb Code     0  startup_stm32h723xx.o(.text)
    I2C4_ER_IRQHandler                       0x08000387   Thumb Code     0  startup_stm32h723xx.o(.text)
    I2C4_EV_IRQHandler                       0x08000387   Thumb Code     0  startup_stm32h723xx.o(.text)
    I2C5_ER_IRQHandler                       0x08000387   Thumb Code     0  startup_stm32h723xx.o(.text)
    I2C5_EV_IRQHandler                       0x08000387   Thumb Code     0  startup_stm32h723xx.o(.text)
    LPTIM1_IRQHandler                        0x08000387   Thumb Code     0  startup_stm32h723xx.o(.text)
    LPTIM2_IRQHandler                        0x08000387   Thumb Code     0  startup_stm32h723xx.o(.text)
    LPTIM3_IRQHandler                        0x08000387   Thumb Code     0  startup_stm32h723xx.o(.text)
    LPTIM4_IRQHandler                        0x08000387   Thumb Code     0  startup_stm32h723xx.o(.text)
    LPTIM5_IRQHandler                        0x08000387   Thumb Code     0  startup_stm32h723xx.o(.text)
    LPUART1_IRQHandler                       0x08000387   Thumb Code     0  startup_stm32h723xx.o(.text)
    LTDC_ER_IRQHandler                       0x08000387   Thumb Code     0  startup_stm32h723xx.o(.text)
    LTDC_IRQHandler                          0x08000387   Thumb Code     0  startup_stm32h723xx.o(.text)
    MDIOS_IRQHandler                         0x08000387   Thumb Code     0  startup_stm32h723xx.o(.text)
    MDIOS_WKUP_IRQHandler                    0x08000387   Thumb Code     0  startup_stm32h723xx.o(.text)
    MDMA_IRQHandler                          0x08000387   Thumb Code     0  startup_stm32h723xx.o(.text)
    OCTOSPI1_IRQHandler                      0x08000387   Thumb Code     0  startup_stm32h723xx.o(.text)
    OCTOSPI2_IRQHandler                      0x08000387   Thumb Code     0  startup_stm32h723xx.o(.text)
    OTG_HS_EP1_IN_IRQHandler                 0x08000387   Thumb Code     0  startup_stm32h723xx.o(.text)
    OTG_HS_EP1_OUT_IRQHandler                0x08000387   Thumb Code     0  startup_stm32h723xx.o(.text)
    OTG_HS_WKUP_IRQHandler                   0x08000387   Thumb Code     0  startup_stm32h723xx.o(.text)
    PVD_AVD_IRQHandler                       0x08000387   Thumb Code     0  startup_stm32h723xx.o(.text)
    RCC_IRQHandler                           0x08000387   Thumb Code     0  startup_stm32h723xx.o(.text)
    RNG_IRQHandler                           0x08000387   Thumb Code     0  startup_stm32h723xx.o(.text)
    RTC_Alarm_IRQHandler                     0x08000387   Thumb Code     0  startup_stm32h723xx.o(.text)
    RTC_WKUP_IRQHandler                      0x08000387   Thumb Code     0  startup_stm32h723xx.o(.text)
    SAI1_IRQHandler                          0x08000387   Thumb Code     0  startup_stm32h723xx.o(.text)
    SAI4_IRQHandler                          0x08000387   Thumb Code     0  startup_stm32h723xx.o(.text)
    SDMMC1_IRQHandler                        0x08000387   Thumb Code     0  startup_stm32h723xx.o(.text)
    SDMMC2_IRQHandler                        0x08000387   Thumb Code     0  startup_stm32h723xx.o(.text)
    SPDIF_RX_IRQHandler                      0x08000387   Thumb Code     0  startup_stm32h723xx.o(.text)
    SPI1_IRQHandler                          0x08000387   Thumb Code     0  startup_stm32h723xx.o(.text)
    SPI2_IRQHandler                          0x08000387   Thumb Code     0  startup_stm32h723xx.o(.text)
    SPI3_IRQHandler                          0x08000387   Thumb Code     0  startup_stm32h723xx.o(.text)
    SPI4_IRQHandler                          0x08000387   Thumb Code     0  startup_stm32h723xx.o(.text)
    SPI5_IRQHandler                          0x08000387   Thumb Code     0  startup_stm32h723xx.o(.text)
    SPI6_IRQHandler                          0x08000387   Thumb Code     0  startup_stm32h723xx.o(.text)
    SWPMI1_IRQHandler                        0x08000387   Thumb Code     0  startup_stm32h723xx.o(.text)
    TAMP_STAMP_IRQHandler                    0x08000387   Thumb Code     0  startup_stm32h723xx.o(.text)
    TIM15_IRQHandler                         0x08000387   Thumb Code     0  startup_stm32h723xx.o(.text)
    TIM16_IRQHandler                         0x08000387   Thumb Code     0  startup_stm32h723xx.o(.text)
    TIM17_IRQHandler                         0x08000387   Thumb Code     0  startup_stm32h723xx.o(.text)
    TIM1_BRK_IRQHandler                      0x08000387   Thumb Code     0  startup_stm32h723xx.o(.text)
    TIM1_CC_IRQHandler                       0x08000387   Thumb Code     0  startup_stm32h723xx.o(.text)
    TIM1_TRG_COM_IRQHandler                  0x08000387   Thumb Code     0  startup_stm32h723xx.o(.text)
    TIM1_UP_IRQHandler                       0x08000387   Thumb Code     0  startup_stm32h723xx.o(.text)
    TIM23_IRQHandler                         0x08000387   Thumb Code     0  startup_stm32h723xx.o(.text)
    TIM24_IRQHandler                         0x08000387   Thumb Code     0  startup_stm32h723xx.o(.text)
    TIM2_IRQHandler                          0x08000387   Thumb Code     0  startup_stm32h723xx.o(.text)
    TIM3_IRQHandler                          0x08000387   Thumb Code     0  startup_stm32h723xx.o(.text)
    TIM4_IRQHandler                          0x08000387   Thumb Code     0  startup_stm32h723xx.o(.text)
    TIM5_IRQHandler                          0x08000387   Thumb Code     0  startup_stm32h723xx.o(.text)
    TIM6_DAC_IRQHandler                      0x08000387   Thumb Code     0  startup_stm32h723xx.o(.text)
    TIM7_IRQHandler                          0x08000387   Thumb Code     0  startup_stm32h723xx.o(.text)
    TIM8_BRK_TIM12_IRQHandler                0x08000387   Thumb Code     0  startup_stm32h723xx.o(.text)
    TIM8_CC_IRQHandler                       0x08000387   Thumb Code     0  startup_stm32h723xx.o(.text)
    TIM8_TRG_COM_TIM14_IRQHandler            0x08000387   Thumb Code     0  startup_stm32h723xx.o(.text)
    TIM8_UP_TIM13_IRQHandler                 0x08000387   Thumb Code     0  startup_stm32h723xx.o(.text)
    UART4_IRQHandler                         0x08000387   Thumb Code     0  startup_stm32h723xx.o(.text)
    UART5_IRQHandler                         0x08000387   Thumb Code     0  startup_stm32h723xx.o(.text)
    UART7_IRQHandler                         0x08000387   Thumb Code     0  startup_stm32h723xx.o(.text)
    UART8_IRQHandler                         0x08000387   Thumb Code     0  startup_stm32h723xx.o(.text)
    UART9_IRQHandler                         0x08000387   Thumb Code     0  startup_stm32h723xx.o(.text)
    USART10_IRQHandler                       0x08000387   Thumb Code     0  startup_stm32h723xx.o(.text)
    USART1_IRQHandler                        0x08000387   Thumb Code     0  startup_stm32h723xx.o(.text)
    USART2_IRQHandler                        0x08000387   Thumb Code     0  startup_stm32h723xx.o(.text)
    USART3_IRQHandler                        0x08000387   Thumb Code     0  startup_stm32h723xx.o(.text)
    USART6_IRQHandler                        0x08000387   Thumb Code     0  startup_stm32h723xx.o(.text)
    WAKEUP_PIN_IRQHandler                    0x08000387   Thumb Code     0  startup_stm32h723xx.o(.text)
    WWDG_IRQHandler                          0x08000387   Thumb Code     0  startup_stm32h723xx.o(.text)
    __user_initial_stackheap                 0x08000389   Thumb Code     0  startup_stm32h723xx.o(.text)
    __aeabi_memcpy4                          0x080003ad   Thumb Code     0  rt_memcpy_w.o(.text)
    __aeabi_memcpy8                          0x080003ad   Thumb Code     0  rt_memcpy_w.o(.text)
    __rt_memcpy_w                            0x080003ad   Thumb Code   100  rt_memcpy_w.o(.text)
    _memcpy_lastbytes_aligned                0x080003f5   Thumb Code     0  rt_memcpy_w.o(.text)
    __aeabi_memclr4                          0x08000411   Thumb Code     0  rt_memclr_w.o(.text)
    __aeabi_memclr8                          0x08000411   Thumb Code     0  rt_memclr_w.o(.text)
    __rt_memclr_w                            0x08000411   Thumb Code    78  rt_memclr_w.o(.text)
    _memset_w                                0x08000415   Thumb Code     0  rt_memclr_w.o(.text)
    __use_two_region_memory                  0x0800045f   Thumb Code     2  heapauxi.o(.text)
    __rt_heap_escrow$2region                 0x08000461   Thumb Code     2  heapauxi.o(.text)
    __rt_heap_expand$2region                 0x08000463   Thumb Code     2  heapauxi.o(.text)
    __read_errno                             0x08000465   Thumb Code    10  _rserrno.o(.text)
    __set_errno                              0x0800046f   Thumb Code    12  _rserrno.o(.text)
    __aeabi_errno_addr                       0x0800047d   Thumb Code     8  rt_errno_addr_intlibspace.o(.text)
    __errno$intlibspace                      0x0800047d   Thumb Code     0  rt_errno_addr_intlibspace.o(.text)
    __rt_errno_addr$intlibspace              0x0800047d   Thumb Code     0  rt_errno_addr_intlibspace.o(.text)
    __user_libspace                          0x08000485   Thumb Code     8  libspace.o(.text)
    __user_perproc_libspace                  0x08000485   Thumb Code     0  libspace.o(.text)
    __user_perthread_libspace                0x08000485   Thumb Code     0  libspace.o(.text)
    __user_setup_stackheap                   0x0800048d   Thumb Code    74  sys_stackheap_outer.o(.text)
    exit                                     0x080004d7   Thumb Code    18  exit.o(.text)
    _sys_exit                                0x080004e9   Thumb Code     8  sys_exit.o(.text)
    __I$use$semihosting                      0x080004f5   Thumb Code     0  use_no_semi.o(.text)
    __use_no_semihosting_swi                 0x080004f5   Thumb Code     2  use_no_semi.o(.text)
    BusFault_Handler                         0x080004f7   Thumb Code     2  stm32h7xx_it.o(i.BusFault_Handler)
    __semihosting_library_function           0x080004f7   Thumb Code     0  indicate_semi.o(.text)
    CDC_Transmit_HS                          0x08000541   Thumb Code    38  usbd_cdc_if.o(i.CDC_Transmit_HS)
    DebugMon_Handler                         0x0800056d   Thumb Code     2  stm32h7xx_it.o(i.DebugMon_Handler)
    Error_Handler                            0x0800056f   Thumb Code     4  main.o(i.Error_Handler)
    HAL_Delay                                0x08000575   Thumb Code    32  stm32h7xx_hal.o(i.HAL_Delay)
    HAL_GetTick                              0x08000599   Thumb Code     6  stm32h7xx_hal.o(i.HAL_GetTick)
    HAL_IncTick                              0x080005a5   Thumb Code    12  stm32h7xx_hal.o(i.HAL_IncTick)
    HAL_Init                                 0x080005b5   Thumb Code    74  stm32h7xx_hal.o(i.HAL_Init)
    HAL_InitTick                             0x08000611   Thumb Code    56  stm32h7xx_hal.o(i.HAL_InitTick)
    HAL_MspInit                              0x08000651   Thumb Code    22  stm32h7xx_hal_msp.o(i.HAL_MspInit)
    HAL_NVIC_EnableIRQ                       0x0800066d   Thumb Code    26  stm32h7xx_hal_cortex.o(i.HAL_NVIC_EnableIRQ)
    HAL_NVIC_SetPriority                     0x08000689   Thumb Code    60  stm32h7xx_hal_cortex.o(i.HAL_NVIC_SetPriority)
    HAL_NVIC_SetPriorityGrouping             0x080006c9   Thumb Code    28  stm32h7xx_hal_cortex.o(i.HAL_NVIC_SetPriorityGrouping)
    HAL_PCDEx_ActivateLPM                    0x080006ed   Thumb Code    34  stm32h7xx_hal_pcd_ex.o(i.HAL_PCDEx_ActivateLPM)
    HAL_PCDEx_LPM_Callback                   0x08000715   Thumb Code     2  stm32h7xx_hal_pcd_ex.o(i.HAL_PCDEx_LPM_Callback)
    HAL_PCDEx_SetRxFiFo                      0x08000717   Thumb Code     8  stm32h7xx_hal_pcd_ex.o(i.HAL_PCDEx_SetRxFiFo)
    HAL_PCDEx_SetTxFiFo                      0x0800071f   Thumb Code    70  stm32h7xx_hal_pcd_ex.o(i.HAL_PCDEx_SetTxFiFo)
    HAL_PCD_ConnectCallback                  0x08000765   Thumb Code     8  usbd_conf.o(i.HAL_PCD_ConnectCallback)
    HAL_PCD_DataInStageCallback              0x0800076d   Thumb Code    18  usbd_conf.o(i.HAL_PCD_DataInStageCallback)
    HAL_PCD_DataOutStageCallback             0x0800077f   Thumb Code    20  usbd_conf.o(i.HAL_PCD_DataOutStageCallback)
    HAL_PCD_DisconnectCallback               0x08000793   Thumb Code     8  usbd_conf.o(i.HAL_PCD_DisconnectCallback)
    HAL_PCD_EP_Abort                         0x0800079b   Thumb Code    30  stm32h7xx_hal_pcd.o(i.HAL_PCD_EP_Abort)
    HAL_PCD_EP_Close                         0x080007b9   Thumb Code    76  stm32h7xx_hal_pcd.o(i.HAL_PCD_EP_Close)
    HAL_PCD_EP_ClrStall                      0x08000805   Thumb Code    92  stm32h7xx_hal_pcd.o(i.HAL_PCD_EP_ClrStall)
    HAL_PCD_EP_GetRxCount                    0x08000861   Thumb Code    18  stm32h7xx_hal_pcd.o(i.HAL_PCD_EP_GetRxCount)
    HAL_PCD_EP_Open                          0x08000873   Thumb Code    96  stm32h7xx_hal_pcd.o(i.HAL_PCD_EP_Open)
    HAL_PCD_EP_Receive                       0x080008d3   Thumb Code    52  stm32h7xx_hal_pcd.o(i.HAL_PCD_EP_Receive)
    HAL_PCD_EP_SetStall                      0x08000907   Thumb Code   116  stm32h7xx_hal_pcd.o(i.HAL_PCD_EP_SetStall)
    HAL_PCD_EP_Transmit                      0x0800097b   Thumb Code    52  stm32h7xx_hal_pcd.o(i.HAL_PCD_EP_Transmit)
    HAL_PCD_IRQHandler                       0x080009b1   Thumb Code  1436  stm32h7xx_hal_pcd.o(i.HAL_PCD_IRQHandler)
    HAL_PCD_ISOINIncompleteCallback          0x08000f4d   Thumb Code     8  usbd_conf.o(i.HAL_PCD_ISOINIncompleteCallback)
    HAL_PCD_ISOOUTIncompleteCallback         0x08000f55   Thumb Code     8  usbd_conf.o(i.HAL_PCD_ISOOUTIncompleteCallback)
    HAL_PCD_Init                             0x08000f5d   Thumb Code   242  stm32h7xx_hal_pcd.o(i.HAL_PCD_Init)
    HAL_PCD_MspInit                          0x08001051   Thumb Code    92  usbd_conf.o(i.HAL_PCD_MspInit)
    HAL_PCD_ResetCallback                    0x080010b5   Thumb Code    44  usbd_conf.o(i.HAL_PCD_ResetCallback)
    HAL_PCD_ResumeCallback                   0x080010e1   Thumb Code     8  usbd_conf.o(i.HAL_PCD_ResumeCallback)
    HAL_PCD_SOFCallback                      0x080010e9   Thumb Code     8  usbd_conf.o(i.HAL_PCD_SOFCallback)
    HAL_PCD_SetAddress                       0x080010f1   Thumb Code    40  stm32h7xx_hal_pcd.o(i.HAL_PCD_SetAddress)
    HAL_PCD_SetupStageCallback               0x08001119   Thumb Code    14  usbd_conf.o(i.HAL_PCD_SetupStageCallback)
    HAL_PCD_Start                            0x08001127   Thumb Code    66  stm32h7xx_hal_pcd.o(i.HAL_PCD_Start)
    HAL_PCD_SuspendCallback                  0x08001169   Thumb Code    44  usbd_conf.o(i.HAL_PCD_SuspendCallback)
    HAL_PWREx_ConfigSupply                   0x08001199   Thumb Code    78  stm32h7xx_hal_pwr_ex.o(i.HAL_PWREx_ConfigSupply)
    HAL_PWREx_EnableUSBVoltageDetector       0x080011ed   Thumb Code    12  stm32h7xx_hal_pwr_ex.o(i.HAL_PWREx_EnableUSBVoltageDetector)
    HAL_RCCEx_PeriphCLKConfig                0x080011fd   Thumb Code  2362  stm32h7xx_hal_rcc_ex.o(i.HAL_RCCEx_PeriphCLKConfig)
    HAL_RCC_ClockConfig                      0x08001b39   Thumb Code   580  stm32h7xx_hal_rcc.o(i.HAL_RCC_ClockConfig)
    HAL_RCC_GetHCLKFreq                      0x08001d95   Thumb Code    52  stm32h7xx_hal_rcc.o(i.HAL_RCC_GetHCLKFreq)
    HAL_RCC_GetSysClockFreq                  0x08001dd9   Thumb Code   278  stm32h7xx_hal_rcc.o(i.HAL_RCC_GetSysClockFreq)
    HAL_RCC_OscConfig                        0x08001f11   Thumb Code  1318  stm32h7xx_hal_rcc.o(i.HAL_RCC_OscConfig)
    HAL_SYSTICK_Config                       0x08002437   Thumb Code    38  stm32h7xx_hal_cortex.o(i.HAL_SYSTICK_Config)
    HardFault_Handler                        0x0800245d   Thumb Code     2  stm32h7xx_it.o(i.HardFault_Handler)
    MX_GPIO_Init                             0x08002499   Thumb Code    38  gpio.o(i.MX_GPIO_Init)
    MX_USB_DEVICE_Init                       0x080024c5   Thumb Code    66  usb_device.o(i.MX_USB_DEVICE_Init)
    MemManage_Handler                        0x08002519   Thumb Code     2  stm32h7xx_it.o(i.MemManage_Handler)
    NMI_Handler                              0x0800251b   Thumb Code     2  stm32h7xx_it.o(i.NMI_Handler)
    OTG_HS_IRQHandler                        0x0800251d   Thumb Code     6  stm32h7xx_it.o(i.OTG_HS_IRQHandler)
    PendSV_Handler                           0x08002697   Thumb Code     2  stm32h7xx_it.o(i.PendSV_Handler)
    SVC_Handler                              0x080028d9   Thumb Code     2  stm32h7xx_it.o(i.SVC_Handler)
    SysTick_Handler                          0x080028e5   Thumb Code     4  stm32h7xx_it.o(i.SysTick_Handler)
    SystemClock_Config                       0x080028e9   Thumb Code   150  main.o(i.SystemClock_Config)
    SystemInit                               0x08002985   Thumb Code   158  system_stm32h7xx.o(i.SystemInit)
    USBD_CDC_GetDeviceQualifierDescriptor    0x08002bc1   Thumb Code     8  usbd_cdc.o(i.USBD_CDC_GetDeviceQualifierDescriptor)
    USBD_CDC_ReceivePacket                   0x08002da9   Thumb Code    50  usbd_cdc.o(i.USBD_CDC_ReceivePacket)
    USBD_CDC_RegisterInterface               0x08002de1   Thumb Code    22  usbd_cdc.o(i.USBD_CDC_RegisterInterface)
    USBD_CDC_SetRxBuffer                     0x08002df7   Thumb Code    26  usbd_cdc.o(i.USBD_CDC_SetRxBuffer)
    USBD_CDC_SetTxBuffer                     0x08002e11   Thumb Code    30  usbd_cdc.o(i.USBD_CDC_SetTxBuffer)
    USBD_CDC_TransmitPacket                  0x08002efd   Thumb Code    76  usbd_cdc.o(i.USBD_CDC_TransmitPacket)
    USBD_ClrClassConfig                      0x08002f4d   Thumb Code    20  usbd_core.o(i.USBD_ClrClassConfig)
    USBD_CoreFindEP                          0x08002f61   Thumb Code     4  usbd_core.o(i.USBD_CoreFindEP)
    USBD_CoreFindIF                          0x08002f65   Thumb Code     4  usbd_core.o(i.USBD_CoreFindIF)
    USBD_CtlContinueRx                       0x08002f69   Thumb Code    16  usbd_ioreq.o(i.USBD_CtlContinueRx)
    USBD_CtlContinueSendData                 0x08002f79   Thumb Code    16  usbd_ioreq.o(i.USBD_CtlContinueSendData)
    USBD_CtlError                            0x08002f89   Thumb Code    22  usbd_ctlreq.o(i.USBD_CtlError)
    USBD_CtlPrepareRx                        0x08002f9f   Thumb Code    30  usbd_ioreq.o(i.USBD_CtlPrepareRx)
    USBD_CtlReceiveStatus                    0x08002fbd   Thumb Code    22  usbd_ioreq.o(i.USBD_CtlReceiveStatus)
    USBD_CtlSendData                         0x08002fd3   Thumb Code    26  usbd_ioreq.o(i.USBD_CtlSendData)
    USBD_CtlSendStatus                       0x08002fed   Thumb Code    22  usbd_ioreq.o(i.USBD_CtlSendStatus)
    USBD_GetEpDesc                           0x080030fd   Thumb Code    58  usbd_core.o(i.USBD_GetEpDesc)
    USBD_GetNextDesc                         0x08003137   Thumb Code    14  usbd_core.o(i.USBD_GetNextDesc)
    USBD_GetString                           0x08003145   Thumb Code    74  usbd_ctlreq.o(i.USBD_GetString)
    USBD_Get_USB_Status                      0x0800318f   Thumb Code    24  usbd_conf.o(i.USBD_Get_USB_Status)
    USBD_HS_ConfigStrDescriptor              0x080031a9   Thumb Code    16  usbd_desc.o(i.USBD_HS_ConfigStrDescriptor)
    USBD_HS_DeviceDescriptor                 0x080031c9   Thumb Code     8  usbd_desc.o(i.USBD_HS_DeviceDescriptor)
    USBD_HS_InterfaceStrDescriptor           0x080031d5   Thumb Code    16  usbd_desc.o(i.USBD_HS_InterfaceStrDescriptor)
    USBD_HS_LangIDStrDescriptor              0x080031f9   Thumb Code     8  usbd_desc.o(i.USBD_HS_LangIDStrDescriptor)
    USBD_HS_ManufacturerStrDescriptor        0x08003205   Thumb Code    16  usbd_desc.o(i.USBD_HS_ManufacturerStrDescriptor)
    USBD_HS_ProductStrDescriptor             0x0800322d   Thumb Code    16  usbd_desc.o(i.USBD_HS_ProductStrDescriptor)
    USBD_HS_SerialStrDescriptor              0x08003259   Thumb Code    50  usbd_desc.o(i.USBD_HS_SerialStrDescriptor)
    USBD_Init                                0x08003295   Thumb Code    38  usbd_core.o(i.USBD_Init)
    USBD_LL_ClearStallEP                     0x080032bb   Thumb Code    18  usbd_conf.o(i.USBD_LL_ClearStallEP)
    USBD_LL_CloseEP                          0x080032cd   Thumb Code    18  usbd_conf.o(i.USBD_LL_CloseEP)
    USBD_LL_DataInStage                      0x080032df   Thumb Code   184  usbd_core.o(i.USBD_LL_DataInStage)
    USBD_LL_DataOutStage                     0x08003397   Thumb Code   144  usbd_core.o(i.USBD_LL_DataOutStage)
    USBD_LL_DevConnected                     0x08003427   Thumb Code     4  usbd_core.o(i.USBD_LL_DevConnected)
    USBD_LL_DevDisconnected                  0x0800342b   Thumb Code    32  usbd_core.o(i.USBD_LL_DevDisconnected)
    USBD_LL_GetRxDataSize                    0x0800344b   Thumb Code     8  usbd_conf.o(i.USBD_LL_GetRxDataSize)
    USBD_LL_Init                             0x08003455   Thumb Code    96  usbd_conf.o(i.USBD_LL_Init)
    USBD_LL_IsStallEP                        0x080034bd   Thumb Code    32  usbd_conf.o(i.USBD_LL_IsStallEP)
    USBD_LL_IsoINIncomplete                  0x080034dd   Thumb Code    40  usbd_core.o(i.USBD_LL_IsoINIncomplete)
    USBD_LL_IsoOUTIncomplete                 0x08003505   Thumb Code    40  usbd_core.o(i.USBD_LL_IsoOUTIncomplete)
    USBD_LL_OpenEP                           0x0800352d   Thumb Code    24  usbd_conf.o(i.USBD_LL_OpenEP)
    USBD_LL_PrepareReceive                   0x08003545   Thumb Code    18  usbd_conf.o(i.USBD_LL_PrepareReceive)
    USBD_LL_Reset                            0x08003557   Thumb Code    94  usbd_core.o(i.USBD_LL_Reset)
    USBD_LL_Resume                           0x080035b5   Thumb Code    20  usbd_core.o(i.USBD_LL_Resume)
    USBD_LL_SOF                              0x080035c9   Thumb Code    26  usbd_core.o(i.USBD_LL_SOF)
    USBD_LL_SetSpeed                         0x080035e3   Thumb Code     6  usbd_core.o(i.USBD_LL_SetSpeed)
    USBD_LL_SetUSBAddress                    0x080035e9   Thumb Code    18  usbd_conf.o(i.USBD_LL_SetUSBAddress)
    USBD_LL_SetupStage                       0x080035fb   Thumb Code    96  usbd_core.o(i.USBD_LL_SetupStage)
    USBD_LL_StallEP                          0x0800365b   Thumb Code    18  usbd_conf.o(i.USBD_LL_StallEP)
    USBD_LL_Start                            0x0800366d   Thumb Code    18  usbd_conf.o(i.USBD_LL_Start)
    USBD_LL_Suspend                          0x0800367f   Thumb Code    26  usbd_core.o(i.USBD_LL_Suspend)
    USBD_LL_Transmit                         0x08003699   Thumb Code    18  usbd_conf.o(i.USBD_LL_Transmit)
    USBD_ParseSetupRequest                   0x080036ab   Thumb Code    42  usbd_ctlreq.o(i.USBD_ParseSetupRequest)
    USBD_RegisterClass                       0x080036d5   Thumb Code    58  usbd_core.o(i.USBD_RegisterClass)
    USBD_SetClassConfig                      0x0800370f   Thumb Code    20  usbd_core.o(i.USBD_SetClassConfig)
    USBD_Start                               0x080037e1   Thumb Code     4  usbd_core.o(i.USBD_Start)
    USBD_StdDevReq                           0x080037e5   Thumb Code   302  usbd_ctlreq.o(i.USBD_StdDevReq)
    USBD_StdEPReq                            0x08003913   Thumb Code   356  usbd_ctlreq.o(i.USBD_StdEPReq)
    USBD_StdItfReq                           0x08003a77   Thumb Code   116  usbd_ctlreq.o(i.USBD_StdItfReq)
    USBD_static_free                         0x08003aeb   Thumb Code     2  usbd_conf.o(i.USBD_static_free)
    USBD_static_malloc                       0x08003aed   Thumb Code     4  usbd_conf.o(i.USBD_static_malloc)
    USB_ActivateEndpoint                     0x08003af5   Thumb Code   124  stm32h7xx_ll_usb.o(i.USB_ActivateEndpoint)
    USB_ActivateSetup                        0x08003b75   Thumb Code    28  stm32h7xx_ll_usb.o(i.USB_ActivateSetup)
    USB_CoreInit                             0x08003b91   Thumb Code   128  stm32h7xx_ll_usb.o(i.USB_CoreInit)
    USB_DeactivateEndpoint                   0x08003c59   Thumb Code   194  stm32h7xx_ll_usb.o(i.USB_DeactivateEndpoint)
    USB_DevConnect                           0x08003d25   Thumb Code    28  stm32h7xx_ll_usb.o(i.USB_DevConnect)
    USB_DevDisconnect                        0x08003d41   Thumb Code    28  stm32h7xx_ll_usb.o(i.USB_DevDisconnect)
    USB_DevInit                              0x08003d5d   Thumb Code   366  stm32h7xx_ll_usb.o(i.USB_DevInit)
    USB_DisableGlobalInt                     0x08003ed5   Thumb Code    12  stm32h7xx_ll_usb.o(i.USB_DisableGlobalInt)
    USB_EP0_OutStart                         0x08003ee1   Thumb Code    84  stm32h7xx_ll_usb.o(i.USB_EP0_OutStart)
    USB_EPClearStall                         0x08003f39   Thumb Code    88  stm32h7xx_ll_usb.o(i.USB_EPClearStall)
    USB_EPSetStall                           0x08003f91   Thumb Code    88  stm32h7xx_ll_usb.o(i.USB_EPSetStall)
    USB_EPStartXfer                          0x08003fe9   Thumb Code   562  stm32h7xx_ll_usb.o(i.USB_EPStartXfer)
    USB_EPStopXfer                           0x08004221   Thumb Code   158  stm32h7xx_ll_usb.o(i.USB_EPStopXfer)
    USB_EnableGlobalInt                      0x080042bf   Thumb Code    12  stm32h7xx_ll_usb.o(i.USB_EnableGlobalInt)
    USB_FlushRxFifo                          0x080042cd   Thumb Code    54  stm32h7xx_ll_usb.o(i.USB_FlushRxFifo)
    USB_FlushTxFifo                          0x08004309   Thumb Code    58  stm32h7xx_ll_usb.o(i.USB_FlushTxFifo)
    USB_GetDevSpeed                          0x08004349   Thumb Code    26  stm32h7xx_ll_usb.o(i.USB_GetDevSpeed)
    USB_GetMode                              0x08004363   Thumb Code     8  stm32h7xx_ll_usb.o(i.USB_GetMode)
    USB_ReadDevAllInEpInterrupt              0x0800436b   Thumb Code    14  stm32h7xx_ll_usb.o(i.USB_ReadDevAllInEpInterrupt)
    USB_ReadDevAllOutEpInterrupt             0x08004379   Thumb Code    14  stm32h7xx_ll_usb.o(i.USB_ReadDevAllOutEpInterrupt)
    USB_ReadDevInEPInterrupt                 0x08004387   Thumb Code    36  stm32h7xx_ll_usb.o(i.USB_ReadDevInEPInterrupt)
    USB_ReadDevOutEPInterrupt                0x080043ab   Thumb Code    16  stm32h7xx_ll_usb.o(i.USB_ReadDevOutEPInterrupt)
    USB_ReadInterrupts                       0x080043bb   Thumb Code     8  stm32h7xx_ll_usb.o(i.USB_ReadInterrupts)
    USB_ReadPacket                           0x080043c3   Thumb Code    64  stm32h7xx_ll_usb.o(i.USB_ReadPacket)
    USB_SetCurrentMode                       0x08004403   Thumb Code    94  stm32h7xx_ll_usb.o(i.USB_SetCurrentMode)
    USB_SetDevAddress                        0x08004461   Thumb Code    34  stm32h7xx_ll_usb.o(i.USB_SetDevAddress)
    USB_SetTurnaroundTime                    0x08004485   Thumb Code   158  stm32h7xx_ll_usb.o(i.USB_SetTurnaroundTime)
    USB_WritePacket                          0x0800456d   Thumb Code    40  stm32h7xx_ll_usb.o(i.USB_WritePacket)
    UsageFault_Handler                       0x08004595   Thumb Code     2  stm32h7xx_it.o(i.UsageFault_Handler)
    __ARM_fpclassify                         0x08004597   Thumb Code    48  fpclassify.o(i.__ARM_fpclassify)
    __hardfp_sin                             0x080045e9   Thumb Code   158  sin.o(i.__hardfp_sin)
    __ieee754_rem_pio2                       0x08004699   Thumb Code   646  rred.o(i.__ieee754_rem_pio2)
    __kernel_cos                             0x080049a9   Thumb Code   182  cos_i.o(i.__kernel_cos)
    __kernel_poly                            0x08004a89   Thumb Code   112  poly.o(i.__kernel_poly)
    __kernel_sin                             0x08004af9   Thumb Code   144  sin_i.o(i.__kernel_sin)
    __mathlib_dbl_invalid                    0x08004ba1   Thumb Code    10  dunder.o(i.__mathlib_dbl_invalid)
    __mathlib_dbl_underflow                  0x08004bb9   Thumb Code    10  dunder.o(i.__mathlib_dbl_underflow)
    fabs                                     0x08004bd1   Thumb Code    24  fabs.o(i.fabs)
    main                                     0x08004be9   Thumb Code    22  main.o(i.main)
    vofa_demo                                0x08004c01   Thumb Code   214  vofa.o(i.vofa_demo)
    vofa_send_data                           0x08004d01   Thumb Code    44  vofa.o(i.vofa_send_data)
    vofa_sendframetail                       0x08004d35   Thumb Code    50  vofa.o(i.vofa_sendframetail)
    vofa_start                               0x08004d71   Thumb Code     4  vofa.o(i.vofa_start)
    vofa_transmit                            0x08004d75   Thumb Code     4  vofa.o(i.vofa_transmit)
    _fp_init                                 0x08004d79   Thumb Code    10  fpinit.o(x$fpl$fpinit)
    __fplib_config_fpu_vfp                   0x08004d81   Thumb Code     0  fpinit.o(x$fpl$fpinit)
    __fplib_config_pureend_doubles           0x08004d81   Thumb Code     0  fpinit.o(x$fpl$fpinit)
    D1CorePrescTable                         0x08004d82   Data          16  system_stm32h7xx.o(.constdata)
    __I$use$fp                               0x08004d82   Number         0  usenofp.o(x$fpl$usenofp)
    Region$$Table$$Base                      0x08004eb8   Number         0  anon$$obj.o(Region$$Table)
    Region$$Table$$Limit                     0x08004ed8   Number         0  anon$$obj.o(Region$$Table)
    cnt                                      0x24000000   Data           2  vofa.o(.data)
    HS_Desc                                  0x24000008   Data          32  usbd_desc.o(.data)
    USBD_LangIDDesc                          0x24000028   Data           4  usbd_desc.o(.data)
    USBD_HS_DeviceDesc                       0x2400002c   Data          18  usbd_desc.o(.data)
    USBD_HS_BOSDesc                          0x24000040   Data          12  usbd_desc.o(.data)
    USBD_StringSerial                        0x2400004c   Data          26  usbd_desc.o(.data)
    USBD_Interface_fops_HS                   0x24000068   Data          20  usbd_cdc_if.o(.data)
    uwTickFreq                               0x2400007c   Data           1  stm32h7xx_hal.o(.data)
    uwTickPrio                               0x24000080   Data           4  stm32h7xx_hal.o(.data)
    uwTick                                   0x24000084   Data           4  stm32h7xx_hal.o(.data)
    SystemCoreClock                          0x24000088   Data           4  system_stm32h7xx.o(.data)
    SystemD2Clock                            0x2400008c   Data           4  system_stm32h7xx.o(.data)
    USBD_CDC                                 0x240000e8   Data          56  usbd_cdc.o(.data)
    send_buf                                 0x24000120   Data        1024  vofa.o(.bss)
    hUsbDeviceHS                             0x24000520   Data         732  usb_device.o(.bss)
    USBD_StrDesc                             0x240007fc   Data         512  usbd_desc.o(.bss)
    UserRxBufferHS                           0x240009fc   Data        2048  usbd_cdc_if.o(.bss)
    UserTxBufferHS                           0x240011fc   Data        2048  usbd_cdc_if.o(.bss)
    hpcd_USB_OTG_HS                          0x24001c1c   Data        1292  usbd_conf.o(.bss)
    __libspace_start                         0x24002128   Data          96  libspace.o(.bss)
    __temporary_stack_top$libspace           0x24002188   Data           0  libspace.o(.bss)



==============================================================================

Memory Map of the image

  Image Entry point : 0x080002cd

  Load Region LR_IROM1 (Base: 0x08000000, Size: 0x00004ff8, Max: 0x00100000, ABSOLUTE)

    Execution Region ER_IROM1 (Exec base: 0x08000000, Load base: 0x08000000, Size: 0x00004ed8, Max: 0x00100000, ABSOLUTE)

    Exec Addr    Load Addr    Size         Type   Attr      Idx    E Section Name        Object

    0x08000000   0x08000000   0x000002cc   Data   RO            3    RESET               startup_stm32h723xx.o
    0x080002cc   0x080002cc   0x00000008   Code   RO         4293  * !!!main             c_w.l(__main.o)
    0x080002d4   0x080002d4   0x00000034   Code   RO         4508    !!!scatter          c_w.l(__scatter.o)
    0x08000308   0x08000308   0x0000001a   Code   RO         4510    !!handler_copy      c_w.l(__scatter_copy.o)
    0x08000322   0x08000322   0x00000002   PAD
    0x08000324   0x08000324   0x0000001c   Code   RO         4512    !!handler_zi        c_w.l(__scatter_zi.o)
    0x08000340   0x08000340   0x00000002   Code   RO         4381    .ARM.Collect$$libinit$$00000000  c_w.l(libinit.o)
    0x08000342   0x08000342   0x00000004   Code   RO         4384    .ARM.Collect$$libinit$$00000001  c_w.l(libinit2.o)
    0x08000346   0x08000346   0x00000000   Code   RO         4387    .ARM.Collect$$libinit$$00000004  c_w.l(libinit2.o)
    0x08000346   0x08000346   0x00000000   Code   RO         4390    .ARM.Collect$$libinit$$0000000A  c_w.l(libinit2.o)
    0x08000346   0x08000346   0x00000000   Code   RO         4392    .ARM.Collect$$libinit$$0000000C  c_w.l(libinit2.o)
    0x08000346   0x08000346   0x00000000   Code   RO         4394    .ARM.Collect$$libinit$$0000000E  c_w.l(libinit2.o)
    0x08000346   0x08000346   0x00000000   Code   RO         4397    .ARM.Collect$$libinit$$00000011  c_w.l(libinit2.o)
    0x08000346   0x08000346   0x00000000   Code   RO         4399    .ARM.Collect$$libinit$$00000013  c_w.l(libinit2.o)
    0x08000346   0x08000346   0x00000000   Code   RO         4401    .ARM.Collect$$libinit$$00000015  c_w.l(libinit2.o)
    0x08000346   0x08000346   0x00000000   Code   RO         4403    .ARM.Collect$$libinit$$00000017  c_w.l(libinit2.o)
    0x08000346   0x08000346   0x00000000   Code   RO         4405    .ARM.Collect$$libinit$$00000019  c_w.l(libinit2.o)
    0x08000346   0x08000346   0x00000000   Code   RO         4407    .ARM.Collect$$libinit$$0000001B  c_w.l(libinit2.o)
    0x08000346   0x08000346   0x00000000   Code   RO         4409    .ARM.Collect$$libinit$$0000001D  c_w.l(libinit2.o)
    0x08000346   0x08000346   0x00000000   Code   RO         4411    .ARM.Collect$$libinit$$0000001F  c_w.l(libinit2.o)
    0x08000346   0x08000346   0x00000000   Code   RO         4413    .ARM.Collect$$libinit$$00000021  c_w.l(libinit2.o)
    0x08000346   0x08000346   0x00000000   Code   RO         4415    .ARM.Collect$$libinit$$00000023  c_w.l(libinit2.o)
    0x08000346   0x08000346   0x00000000   Code   RO         4417    .ARM.Collect$$libinit$$00000025  c_w.l(libinit2.o)
    0x08000346   0x08000346   0x00000000   Code   RO         4421    .ARM.Collect$$libinit$$0000002C  c_w.l(libinit2.o)
    0x08000346   0x08000346   0x00000000   Code   RO         4423    .ARM.Collect$$libinit$$0000002E  c_w.l(libinit2.o)
    0x08000346   0x08000346   0x00000000   Code   RO         4425    .ARM.Collect$$libinit$$00000030  c_w.l(libinit2.o)
    0x08000346   0x08000346   0x00000000   Code   RO         4427    .ARM.Collect$$libinit$$00000032  c_w.l(libinit2.o)
    0x08000346   0x08000346   0x00000002   Code   RO         4428    .ARM.Collect$$libinit$$00000033  c_w.l(libinit2.o)
    0x08000348   0x08000348   0x00000002   Code   RO         4448    .ARM.Collect$$libshutdown$$00000000  c_w.l(libshutdown.o)
    0x0800034a   0x0800034a   0x00000000   Code   RO         4461    .ARM.Collect$$libshutdown$$00000002  c_w.l(libshutdown2.o)
    0x0800034a   0x0800034a   0x00000000   Code   RO         4463    .ARM.Collect$$libshutdown$$00000004  c_w.l(libshutdown2.o)
    0x0800034a   0x0800034a   0x00000000   Code   RO         4466    .ARM.Collect$$libshutdown$$00000007  c_w.l(libshutdown2.o)
    0x0800034a   0x0800034a   0x00000000   Code   RO         4469    .ARM.Collect$$libshutdown$$0000000A  c_w.l(libshutdown2.o)
    0x0800034a   0x0800034a   0x00000000   Code   RO         4471    .ARM.Collect$$libshutdown$$0000000C  c_w.l(libshutdown2.o)
    0x0800034a   0x0800034a   0x00000000   Code   RO         4474    .ARM.Collect$$libshutdown$$0000000F  c_w.l(libshutdown2.o)
    0x0800034a   0x0800034a   0x00000002   Code   RO         4475    .ARM.Collect$$libshutdown$$00000010  c_w.l(libshutdown2.o)
    0x0800034c   0x0800034c   0x00000000   Code   RO         4307    .ARM.Collect$$rtentry$$00000000  c_w.l(__rtentry.o)
    0x0800034c   0x0800034c   0x00000000   Code   RO         4340    .ARM.Collect$$rtentry$$00000002  c_w.l(__rtentry2.o)
    0x0800034c   0x0800034c   0x00000006   Code   RO         4352    .ARM.Collect$$rtentry$$00000004  c_w.l(__rtentry4.o)
    0x08000352   0x08000352   0x00000000   Code   RO         4342    .ARM.Collect$$rtentry$$00000009  c_w.l(__rtentry2.o)
    0x08000352   0x08000352   0x00000004   Code   RO         4343    .ARM.Collect$$rtentry$$0000000A  c_w.l(__rtentry2.o)
    0x08000356   0x08000356   0x00000000   Code   RO         4345    .ARM.Collect$$rtentry$$0000000C  c_w.l(__rtentry2.o)
    0x08000356   0x08000356   0x00000008   Code   RO         4346    .ARM.Collect$$rtentry$$0000000D  c_w.l(__rtentry2.o)
    0x0800035e   0x0800035e   0x00000002   Code   RO         4382    .ARM.Collect$$rtexit$$00000000  c_w.l(rtexit.o)
    0x08000360   0x08000360   0x00000000   Code   RO         4430    .ARM.Collect$$rtexit$$00000002  c_w.l(rtexit2.o)
    0x08000360   0x08000360   0x00000004   Code   RO         4431    .ARM.Collect$$rtexit$$00000003  c_w.l(rtexit2.o)
    0x08000364   0x08000364   0x00000006   Code   RO         4432    .ARM.Collect$$rtexit$$00000004  c_w.l(rtexit2.o)
    0x0800036a   0x0800036a   0x00000002   PAD
    0x0800036c   0x0800036c   0x00000040   Code   RO            4    .text               startup_stm32h723xx.o
    0x080003ac   0x080003ac   0x00000064   Code   RO         4287    .text               c_w.l(rt_memcpy_w.o)
    0x08000410   0x08000410   0x0000004e   Code   RO         4289    .text               c_w.l(rt_memclr_w.o)
    0x0800045e   0x0800045e   0x00000006   Code   RO         4291    .text               c_w.l(heapauxi.o)
    0x08000464   0x08000464   0x00000016   Code   RO         4308    .text               c_w.l(_rserrno.o)
    0x0800047a   0x0800047a   0x00000002   PAD
    0x0800047c   0x0800047c   0x00000008   Code   RO         4357    .text               c_w.l(rt_errno_addr_intlibspace.o)
    0x08000484   0x08000484   0x00000008   Code   RO         4369    .text               c_w.l(libspace.o)
    0x0800048c   0x0800048c   0x0000004a   Code   RO         4372    .text               c_w.l(sys_stackheap_outer.o)
    0x080004d6   0x080004d6   0x00000012   Code   RO         4374    .text               c_w.l(exit.o)
    0x080004e8   0x080004e8   0x0000000c   Code   RO         4440    .text               c_w.l(sys_exit.o)
    0x080004f4   0x080004f4   0x00000002   Code   RO         4451    .text               c_w.l(use_no_semi.o)
    0x080004f6   0x080004f6   0x00000000   Code   RO         4453    .text               c_w.l(indicate_semi.o)
    0x080004f6   0x080004f6   0x00000002   Code   RO          285    i.BusFault_Handler  stm32h7xx_it.o
    0x080004f8   0x080004f8   0x00000004   Code   RO          518    i.CDC_Control_HS    usbd_cdc_if.o
    0x080004fc   0x080004fc   0x00000004   Code   RO          519    i.CDC_DeInit_HS     usbd_cdc_if.o
    0x08000500   0x08000500   0x00000024   Code   RO          520    i.CDC_Init_HS       usbd_cdc_if.o
    0x08000524   0x08000524   0x00000018   Code   RO          521    i.CDC_Receive_HS    usbd_cdc_if.o
    0x0800053c   0x0800053c   0x00000004   Code   RO          522    i.CDC_TransmitCplt_HS  usbd_cdc_if.o
    0x08000540   0x08000540   0x0000002c   Code   RO          523    i.CDC_Transmit_HS   usbd_cdc_if.o
    0x0800056c   0x0800056c   0x00000002   Code   RO          286    i.DebugMon_Handler  stm32h7xx_it.o
    0x0800056e   0x0800056e   0x00000004   Code   RO          212    i.Error_Handler     main.o
    0x08000572   0x08000572   0x00000002   PAD
    0x08000574   0x08000574   0x00000024   Code   RO         2862    i.HAL_Delay         stm32h7xx_hal.o
    0x08000598   0x08000598   0x0000000c   Code   RO         2878    i.HAL_GetTick       stm32h7xx_hal.o
    0x080005a4   0x080005a4   0x00000010   Code   RO         2884    i.HAL_IncTick       stm32h7xx_hal.o
    0x080005b4   0x080005b4   0x0000005c   Code   RO         2885    i.HAL_Init          stm32h7xx_hal.o
    0x08000610   0x08000610   0x00000040   Code   RO         2886    i.HAL_InitTick      stm32h7xx_hal.o
    0x08000650   0x08000650   0x0000001c   Code   RO          367    i.HAL_MspInit       stm32h7xx_hal_msp.o
    0x0800066c   0x0800066c   0x0000001a   Code   RO         2720    i.HAL_NVIC_EnableIRQ  stm32h7xx_hal_cortex.o
    0x08000686   0x08000686   0x00000002   PAD
    0x08000688   0x08000688   0x00000040   Code   RO         2726    i.HAL_NVIC_SetPriority  stm32h7xx_hal_cortex.o
    0x080006c8   0x080006c8   0x00000024   Code   RO         2727    i.HAL_NVIC_SetPriorityGrouping  stm32h7xx_hal_cortex.o
    0x080006ec   0x080006ec   0x00000028   Code   RO         1023    i.HAL_PCDEx_ActivateLPM  stm32h7xx_hal_pcd_ex.o
    0x08000714   0x08000714   0x00000002   Code   RO         1028    i.HAL_PCDEx_LPM_Callback  stm32h7xx_hal_pcd_ex.o
    0x08000716   0x08000716   0x00000008   Code   RO         1029    i.HAL_PCDEx_SetRxFiFo  stm32h7xx_hal_pcd_ex.o
    0x0800071e   0x0800071e   0x00000046   Code   RO         1030    i.HAL_PCDEx_SetTxFiFo  stm32h7xx_hal_pcd_ex.o
    0x08000764   0x08000764   0x00000008   Code   RO          579    i.HAL_PCD_ConnectCallback  usbd_conf.o
    0x0800076c   0x0800076c   0x00000012   Code   RO          580    i.HAL_PCD_DataInStageCallback  usbd_conf.o
    0x0800077e   0x0800077e   0x00000014   Code   RO          581    i.HAL_PCD_DataOutStageCallback  usbd_conf.o
    0x08000792   0x08000792   0x00000008   Code   RO          582    i.HAL_PCD_DisconnectCallback  usbd_conf.o
    0x0800079a   0x0800079a   0x0000001e   Code   RO          799    i.HAL_PCD_EP_Abort  stm32h7xx_hal_pcd.o
    0x080007b8   0x080007b8   0x0000004c   Code   RO          800    i.HAL_PCD_EP_Close  stm32h7xx_hal_pcd.o
    0x08000804   0x08000804   0x0000005c   Code   RO          801    i.HAL_PCD_EP_ClrStall  stm32h7xx_hal_pcd.o
    0x08000860   0x08000860   0x00000012   Code   RO          803    i.HAL_PCD_EP_GetRxCount  stm32h7xx_hal_pcd.o
    0x08000872   0x08000872   0x00000060   Code   RO          804    i.HAL_PCD_EP_Open   stm32h7xx_hal_pcd.o
    0x080008d2   0x080008d2   0x00000034   Code   RO          805    i.HAL_PCD_EP_Receive  stm32h7xx_hal_pcd.o
    0x08000906   0x08000906   0x00000074   Code   RO          806    i.HAL_PCD_EP_SetStall  stm32h7xx_hal_pcd.o
    0x0800097a   0x0800097a   0x00000034   Code   RO          807    i.HAL_PCD_EP_Transmit  stm32h7xx_hal_pcd.o
    0x080009ae   0x080009ae   0x00000002   PAD
    0x080009b0   0x080009b0   0x0000059c   Code   RO          809    i.HAL_PCD_IRQHandler  stm32h7xx_hal_pcd.o
    0x08000f4c   0x08000f4c   0x00000008   Code   RO          583    i.HAL_PCD_ISOINIncompleteCallback  usbd_conf.o
    0x08000f54   0x08000f54   0x00000008   Code   RO          584    i.HAL_PCD_ISOOUTIncompleteCallback  usbd_conf.o
    0x08000f5c   0x08000f5c   0x000000f2   Code   RO          812    i.HAL_PCD_Init      stm32h7xx_hal_pcd.o
    0x0800104e   0x0800104e   0x00000002   PAD
    0x08001050   0x08001050   0x00000064   Code   RO          586    i.HAL_PCD_MspInit   usbd_conf.o
    0x080010b4   0x080010b4   0x0000002c   Code   RO          587    i.HAL_PCD_ResetCallback  usbd_conf.o
    0x080010e0   0x080010e0   0x00000008   Code   RO          588    i.HAL_PCD_ResumeCallback  usbd_conf.o
    0x080010e8   0x080010e8   0x00000008   Code   RO          589    i.HAL_PCD_SOFCallback  usbd_conf.o
    0x080010f0   0x080010f0   0x00000028   Code   RO          818    i.HAL_PCD_SetAddress  stm32h7xx_hal_pcd.o
    0x08001118   0x08001118   0x0000000e   Code   RO          590    i.HAL_PCD_SetupStageCallback  usbd_conf.o
    0x08001126   0x08001126   0x00000042   Code   RO          821    i.HAL_PCD_Start     stm32h7xx_hal_pcd.o
    0x08001168   0x08001168   0x00000030   Code   RO          591    i.HAL_PCD_SuspendCallback  usbd_conf.o
    0x08001198   0x08001198   0x00000054   Code   RO         2473    i.HAL_PWREx_ConfigSupply  stm32h7xx_hal_pwr_ex.o
    0x080011ec   0x080011ec   0x00000010   Code   RO         2490    i.HAL_PWREx_EnableUSBVoltageDetector  stm32h7xx_hal_pwr_ex.o
    0x080011fc   0x080011fc   0x0000093a   Code   RO         1524    i.HAL_RCCEx_PeriphCLKConfig  stm32h7xx_hal_rcc_ex.o
    0x08001b36   0x08001b36   0x00000002   PAD
    0x08001b38   0x08001b38   0x0000025c   Code   RO         1400    i.HAL_RCC_ClockConfig  stm32h7xx_hal_rcc.o
    0x08001d94   0x08001d94   0x00000044   Code   RO         1405    i.HAL_RCC_GetHCLKFreq  stm32h7xx_hal_rcc.o
    0x08001dd8   0x08001dd8   0x00000138   Code   RO         1409    i.HAL_RCC_GetSysClockFreq  stm32h7xx_hal_rcc.o
    0x08001f10   0x08001f10   0x00000526   Code   RO         1412    i.HAL_RCC_OscConfig  stm32h7xx_hal_rcc.o
    0x08002436   0x08002436   0x00000026   Code   RO         2731    i.HAL_SYSTICK_Config  stm32h7xx_hal_cortex.o
    0x0800245c   0x0800245c   0x00000002   Code   RO          287    i.HardFault_Handler  stm32h7xx_it.o
    0x0800245e   0x0800245e   0x00000002   PAD
    0x08002460   0x08002460   0x00000038   Code   RO          426    i.IntToUnicode      usbd_desc.o
    0x08002498   0x08002498   0x0000002c   Code   RO          261    i.MX_GPIO_Init      gpio.o
    0x080024c4   0x080024c4   0x00000054   Code   RO          391    i.MX_USB_DEVICE_Init  usb_device.o
    0x08002518   0x08002518   0x00000002   Code   RO          288    i.MemManage_Handler  stm32h7xx_it.o
    0x0800251a   0x0800251a   0x00000002   Code   RO          289    i.NMI_Handler       stm32h7xx_it.o
    0x0800251c   0x0800251c   0x0000000c   Code   RO          290    i.OTG_HS_IRQHandler  stm32h7xx_it.o
    0x08002528   0x08002528   0x000000cc   Code   RO          824    i.PCD_EP_OutXfrComplete_int  stm32h7xx_hal_pcd.o
    0x080025f4   0x080025f4   0x000000a2   Code   RO          825    i.PCD_WriteEmptyTxFifo  stm32h7xx_hal_pcd.o
    0x08002696   0x08002696   0x00000002   Code   RO          291    i.PendSV_Handler    stm32h7xx_it.o
    0x08002698   0x08002698   0x00000120   Code   RO         1527    i.RCCEx_PLL2_Config  stm32h7xx_hal_rcc_ex.o
    0x080027b8   0x080027b8   0x00000120   Code   RO         1528    i.RCCEx_PLL3_Config  stm32h7xx_hal_rcc_ex.o
    0x080028d8   0x080028d8   0x00000002   Code   RO          292    i.SVC_Handler       stm32h7xx_it.o
    0x080028da   0x080028da   0x0000000a   Code   RO         4037    i.SWAPBYTE          usbd_ctlreq.o
    0x080028e4   0x080028e4   0x00000004   Code   RO          293    i.SysTick_Handler   stm32h7xx_it.o
    0x080028e8   0x080028e8   0x0000009c   Code   RO          213    i.SystemClock_Config  main.o
    0x08002984   0x08002984   0x000000c0   Code   RO         3838    i.SystemInit        system_stm32h7xx.o
    0x08002a44   0x08002a44   0x00000076   Code   RO         4178    i.USBD_CDC_DataIn   usbd_cdc.o
    0x08002aba   0x08002aba   0x0000003c   Code   RO         4179    i.USBD_CDC_DataOut  usbd_cdc.o
    0x08002af6   0x08002af6   0x00000002   PAD
    0x08002af8   0x08002af8   0x00000090   Code   RO         4180    i.USBD_CDC_DeInit   usbd_cdc.o
    0x08002b88   0x08002b88   0x00000036   Code   RO         4181    i.USBD_CDC_EP0_RxReady  usbd_cdc.o
    0x08002bbe   0x08002bbe   0x00000002   PAD
    0x08002bc0   0x08002bc0   0x0000000c   Code   RO         4182    i.USBD_CDC_GetDeviceQualifierDescriptor  usbd_cdc.o
    0x08002bcc   0x08002bcc   0x00000040   Code   RO         4183    i.USBD_CDC_GetFSCfgDesc  usbd_cdc.o
    0x08002c0c   0x08002c0c   0x00000040   Code   RO         4184    i.USBD_CDC_GetHSCfgDesc  usbd_cdc.o
    0x08002c4c   0x08002c4c   0x00000040   Code   RO         4185    i.USBD_CDC_GetOtherSpeedCfgDesc  usbd_cdc.o
    0x08002c8c   0x08002c8c   0x0000011c   Code   RO         4186    i.USBD_CDC_Init     usbd_cdc.o
    0x08002da8   0x08002da8   0x00000038   Code   RO         4187    i.USBD_CDC_ReceivePacket  usbd_cdc.o
    0x08002de0   0x08002de0   0x00000016   Code   RO         4188    i.USBD_CDC_RegisterInterface  usbd_cdc.o
    0x08002df6   0x08002df6   0x0000001a   Code   RO         4189    i.USBD_CDC_SetRxBuffer  usbd_cdc.o
    0x08002e10   0x08002e10   0x0000001e   Code   RO         4190    i.USBD_CDC_SetTxBuffer  usbd_cdc.o
    0x08002e2e   0x08002e2e   0x000000ce   Code   RO         4191    i.USBD_CDC_Setup    usbd_cdc.o
    0x08002efc   0x08002efc   0x00000050   Code   RO         4192    i.USBD_CDC_TransmitPacket  usbd_cdc.o
    0x08002f4c   0x08002f4c   0x00000014   Code   RO         3874    i.USBD_ClrClassConfig  usbd_core.o
    0x08002f60   0x08002f60   0x00000004   Code   RO         3875    i.USBD_CoreFindEP   usbd_core.o
    0x08002f64   0x08002f64   0x00000004   Code   RO         3876    i.USBD_CoreFindIF   usbd_core.o
    0x08002f68   0x08002f68   0x00000010   Code   RO         4114    i.USBD_CtlContinueRx  usbd_ioreq.o
    0x08002f78   0x08002f78   0x00000010   Code   RO         4115    i.USBD_CtlContinueSendData  usbd_ioreq.o
    0x08002f88   0x08002f88   0x00000016   Code   RO         4038    i.USBD_CtlError     usbd_ctlreq.o
    0x08002f9e   0x08002f9e   0x0000001e   Code   RO         4116    i.USBD_CtlPrepareRx  usbd_ioreq.o
    0x08002fbc   0x08002fbc   0x00000016   Code   RO         4117    i.USBD_CtlReceiveStatus  usbd_ioreq.o
    0x08002fd2   0x08002fd2   0x0000001a   Code   RO         4118    i.USBD_CtlSendData  usbd_ioreq.o
    0x08002fec   0x08002fec   0x00000016   Code   RO         4119    i.USBD_CtlSendStatus  usbd_ioreq.o
    0x08003002   0x08003002   0x000000fa   Code   RO         4039    i.USBD_GetDescriptor  usbd_ctlreq.o
    0x080030fc   0x080030fc   0x0000003a   Code   RO         3878    i.USBD_GetEpDesc    usbd_core.o
    0x08003136   0x08003136   0x0000000e   Code   RO         3879    i.USBD_GetNextDesc  usbd_core.o
    0x08003144   0x08003144   0x0000004a   Code   RO         4040    i.USBD_GetString    usbd_ctlreq.o
    0x0800318e   0x0800318e   0x00000018   Code   RO          592    i.USBD_Get_USB_Status  usbd_conf.o
    0x080031a6   0x080031a6   0x00000002   PAD
    0x080031a8   0x080031a8   0x00000020   Code   RO          427    i.USBD_HS_ConfigStrDescriptor  usbd_desc.o
    0x080031c8   0x080031c8   0x0000000c   Code   RO          428    i.USBD_HS_DeviceDescriptor  usbd_desc.o
    0x080031d4   0x080031d4   0x00000024   Code   RO          429    i.USBD_HS_InterfaceStrDescriptor  usbd_desc.o
    0x080031f8   0x080031f8   0x0000000c   Code   RO          430    i.USBD_HS_LangIDStrDescriptor  usbd_desc.o
    0x08003204   0x08003204   0x00000028   Code   RO          431    i.USBD_HS_ManufacturerStrDescriptor  usbd_desc.o
    0x0800322c   0x0800322c   0x0000002c   Code   RO          432    i.USBD_HS_ProductStrDescriptor  usbd_desc.o
    0x08003258   0x08003258   0x0000003c   Code   RO          433    i.USBD_HS_SerialStrDescriptor  usbd_desc.o
    0x08003294   0x08003294   0x00000026   Code   RO         3880    i.USBD_Init         usbd_core.o
    0x080032ba   0x080032ba   0x00000012   Code   RO          593    i.USBD_LL_ClearStallEP  usbd_conf.o
    0x080032cc   0x080032cc   0x00000012   Code   RO          594    i.USBD_LL_CloseEP   usbd_conf.o
    0x080032de   0x080032de   0x000000b8   Code   RO         3881    i.USBD_LL_DataInStage  usbd_core.o
    0x08003396   0x08003396   0x00000090   Code   RO         3882    i.USBD_LL_DataOutStage  usbd_core.o
    0x08003426   0x08003426   0x00000004   Code   RO         3883    i.USBD_LL_DevConnected  usbd_core.o
    0x0800342a   0x0800342a   0x00000020   Code   RO         3884    i.USBD_LL_DevDisconnected  usbd_core.o
    0x0800344a   0x0800344a   0x00000008   Code   RO          598    i.USBD_LL_GetRxDataSize  usbd_conf.o
    0x08003452   0x08003452   0x00000002   PAD
    0x08003454   0x08003454   0x00000068   Code   RO          599    i.USBD_LL_Init      usbd_conf.o
    0x080034bc   0x080034bc   0x00000020   Code   RO          600    i.USBD_LL_IsStallEP  usbd_conf.o
    0x080034dc   0x080034dc   0x00000028   Code   RO         3885    i.USBD_LL_IsoINIncomplete  usbd_core.o
    0x08003504   0x08003504   0x00000028   Code   RO         3886    i.USBD_LL_IsoOUTIncomplete  usbd_core.o
    0x0800352c   0x0800352c   0x00000018   Code   RO          601    i.USBD_LL_OpenEP    usbd_conf.o
    0x08003544   0x08003544   0x00000012   Code   RO          602    i.USBD_LL_PrepareReceive  usbd_conf.o
    0x08003556   0x08003556   0x0000005e   Code   RO         3887    i.USBD_LL_Reset     usbd_core.o
    0x080035b4   0x080035b4   0x00000014   Code   RO         3888    i.USBD_LL_Resume    usbd_core.o
    0x080035c8   0x080035c8   0x0000001a   Code   RO         3889    i.USBD_LL_SOF       usbd_core.o
    0x080035e2   0x080035e2   0x00000006   Code   RO         3890    i.USBD_LL_SetSpeed  usbd_core.o
    0x080035e8   0x080035e8   0x00000012   Code   RO          603    i.USBD_LL_SetUSBAddress  usbd_conf.o
    0x080035fa   0x080035fa   0x00000060   Code   RO         3891    i.USBD_LL_SetupStage  usbd_core.o
    0x0800365a   0x0800365a   0x00000012   Code   RO          604    i.USBD_LL_StallEP   usbd_conf.o
    0x0800366c   0x0800366c   0x00000012   Code   RO          605    i.USBD_LL_Start     usbd_conf.o
    0x0800367e   0x0800367e   0x0000001a   Code   RO         3892    i.USBD_LL_Suspend   usbd_core.o
    0x08003698   0x08003698   0x00000012   Code   RO          607    i.USBD_LL_Transmit  usbd_conf.o
    0x080036aa   0x080036aa   0x0000002a   Code   RO         4041    i.USBD_ParseSetupRequest  usbd_ctlreq.o
    0x080036d4   0x080036d4   0x0000003a   Code   RO         3893    i.USBD_RegisterClass  usbd_core.o
    0x0800370e   0x0800370e   0x00000014   Code   RO         3895    i.USBD_SetClassConfig  usbd_core.o
    0x08003722   0x08003722   0x00000002   PAD
    0x08003724   0x08003724   0x000000bc   Code   RO         4042    i.USBD_SetConfig    usbd_ctlreq.o
    0x080037e0   0x080037e0   0x00000004   Code   RO         3896    i.USBD_Start        usbd_core.o
    0x080037e4   0x080037e4   0x0000012e   Code   RO         4043    i.USBD_StdDevReq    usbd_ctlreq.o
    0x08003912   0x08003912   0x00000164   Code   RO         4044    i.USBD_StdEPReq     usbd_ctlreq.o
    0x08003a76   0x08003a76   0x00000074   Code   RO         4045    i.USBD_StdItfReq    usbd_ctlreq.o
    0x08003aea   0x08003aea   0x00000002   Code   RO          608    i.USBD_static_free  usbd_conf.o
    0x08003aec   0x08003aec   0x00000008   Code   RO          609    i.USBD_static_malloc  usbd_conf.o
    0x08003af4   0x08003af4   0x00000080   Code   RO         1095    i.USB_ActivateEndpoint  stm32h7xx_ll_usb.o
    0x08003b74   0x08003b74   0x0000001c   Code   RO         1097    i.USB_ActivateSetup  stm32h7xx_ll_usb.o
    0x08003b90   0x08003b90   0x00000088   Code   RO         1099    i.USB_CoreInit      stm32h7xx_ll_usb.o
    0x08003c18   0x08003c18   0x00000040   Code   RO         1100    i.USB_CoreReset     stm32h7xx_ll_usb.o
    0x08003c58   0x08003c58   0x000000cc   Code   RO         1103    i.USB_DeactivateEndpoint  stm32h7xx_ll_usb.o
    0x08003d24   0x08003d24   0x0000001c   Code   RO         1104    i.USB_DevConnect    stm32h7xx_ll_usb.o
    0x08003d40   0x08003d40   0x0000001c   Code   RO         1105    i.USB_DevDisconnect  stm32h7xx_ll_usb.o
    0x08003d5c   0x08003d5c   0x00000178   Code   RO         1106    i.USB_DevInit       stm32h7xx_ll_usb.o
    0x08003ed4   0x08003ed4   0x0000000c   Code   RO         1107    i.USB_DisableGlobalInt  stm32h7xx_ll_usb.o
    0x08003ee0   0x08003ee0   0x00000058   Code   RO         1110    i.USB_EP0_OutStart  stm32h7xx_ll_usb.o
    0x08003f38   0x08003f38   0x00000058   Code   RO         1111    i.USB_EPClearStall  stm32h7xx_ll_usb.o
    0x08003f90   0x08003f90   0x00000058   Code   RO         1112    i.USB_EPSetStall    stm32h7xx_ll_usb.o
    0x08003fe8   0x08003fe8   0x00000238   Code   RO         1113    i.USB_EPStartXfer   stm32h7xx_ll_usb.o
    0x08004220   0x08004220   0x0000009e   Code   RO         1114    i.USB_EPStopXfer    stm32h7xx_ll_usb.o
    0x080042be   0x080042be   0x0000000c   Code   RO         1115    i.USB_EnableGlobalInt  stm32h7xx_ll_usb.o
    0x080042ca   0x080042ca   0x00000002   PAD
    0x080042cc   0x080042cc   0x0000003c   Code   RO         1116    i.USB_FlushRxFifo   stm32h7xx_ll_usb.o
    0x08004308   0x08004308   0x00000040   Code   RO         1117    i.USB_FlushTxFifo   stm32h7xx_ll_usb.o
    0x08004348   0x08004348   0x0000001a   Code   RO         1119    i.USB_GetDevSpeed   stm32h7xx_ll_usb.o
    0x08004362   0x08004362   0x00000008   Code   RO         1121    i.USB_GetMode       stm32h7xx_ll_usb.o
    0x0800436a   0x0800436a   0x0000000e   Code   RO         1129    i.USB_ReadDevAllInEpInterrupt  stm32h7xx_ll_usb.o
    0x08004378   0x08004378   0x0000000e   Code   RO         1130    i.USB_ReadDevAllOutEpInterrupt  stm32h7xx_ll_usb.o
    0x08004386   0x08004386   0x00000024   Code   RO         1131    i.USB_ReadDevInEPInterrupt  stm32h7xx_ll_usb.o
    0x080043aa   0x080043aa   0x00000010   Code   RO         1132    i.USB_ReadDevOutEPInterrupt  stm32h7xx_ll_usb.o
    0x080043ba   0x080043ba   0x00000008   Code   RO         1133    i.USB_ReadInterrupts  stm32h7xx_ll_usb.o
    0x080043c2   0x080043c2   0x00000040   Code   RO         1134    i.USB_ReadPacket    stm32h7xx_ll_usb.o
    0x08004402   0x08004402   0x0000005e   Code   RO         1136    i.USB_SetCurrentMode  stm32h7xx_ll_usb.o
    0x08004460   0x08004460   0x00000022   Code   RO         1137    i.USB_SetDevAddress  stm32h7xx_ll_usb.o
    0x08004482   0x08004482   0x00000002   PAD
    0x08004484   0x08004484   0x000000e8   Code   RO         1139    i.USB_SetTurnaroundTime  stm32h7xx_ll_usb.o
    0x0800456c   0x0800456c   0x00000028   Code   RO         1142    i.USB_WritePacket   stm32h7xx_ll_usb.o
    0x08004594   0x08004594   0x00000002   Code   RO          294    i.UsageFault_Handler  stm32h7xx_it.o
    0x08004596   0x08004596   0x00000030   Code   RO         4365    i.__ARM_fpclassify  m_wv.l(fpclassify.o)
    0x080045c6   0x080045c6   0x00000022   Code   RO         2733    i.__NVIC_SetPriority  stm32h7xx_hal_cortex.o
    0x080045e8   0x080045e8   0x000000b0   Code   RO         4295    i.__hardfp_sin      m_wv.l(sin.o)
    0x08004698   0x08004698   0x00000310   Code   RO         4328    i.__ieee754_rem_pio2  m_wv.l(rred.o)
    0x080049a8   0x080049a8   0x000000e0   Code   RO         4311    i.__kernel_cos      m_wv.l(cos_i.o)
    0x08004a88   0x08004a88   0x00000070   Code   RO         4367    i.__kernel_poly     m_wv.l(poly.o)
    0x08004af8   0x08004af8   0x000000a8   Code   RO         4333    i.__kernel_sin      m_wv.l(sin_i.o)
    0x08004ba0   0x08004ba0   0x00000018   Code   RO         4317    i.__mathlib_dbl_invalid  m_wv.l(dunder.o)
    0x08004bb8   0x08004bb8   0x00000018   Code   RO         4320    i.__mathlib_dbl_underflow  m_wv.l(dunder.o)
    0x08004bd0   0x08004bd0   0x00000018   Code   RO         4361    i.fabs              m_wv.l(fabs.o)
    0x08004be8   0x08004be8   0x00000016   Code   RO          214    i.main              main.o
    0x08004bfe   0x08004bfe   0x00000002   PAD
    0x08004c00   0x08004c00   0x00000100   Code   RO           13    i.vofa_demo         vofa.o
    0x08004d00   0x08004d00   0x00000034   Code   RO           14    i.vofa_send_data    vofa.o
    0x08004d34   0x08004d34   0x0000003c   Code   RO           15    i.vofa_sendframetail  vofa.o
    0x08004d70   0x08004d70   0x00000004   Code   RO           16    i.vofa_start        vofa.o
    0x08004d74   0x08004d74   0x00000004   Code   RO           17    i.vofa_transmit     vofa.o
    0x08004d78   0x08004d78   0x0000000a   Code   RO         4438    x$fpl$fpinit        fz_wv.l(fpinit.o)
    0x08004d82   0x08004d82   0x00000000   Code   RO         4310    x$fpl$usenofp       fz_wv.l(usenofp.o)
    0x08004d82   0x08004d82   0x00000010   Data   RO         3839    .constdata          system_stm32h7xx.o
    0x08004d92   0x08004d92   0x00000006   PAD
    0x08004d98   0x08004d98   0x00000030   Data   RO         4312    .constdata          m_wv.l(cos_i.o)
    0x08004dc8   0x08004dc8   0x000000c8   Data   RO         4330    .constdata          m_wv.l(rred.o)
    0x08004e90   0x08004e90   0x00000028   Data   RO         4334    .constdata          m_wv.l(sin_i.o)
    0x08004eb8   0x08004eb8   0x00000020   Data   RO         4506    Region$$Table       anon$$obj.o


    Execution Region RW_IRAM1 (Exec base: 0x20000000, Load base: 0x08004ed8, Size: 0x00000000, Max: 0x00020000, ABSOLUTE)

    **** No section assigned to this execution region ****


    Execution Region RW_IRAM2 (Exec base: 0x24000000, Load base: 0x08004ed8, Size: 0x00002788, Max: 0x00050000, ABSOLUTE)

    Exec Addr    Load Addr    Size         Type   Attr      Idx    E Section Name        Object

    0x24000000   0x08004ed8   0x00000008   Data   RW           19    .data               vofa.o
    0x24000008   0x08004ee0   0x00000020   Data   RW          436    .data               usbd_desc.o
    0x24000028   0x08004f00   0x0000003e   Data   RW          437    .data               usbd_desc.o
    0x24000066   0x08004f3e   0x00000002   PAD
    0x24000068   0x08004f40   0x00000014   Data   RW          525    .data               usbd_cdc_if.o
    0x2400007c   0x08004f54   0x0000000c   Data   RW         2909    .data               stm32h7xx_hal.o
    0x24000088   0x08004f60   0x00000008   Data   RW         3840    .data               system_stm32h7xx.o
    0x24000090   0x08004f68   0x00000001   Data   RW         4046    .data               usbd_ctlreq.o
    0x24000091   0x08004f69   0x00000003   PAD
    0x24000094   0x08004f6c   0x00000053   Data   RW         4193    .data               usbd_cdc.o
    0x240000e7   0x08004fbf   0x00000001   PAD
    0x240000e8   0x08004fc0   0x00000038   Data   RW         4194    .data               usbd_cdc.o
    0x24000120        -       0x00000400   Zero   RW           18    .bss                vofa.o
    0x24000520        -       0x000002dc   Zero   RW          392    .bss                usb_device.o
    0x240007fc        -       0x00000200   Zero   RW          435    .bss                usbd_desc.o
    0x240009fc        -       0x00001000   Zero   RW          524    .bss                usbd_cdc_if.o
    0x240019fc        -       0x0000072c   Zero   RW          610    .bss                usbd_conf.o
    0x24002128        -       0x00000060   Zero   RW         4370    .bss                c_w.l(libspace.o)
    0x24002188        -       0x00000200   Zero   RW            2    HEAP                startup_stm32h723xx.o
    0x24002388        -       0x00000400   Zero   RW            1    STACK               startup_stm32h723xx.o


==============================================================================

Image component sizes


      Code (inc. data)   RO Data    RW Data    ZI Data      Debug   Object Name

        44          6          0          0          0        903   gpio.o
       182          6          0          0          0       2156   main.o
        64         26        716          0       1536        840   startup_stm32h723xx.o
       220         40          0         12          0      23649   stm32h7xx_hal.o
       198         12          0          0          0      39583   stm32h7xx_hal_cortex.o
        28          6          0          0          0        922   stm32h7xx_hal_msp.o
      2682         16          0          0          0      13808   stm32h7xx_hal_pcd.o
       120          6          0          0          0       3275   stm32h7xx_hal_pcd_ex.o
       100         10          0          0          0       1350   stm32h7xx_hal_pwr_ex.o
      2302         82          0          0          0       5942   stm32h7xx_hal_rcc.o
      2938         46          0          0          0       5215   stm32h7xx_hal_rcc_ex.o
        32          6          0          0          0       4582   stm32h7xx_it.o
      2716        134          0          0          0      23116   stm32h7xx_ll_usb.o
       192         34         16          8          0       1486   system_stm32h7xx.o
        84         18          0          0        732        792   usb_device.o
      1284         40          0        139          0      14533   usbd_cdc.o
       116         22          0         20       4096       4016   usbd_cdc_if.o
       620         24          0          0       1836      16756   usbd_conf.o
       932          0          0          0          0      15479   usbd_core.o
      1360         22          0          1          0      15136   usbd_ctlreq.o
       292        106          0         94        512       6357   usbd_desc.o
       132          0          0          0          0       4632   usbd_ioreq.o
       376         60          0          8       1024    1082988   vofa.o

    ----------------------------------------------------------------------
     17042        722        770        288       9736    1287516   Object Totals
         0          0         32          0          0          0   (incl. Generated)
        28          0          6          6          0          0   (incl. Padding)

    ----------------------------------------------------------------------

      Code (inc. data)   RO Data    RW Data    ZI Data      Debug   Library Member Name

         8          0          0          0          0         68   __main.o
         0          0          0          0          0          0   __rtentry.o
        12          0          0          0          0          0   __rtentry2.o
         6          0          0          0          0          0   __rtentry4.o
        52          8          0          0          0          0   __scatter.o
        26          0          0          0          0          0   __scatter_copy.o
        28          0          0          0          0          0   __scatter_zi.o
        22          0          0          0          0        100   _rserrno.o
        18          0          0          0          0         80   exit.o
         6          0          0          0          0        152   heapauxi.o
         0          0          0          0          0          0   indicate_semi.o
         2          0          0          0          0          0   libinit.o
         6          0          0          0          0          0   libinit2.o
         2          0          0          0          0          0   libshutdown.o
         2          0          0          0          0          0   libshutdown2.o
         8          4          0          0         96         68   libspace.o
         8          4          0          0          0         68   rt_errno_addr_intlibspace.o
        78          0          0          0          0         80   rt_memclr_w.o
       100          0          0          0          0         80   rt_memcpy_w.o
         2          0          0          0          0          0   rtexit.o
        10          0          0          0          0          0   rtexit2.o
        12          4          0          0          0         68   sys_exit.o
        74          0          0          0          0         80   sys_stackheap_outer.o
         2          0          0          0          0         68   use_no_semi.o
        10          0          0          0          0        116   fpinit.o
         0          0          0          0          0          0   usenofp.o
       224         42         48          0          0        184   cos_i.o
        48         28          0          0          0        232   dunder.o
        24          0          0          0          0        124   fabs.o
        48          0          0          0          0        124   fpclassify.o
       112          0          0          0          0        116   poly.o
       784        138        200          0          0        172   rred.o
       176         18          0          0          0        160   sin.o
       168         24         40          0          0        196   sin_i.o

    ----------------------------------------------------------------------
      2084        270        288          0         96       2336   Library Totals
         6          0          0          0          0          0   (incl. Padding)

    ----------------------------------------------------------------------

      Code (inc. data)   RO Data    RW Data    ZI Data      Debug   Library Name

       484         20          0          0         96        912   c_w.l
        10          0          0          0          0        116   fz_wv.l
      1584        250        288          0          0       1308   m_wv.l

    ----------------------------------------------------------------------
      2084        270        288          0         96       2336   Library Totals

    ----------------------------------------------------------------------

==============================================================================


      Code (inc. data)   RO Data    RW Data    ZI Data      Debug   

     19126        992       1058        288       9832    1271788   Grand Totals
     19126        992       1058        288       9832    1271788   ELF Image Totals
     19126        992       1058        288          0          0   ROM Totals

==============================================================================

    Total RO  Size (Code + RO Data)                20184 (  19.71kB)
    Total RW  Size (RW Data + ZI Data)             10120 (   9.88kB)
    Total ROM Size (Code + RO Data + RW Data)      20472 (  19.99kB)

==============================================================================

