Component: ARM Compiler 5.06 update 6 (build 750) Tool: armlink [4d35ed]

==============================================================================

Section Cross References

    startup_stm32h723xx.o(RESET) refers to startup_stm32h723xx.o(STACK) for __initial_sp
    startup_stm32h723xx.o(RESET) refers to startup_stm32h723xx.o(.text) for Reset_Handler
    startup_stm32h723xx.o(RESET) refers to stm32h7xx_it.o(i.NMI_Handler) for NMI_Handler
    startup_stm32h723xx.o(RESET) refers to stm32h7xx_it.o(i.HardFault_Handler) for HardFault_Handler
    startup_stm32h723xx.o(RESET) refers to stm32h7xx_it.o(i.MemManage_Handler) for MemManage_Handler
    startup_stm32h723xx.o(RESET) refers to stm32h7xx_it.o(i.BusFault_Handler) for BusFault_Handler
    startup_stm32h723xx.o(RESET) refers to stm32h7xx_it.o(i.UsageFault_Handler) for UsageFault_Handler
    startup_stm32h723xx.o(RESET) refers to stm32h7xx_it.o(i.SVC_Handler) for SVC_Handler
    startup_stm32h723xx.o(RESET) refers to stm32h7xx_it.o(i.DebugMon_Handler) for DebugMon_Handler
    startup_stm32h723xx.o(RESET) refers to stm32h7xx_it.o(i.PendSV_Handler) for PendSV_Handler
    startup_stm32h723xx.o(RESET) refers to stm32h7xx_it.o(i.SysTick_Handler) for SysTick_Handler
    startup_stm32h723xx.o(.text) refers to system_stm32h7xx.o(i.SystemInit) for SystemInit
    startup_stm32h723xx.o(.text) refers to entry.o(.ARM.Collect$$$$00000000) for __main
    main.o(i.OSPI_W25Qxx_Test) refers to stm32h7xx_hal.o(i.HAL_GetTick) for HAL_GetTick
    main.o(i.OSPI_W25Qxx_Test) refers to w25q64.o(i.OSPI_W25Qxx_BlockErase_32K) for OSPI_W25Qxx_BlockErase_32K
    main.o(i.OSPI_W25Qxx_Test) refers to printfa.o(i.__0printf) for __2printf
    main.o(i.OSPI_W25Qxx_Test) refers to w25q64.o(i.OSPI_W25Qxx_WriteBuffer) for OSPI_W25Qxx_WriteBuffer
    main.o(i.OSPI_W25Qxx_Test) refers to w25q64.o(i.OSPI_W25Qxx_ReadBuffer) for OSPI_W25Qxx_ReadBuffer
    main.o(i.OSPI_W25Qxx_Test) refers to main.o(.data) for .data
    main.o(i.OSPI_W25Qxx_Test) refers to main.o(.bss) for .bss
    main.o(i.OSPI_W25Qxx_Test) refers to main.o(.conststring) for .conststring
    main.o(i.SystemClock_Config) refers to memseta.o(.text) for __aeabi_memclr4
    main.o(i.SystemClock_Config) refers to stm32h7xx_hal_pwr_ex.o(i.HAL_PWREx_ConfigSupply) for HAL_PWREx_ConfigSupply
    main.o(i.SystemClock_Config) refers to stm32h7xx_hal_rcc.o(i.HAL_RCC_OscConfig) for HAL_RCC_OscConfig
    main.o(i.SystemClock_Config) refers to stm32h7xx_hal_rcc.o(i.HAL_RCC_ClockConfig) for HAL_RCC_ClockConfig
    main.o(i.main) refers to stm32h7xx_hal.o(i.HAL_Init) for HAL_Init
    main.o(i.main) refers to stm32h7xx_hal_cortex.o(i.HAL_MPU_Disable) for HAL_MPU_Disable
    main.o(i.main) refers to stm32h7xx_hal_cortex.o(i.HAL_MPU_ConfigRegion) for HAL_MPU_ConfigRegion
    main.o(i.main) refers to stm32h7xx_hal_cortex.o(i.HAL_MPU_Enable) for HAL_MPU_Enable
    main.o(i.main) refers to main.o(i.SystemClock_Config) for SystemClock_Config
    main.o(i.main) refers to gpio.o(i.MX_GPIO_Init) for MX_GPIO_Init
    main.o(i.main) refers to octospi.o(i.MX_OCTOSPI2_Init) for MX_OCTOSPI2_Init
    main.o(i.main) refers to usart.o(i.MX_USART1_UART_Init) for MX_USART1_UART_Init
    main.o(i.main) refers to w25q64.o(i.OSPI_W25Qxx_Init) for OSPI_W25Qxx_Init
    main.o(i.main) refers to main.o(i.OSPI_W25Qxx_Test) for OSPI_W25Qxx_Test
    octospi.o(i.HAL_OSPI_MspDeInit) refers to stm32h7xx_hal_gpio.o(i.HAL_GPIO_DeInit) for HAL_GPIO_DeInit
    octospi.o(i.HAL_OSPI_MspInit) refers to memseta.o(.text) for __aeabi_memclr4
    octospi.o(i.HAL_OSPI_MspInit) refers to stm32h7xx_hal_rcc_ex.o(i.HAL_RCCEx_PeriphCLKConfig) for HAL_RCCEx_PeriphCLKConfig
    octospi.o(i.HAL_OSPI_MspInit) refers to main.o(i.Error_Handler) for Error_Handler
    octospi.o(i.HAL_OSPI_MspInit) refers to stm32h7xx_hal_gpio.o(i.HAL_GPIO_Init) for HAL_GPIO_Init
    octospi.o(i.MX_OCTOSPI2_Init) refers to memseta.o(.text) for __aeabi_memclr4
    octospi.o(i.MX_OCTOSPI2_Init) refers to stm32h7xx_hal_ospi.o(i.HAL_OSPI_DeInit) for HAL_OSPI_DeInit
    octospi.o(i.MX_OCTOSPI2_Init) refers to stm32h7xx_hal_ospi.o(i.HAL_OSPI_Init) for HAL_OSPI_Init
    octospi.o(i.MX_OCTOSPI2_Init) refers to main.o(i.Error_Handler) for Error_Handler
    octospi.o(i.MX_OCTOSPI2_Init) refers to stm32h7xx_hal_ospi.o(i.HAL_OSPIM_Config) for HAL_OSPIM_Config
    octospi.o(i.MX_OCTOSPI2_Init) refers to octospi.o(.bss) for .bss
    usart.o(i.HAL_UART_MspDeInit) refers to stm32h7xx_hal_gpio.o(i.HAL_GPIO_DeInit) for HAL_GPIO_DeInit
    usart.o(i.HAL_UART_MspInit) refers to memseta.o(.text) for __aeabi_memclr4
    usart.o(i.HAL_UART_MspInit) refers to stm32h7xx_hal_rcc_ex.o(i.HAL_RCCEx_PeriphCLKConfig) for HAL_RCCEx_PeriphCLKConfig
    usart.o(i.HAL_UART_MspInit) refers to main.o(i.Error_Handler) for Error_Handler
    usart.o(i.HAL_UART_MspInit) refers to stm32h7xx_hal_gpio.o(i.HAL_GPIO_Init) for HAL_GPIO_Init
    usart.o(i.MX_USART1_UART_Init) refers to stm32h7xx_hal_uart.o(i.HAL_UART_Init) for HAL_UART_Init
[...]
    Removing stm32h7xx_hal_i2c.o(i.HAL_I2C_Master_Transmit_IT), (132 bytes).
    Removing stm32h7xx_hal_i2c.o(i.HAL_I2C_MemRxCpltCallback), (2 bytes).
    Removing stm32h7xx_hal_i2c.o(i.HAL_I2C_MemTxCpltCallback), (2 bytes).
    Removing stm32h7xx_hal_i2c.o(i.HAL_I2C_Mem_Read), (356 bytes).
    Removing stm32h7xx_hal_i2c.o(i.HAL_I2C_Mem_Read_DMA), (280 bytes).
    Removing stm32h7xx_hal_i2c.o(i.HAL_I2C_Mem_Read_IT), (168 bytes).
    Removing stm32h7xx_hal_i2c.o(i.HAL_I2C_Mem_Write), (344 bytes).
    Removing stm32h7xx_hal_i2c.o(i.HAL_I2C_Mem_Write_DMA), (272 bytes).
    Removing stm32h7xx_hal_i2c.o(i.HAL_I2C_Mem_Write_IT), (168 bytes).
    Removing stm32h7xx_hal_i2c.o(i.HAL_I2C_MspDeInit), (2 bytes).
    Removing stm32h7xx_hal_i2c.o(i.HAL_I2C_MspInit), (2 bytes).
    Removing stm32h7xx_hal_i2c.o(i.HAL_I2C_SlaveRxCpltCallback), (2 bytes).
    Removing stm32h7xx_hal_i2c.o(i.HAL_I2C_SlaveTxCpltCallback), (2 bytes).
    Removing stm32h7xx_hal_i2c.o(i.HAL_I2C_Slave_Receive), (312 bytes).
    Removing stm32h7xx_hal_i2c.o(i.HAL_I2C_Slave_Receive_DMA), (232 bytes).
    Removing stm32h7xx_hal_i2c.o(i.HAL_I2C_Slave_Receive_IT), (96 bytes).
    Removing stm32h7xx_hal_i2c.o(i.HAL_I2C_Slave_Seq_Receive_DMA), (368 bytes).
    Removing stm32h7xx_hal_i2c.o(i.HAL_I2C_Slave_Seq_Receive_IT), (208 bytes).
    Removing stm32h7xx_hal_i2c.o(i.HAL_I2C_Slave_Seq_Transmit_DMA), (364 bytes).
    Removing stm32h7xx_hal_i2c.o(i.HAL_I2C_Slave_Seq_Transmit_IT), (208 bytes).
    Removing stm32h7xx_hal_i2c.o(i.HAL_I2C_Slave_Transmit), (346 bytes).
    Removing stm32h7xx_hal_i2c.o(i.HAL_I2C_Slave_Transmit_DMA), (280 bytes).
    Removing stm32h7xx_hal_i2c.o(i.HAL_I2C_Slave_Transmit_IT), (128 bytes).
    Removing stm32h7xx_hal_i2c.o(i.I2C_ConvertOtherXferOptions), (26 bytes).
    Removing stm32h7xx_hal_i2c.o(i.I2C_DMAAbort), (20 bytes).
    Removing stm32h7xx_hal_i2c.o(i.I2C_DMAError), (332 bytes).
    Removing stm32h7xx_hal_i2c.o(i.I2C_DMAMasterReceiveCplt), (82 bytes).
    Removing stm32h7xx_hal_i2c.o(i.I2C_DMAMasterTransmitCplt), (82 bytes).
    Removing stm32h7xx_hal_i2c.o(i.I2C_DMASlaveReceiveCplt), (164 bytes).
    Removing stm32h7xx_hal_i2c.o(i.I2C_DMASlaveTransmitCplt), (30 bytes).
    Removing stm32h7xx_hal_i2c.o(i.I2C_Disable_IRQ), (96 bytes).
    Removing stm32h7xx_hal_i2c.o(i.I2C_Enable_IRQ), (112 bytes).
    Removing stm32h7xx_hal_i2c.o(i.I2C_Flush_TXDR), (34 bytes).
    Removing stm32h7xx_hal_i2c.o(i.I2C_ITAddrCplt), (148 bytes).
    Removing stm32h7xx_hal_i2c.o(i.I2C_ITError), (288 bytes).
    Removing stm32h7xx_hal_i2c.o(i.I2C_ITListenCplt), (100 bytes).
    Removing stm32h7xx_hal_i2c.o(i.I2C_ITMasterCplt), (244 bytes).
    Removing stm32h7xx_hal_i2c.o(i.I2C_ITMasterSeqCplt), (80 bytes).
    Removing stm32h7xx_hal_i2c.o(i.I2C_ITSlaveCplt), (460 bytes).
    Removing stm32h7xx_hal_i2c.o(i.I2C_ITSlaveSeqCplt), (114 bytes).
    Removing stm32h7xx_hal_i2c.o(i.I2C_IsErrorOccurred), (272 bytes).
    Removing stm32h7xx_hal_i2c.o(i.I2C_Master_ISR_DMA), (272 bytes).
    Removing stm32h7xx_hal_i2c.o(i.I2C_Master_ISR_IT), (296 bytes).
    Removing stm32h7xx_hal_i2c.o(i.I2C_Mem_ISR_DMA), (300 bytes).
    Removing stm32h7xx_hal_i2c.o(i.I2C_Mem_ISR_IT), (296 bytes).
    Removing stm32h7xx_hal_i2c.o(i.I2C_RequestMemoryRead), (100 bytes).
    Removing stm32h7xx_hal_i2c.o(i.I2C_RequestMemoryWrite), (100 bytes).
    Removing stm32h7xx_hal_i2c.o(i.I2C_Slave_ISR_DMA), (532 bytes).
    Removing stm32h7xx_hal_i2c.o(i.I2C_Slave_ISR_IT), (288 bytes).
    Removing stm32h7xx_hal_i2c.o(i.I2C_TransferConfig), (48 bytes).
    Removing stm32h7xx_hal_i2c.o(i.I2C_TreatErrorCallback), (42 bytes).
    Removing stm32h7xx_hal_i2c.o(i.I2C_WaitOnFlagUntilTimeout), (110 bytes).
    Removing stm32h7xx_hal_i2c.o(i.I2C_WaitOnRXNEFlagUntilTimeout), (168 bytes).
    Removing stm32h7xx_hal_i2c.o(i.I2C_WaitOnSTOPFlagUntilTimeout), (88 bytes).
    Removing stm32h7xx_hal_i2c.o(i.I2C_WaitOnTXISFlagUntilTimeout), (92 bytes).
    Removing stm32h7xx_hal_i2c_ex.o(.rev16_text), (4 bytes).
    Removing stm32h7xx_hal_i2c_ex.o(.revsh_text), (4 bytes).
    Removing stm32h7xx_hal_i2c_ex.o(.rrx_text), (6 bytes).
    Removing stm32h7xx_hal_i2c_ex.o(i.HAL_I2CEx_ConfigAnalogFilter), (88 bytes).
    Removing stm32h7xx_hal_i2c_ex.o(i.HAL_I2CEx_ConfigDigitalFilter), (84 bytes).
    Removing stm32h7xx_hal_i2c_ex.o(i.HAL_I2CEx_DisableFastModePlus), (40 bytes).
    Removing stm32h7xx_hal_i2c_ex.o(i.HAL_I2CEx_DisableWakeUp), (80 bytes).
    Removing stm32h7xx_hal_i2c_ex.o(i.HAL_I2CEx_EnableFastModePlus), (40 bytes).
    Removing stm32h7xx_hal_i2c_ex.o(i.HAL_I2CEx_EnableWakeUp), (80 bytes).
    Removing stm32h7xx_hal_exti.o(.rev16_text), (4 bytes).
    Removing stm32h7xx_hal_exti.o(.revsh_text), (4 bytes).
    Removing stm32h7xx_hal_exti.o(.rrx_text), (6 bytes).
    Removing stm32h7xx_hal_exti.o(i.HAL_EXTI_ClearConfigLine), (200 bytes).
    Removing stm32h7xx_hal_exti.o(i.HAL_EXTI_ClearPending), (28 bytes).
    Removing stm32h7xx_hal_exti.o(i.HAL_EXTI_GenerateSWI), (28 bytes).
    Removing stm32h7xx_hal_exti.o(i.HAL_EXTI_GetConfigLine), (236 bytes).
    Removing stm32h7xx_hal_exti.o(i.HAL_EXTI_GetHandle), (12 bytes).
    Removing stm32h7xx_hal_exti.o(i.HAL_EXTI_GetPending), (32 bytes).
    Removing stm32h7xx_hal_exti.o(i.HAL_EXTI_IRQHandler), (48 bytes).
    Removing stm32h7xx_hal_exti.o(i.HAL_EXTI_RegisterCallback), (18 bytes).
    Removing stm32h7xx_hal_exti.o(i.HAL_EXTI_SetConfigLine), (268 bytes).
    Removing stm32h7xx_hal_ospi.o(.rev16_text), (4 bytes).
    Removing stm32h7xx_hal_ospi.o(.revsh_text), (4 bytes).
    Removing stm32h7xx_hal_ospi.o(.rrx_text), (6 bytes).
    Removing stm32h7xx_hal_ospi.o(i.HAL_OSPI_Abort), (126 bytes).
    Removing stm32h7xx_hal_ospi.o(i.HAL_OSPI_AbortCpltCallback), (2 bytes).
    Removing stm32h7xx_hal_ospi.o(i.HAL_OSPI_Abort_IT), (120 bytes).
    Removing stm32h7xx_hal_ospi.o(i.HAL_OSPI_AutoPolling_IT), (148 bytes).
    Removing stm32h7xx_hal_ospi.o(i.HAL_OSPI_CmdCpltCallback), (2 bytes).
    Removing stm32h7xx_hal_ospi.o(i.HAL_OSPI_Command_IT), (98 bytes).
    Removing stm32h7xx_hal_ospi.o(i.HAL_OSPI_ErrorCallback), (2 bytes).
    Removing stm32h7xx_hal_ospi.o(i.HAL_OSPI_FifoThresholdCallback), (2 bytes).
    Removing stm32h7xx_hal_ospi.o(i.HAL_OSPI_GetError), (4 bytes).
    Removing stm32h7xx_hal_ospi.o(i.HAL_OSPI_GetFifoThreshold), (12 bytes).
    Removing stm32h7xx_hal_ospi.o(i.HAL_OSPI_GetState), (4 bytes).
    Removing stm32h7xx_hal_ospi.o(i.HAL_OSPI_HyperbusCfg), (78 bytes).
    Removing stm32h7xx_hal_ospi.o(i.HAL_OSPI_HyperbusCmd), (128 bytes).
    Removing stm32h7xx_hal_ospi.o(i.HAL_OSPI_IRQHandler), (348 bytes).
    Removing stm32h7xx_hal_ospi.o(i.HAL_OSPI_MemoryMapped), (100 bytes).
    Removing stm32h7xx_hal_ospi.o(i.HAL_OSPI_MspDeInit), (2 bytes).
    Removing stm32h7xx_hal_ospi.o(i.HAL_OSPI_MspInit), (2 bytes).
    Removing stm32h7xx_hal_ospi.o(i.HAL_OSPI_Receive_DMA), (260 bytes).
    Removing stm32h7xx_hal_ospi.o(i.HAL_OSPI_Receive_IT), (110 bytes).
    Removing stm32h7xx_hal_ospi.o(i.HAL_OSPI_RxCpltCallback), (2 bytes).
    Removing stm32h7xx_hal_ospi.o(i.HAL_OSPI_RxHalfCpltCallback), (2 bytes).
    Removing stm32h7xx_hal_ospi.o(i.HAL_OSPI_SetFifoThreshold), (44 bytes).
    Removing stm32h7xx_hal_ospi.o(i.HAL_OSPI_SetTimeout), (6 bytes).
    Removing stm32h7xx_hal_ospi.o(i.HAL_OSPI_StatusMatchCallback), (2 bytes).
    Removing stm32h7xx_hal_ospi.o(i.HAL_OSPI_TimeOutCallback), (2 bytes).
    Removing stm32h7xx_hal_ospi.o(i.HAL_OSPI_Transmit_DMA), (216 bytes).
    Removing stm32h7xx_hal_ospi.o(i.HAL_OSPI_Transmit_IT), (72 bytes).
    Removing stm32h7xx_hal_ospi.o(i.HAL_OSPI_TxCpltCallback), (2 bytes).
    Removing stm32h7xx_hal_ospi.o(i.HAL_OSPI_TxHalfCpltCallback), (2 bytes).
    Removing stm32h7xx_hal_ospi.o(i.OSPI_DMAAbortCplt), (66 bytes).
    Removing stm32h7xx_hal_ospi.o(i.OSPI_DMACplt), (38 bytes).
    Removing stm32h7xx_hal_ospi.o(i.OSPI_DMAError), (54 bytes).
    Removing stm32h7xx_hal_tim.o(.rev16_text), (4 bytes).
    Removing stm32h7xx_hal_tim.o(.revsh_text), (4 bytes).
    Removing stm32h7xx_hal_tim.o(.rrx_text), (6 bytes).
    Removing stm32h7xx_hal_tim_ex.o(.rev16_text), (4 bytes).
    Removing stm32h7xx_hal_tim_ex.o(.revsh_text), (4 bytes).
    Removing stm32h7xx_hal_tim_ex.o(.rrx_text), (6 bytes).
    Removing stm32h7xx_hal_uart.o(.rev16_text), (4 bytes).
    Removing stm32h7xx_hal_uart.o(.revsh_text), (4 bytes).
    Removing stm32h7xx_hal_uart.o(.rrx_text), (6 bytes).
    Removing stm32h7xx_hal_uart.o(i.HAL_HalfDuplex_EnableReceiver), (76 bytes).
    Removing stm32h7xx_hal_uart.o(i.HAL_HalfDuplex_EnableTransmitter), (76 bytes).
    Removing stm32h7xx_hal_uart.o(i.HAL_HalfDuplex_Init), (116 bytes).
    Removing stm32h7xx_hal_uart.o(i.HAL_LIN_Init), (140 bytes).
    Removing stm32h7xx_hal_uart.o(i.HAL_LIN_SendBreak), (50 bytes).
    Removing stm32h7xx_hal_uart.o(i.HAL_MultiProcessor_DisableMuteMode), (52 bytes).
    Removing stm32h7xx_hal_uart.o(i.HAL_MultiProcessor_EnableMuteMode), (52 bytes).
    Removing stm32h7xx_hal_uart.o(i.HAL_MultiProcessor_EnterMuteMode), (12 bytes).
    Removing stm32h7xx_hal_uart.o(i.HAL_MultiProcessor_Init), (138 bytes).
    Removing stm32h7xx_hal_uart.o(i.HAL_UARTEx_RxEventCallback), (2 bytes).
    Removing stm32h7xx_hal_uart.o(i.HAL_UART_Abort), (256 bytes).
    Removing stm32h7xx_hal_uart.o(i.HAL_UART_AbortCpltCallback), (2 bytes).
    Removing stm32h7xx_hal_uart.o(i.HAL_UART_AbortReceive), (172 bytes).
    Removing stm32h7xx_hal_uart.o(i.HAL_UART_AbortReceiveCpltCallback), (2 bytes).
    Removing stm32h7xx_hal_uart.o(i.HAL_UART_AbortReceive_IT), (188 bytes).
    Removing stm32h7xx_hal_uart.o(i.HAL_UART_AbortTransmit), (140 bytes).
    Removing stm32h7xx_hal_uart.o(i.HAL_UART_AbortTransmitCpltCallback), (2 bytes).
    Removing stm32h7xx_hal_uart.o(i.HAL_UART_AbortTransmit_IT), (152 bytes).
    Removing stm32h7xx_hal_uart.o(i.HAL_UART_Abort_IT), (292 bytes).
    Removing stm32h7xx_hal_uart.o(i.HAL_UART_DMAPause), (116 bytes).
    Removing stm32h7xx_hal_uart.o(i.HAL_UART_DMAResume), (108 bytes).
    Removing stm32h7xx_hal_uart.o(i.HAL_UART_DMAStop), (146 bytes).
    Removing stm32h7xx_hal_uart.o(i.HAL_UART_DeInit), (70 bytes).
    Removing stm32h7xx_hal_uart.o(i.HAL_UART_DisableReceiverTimeout), (76 bytes).
    Removing stm32h7xx_hal_uart.o(i.HAL_UART_EnableReceiverTimeout), (76 bytes).
    Removing stm32h7xx_hal_uart.o(i.HAL_UART_ErrorCallback), (2 bytes).
    Removing stm32h7xx_hal_uart.o(i.HAL_UART_GetError), (6 bytes).
    Removing stm32h7xx_hal_uart.o(i.HAL_UART_GetState), (14 bytes).
    Removing stm32h7xx_hal_uart.o(i.HAL_UART_IRQHandler), (904 bytes).
    Removing stm32h7xx_hal_uart.o(i.HAL_UART_MspDeInit), (2 bytes).
    Removing stm32h7xx_hal_uart.o(i.HAL_UART_MspInit), (2 bytes).
    Removing stm32h7xx_hal_uart.o(i.HAL_UART_Receive), (232 bytes).
    Removing stm32h7xx_hal_uart.o(i.HAL_UART_Receive_DMA), (72 bytes).
    Removing stm32h7xx_hal_uart.o(i.HAL_UART_Receive_IT), (72 bytes).
    Removing stm32h7xx_hal_uart.o(i.HAL_UART_ReceiverTimeout_Config), (24 bytes).
    Removing stm32h7xx_hal_uart.o(i.HAL_UART_RxCpltCallback), (2 bytes).
    Removing stm32h7xx_hal_uart.o(i.HAL_UART_RxHalfCpltCallback), (2 bytes).
    Removing stm32h7xx_hal_uart.o(i.HAL_UART_Transmit_DMA), (144 bytes).
    Removing stm32h7xx_hal_uart.o(i.HAL_UART_Transmit_IT), (152 bytes).
    Removing stm32h7xx_hal_uart.o(i.HAL_UART_TxCpltCallback), (2 bytes).
    Removing stm32h7xx_hal_uart.o(i.HAL_UART_TxHalfCpltCallback), (2 bytes).
    Removing stm32h7xx_hal_uart.o(i.UART_DMAAbortOnError), (20 bytes).
    Removing stm32h7xx_hal_uart.o(i.UART_DMAError), (78 bytes).
    Removing stm32h7xx_hal_uart.o(i.UART_DMAReceiveCplt), (130 bytes).
    Removing stm32h7xx_hal_uart.o(i.UART_DMARxAbortCallback), (68 bytes).
    Removing stm32h7xx_hal_uart.o(i.UART_DMARxHalfCplt), (32 bytes).
    Removing stm32h7xx_hal_uart.o(i.UART_DMARxOnlyAbortCallback), (40 bytes).
    Removing stm32h7xx_hal_uart.o(i.UART_DMATransmitCplt), (64 bytes).
    Removing stm32h7xx_hal_uart.o(i.UART_DMATxAbortCallback), (76 bytes).
    Removing stm32h7xx_hal_uart.o(i.UART_DMATxHalfCplt), (10 bytes).
    Removing stm32h7xx_hal_uart.o(i.UART_DMATxOnlyAbortCallback), (40 bytes).
    Removing stm32h7xx_hal_uart.o(i.UART_EndTxTransfer), (46 bytes).
    Removing stm32h7xx_hal_uart.o(i.UART_RxISR_16BIT), (200 bytes).
    Removing stm32h7xx_hal_uart.o(i.UART_RxISR_16BIT_FIFOEN), (416 bytes).
    Removing stm32h7xx_hal_uart.o(i.UART_RxISR_8BIT), (200 bytes).
    Removing stm32h7xx_hal_uart.o(i.UART_RxISR_8BIT_FIFOEN), (416 bytes).
    Removing stm32h7xx_hal_uart.o(i.UART_Start_Receive_DMA), (168 bytes).
    Removing stm32h7xx_hal_uart.o(i.UART_Start_Receive_IT), (272 bytes).
    Removing stm32h7xx_hal_uart.o(i.UART_TxISR_16BIT), (82 bytes).
    Removing stm32h7xx_hal_uart.o(i.UART_TxISR_16BIT_FIFOEN), (106 bytes).
    Removing stm32h7xx_hal_uart.o(i.UART_TxISR_8BIT), (78 bytes).
    Removing stm32h7xx_hal_uart.o(i.UART_TxISR_8BIT_FIFOEN), (102 bytes).
    Removing stm32h7xx_hal_uart_ex.o(.rev16_text), (4 bytes).
    Removing stm32h7xx_hal_uart_ex.o(.revsh_text), (4 bytes).
    Removing stm32h7xx_hal_uart_ex.o(.rrx_text), (6 bytes).
    Removing stm32h7xx_hal_uart_ex.o(i.HAL_MultiProcessorEx_AddressLength_Set), (48 bytes).
    Removing stm32h7xx_hal_uart_ex.o(i.HAL_RS485Ex_Init), (140 bytes).
    Removing stm32h7xx_hal_uart_ex.o(i.HAL_UARTEx_DisableStopMode), (46 bytes).
    Removing stm32h7xx_hal_uart_ex.o(i.HAL_UARTEx_EnableFifoMode), (72 bytes).
    Removing stm32h7xx_hal_uart_ex.o(i.HAL_UARTEx_EnableStopMode), (46 bytes).
    Removing stm32h7xx_hal_uart_ex.o(i.HAL_UARTEx_GetRxEventType), (4 bytes).
    Removing stm32h7xx_hal_uart_ex.o(i.HAL_UARTEx_ReceiveToIdle), (304 bytes).
    Removing stm32h7xx_hal_uart_ex.o(i.HAL_UARTEx_ReceiveToIdle_DMA), (74 bytes).
    Removing stm32h7xx_hal_uart_ex.o(i.HAL_UARTEx_ReceiveToIdle_IT), (74 bytes).
    Removing stm32h7xx_hal_uart_ex.o(i.HAL_UARTEx_RxFifoFullCallback), (2 bytes).
    Removing stm32h7xx_hal_uart_ex.o(i.HAL_UARTEx_StopModeWakeUpSourceConfig), (140 bytes).
    Removing stm32h7xx_hal_uart_ex.o(i.HAL_UARTEx_TxFifoEmptyCallback), (2 bytes).
    Removing stm32h7xx_hal_uart_ex.o(i.HAL_UARTEx_WakeupCallback), (2 bytes).
    Removing system_stm32h7xx.o(.rev16_text), (4 bytes).
    Removing system_stm32h7xx.o(.revsh_text), (4 bytes).
    Removing system_stm32h7xx.o(.rrx_text), (6 bytes).
    Removing system_stm32h7xx.o(i.SystemCoreClockUpdate), (320 bytes).
    Removing w25q64.o(.rev16_text), (4 bytes).
    Removing w25q64.o(.revsh_text), (4 bytes).
    Removing w25q64.o(.rrx_text), (6 bytes).
    Removing w25q64.o(i.OSPI_W25Qxx_BlockErase_64K), (92 bytes).
    Removing w25q64.o(i.OSPI_W25Qxx_ChipErase), (136 bytes).
    Removing w25q64.o(i.OSPI_W25Qxx_MemoryMappedMode), (100 bytes).
    Removing w25q64.o(i.OSPI_W25Qxx_SectorErase), (92 bytes).

534 unused section(s) (total 48262 bytes) removed from the image.

==============================================================================

Image Symbol Table

    Local Symbols

    Symbol Name                              Value     Ov Type        Size  Object(Section)

    ../Core/Src/gpio.c                       0x00000000   Number         0  gpio.o ABSOLUTE
    ../Core/Src/main.c                       0x00000000   Number         0  main.o ABSOLUTE
    ../Core/Src/octospi.c                    0x00000000   Number         0  octospi.o ABSOLUTE
    ../Core/Src/stm32h7xx_hal_msp.c          0x00000000   Number         0  stm32h7xx_hal_msp.o ABSOLUTE
    ../Core/Src/stm32h7xx_it.c               0x00000000   Number         0  stm32h7xx_it.o ABSOLUTE
    ../Core/Src/system_stm32h7xx.c           0x00000000   Number         0  system_stm32h7xx.o ABSOLUTE
    ../Core/Src/usart.c                      0x00000000   Number         0  usart.o ABSOLUTE
    ../Drivers/STM32H7xx_HAL_Driver/Src/stm32h7xx_hal.c 0x00000000   Number         0  stm32h7xx_hal.o ABSOLUTE
    ../Drivers/STM32H7xx_HAL_Driver/Src/stm32h7xx_hal_cortex.c 0x00000000   Number         0  stm32h7xx_hal_cortex.o ABSOLUTE
    ../Drivers/STM32H7xx_HAL_Driver/Src/stm32h7xx_hal_dma.c 0x00000000   Number         0  stm32h7xx_hal_dma.o ABSOLUTE
    ../Drivers/STM32H7xx_HAL_Driver/Src/stm32h7xx_hal_dma_ex.c 0x00000000   Number         0  stm32h7xx_hal_dma_ex.o ABSOLUTE
    ../Drivers/STM32H7xx_HAL_Driver/Src/stm32h7xx_hal_exti.c 0x00000000   Number         0  stm32h7xx_hal_exti.o ABSOLUTE
    ../Drivers/STM32H7xx_HAL_Driver/Src/stm32h7xx_hal_flash.c 0x00000000   Number         0  stm32h7xx_hal_flash.o ABSOLUTE
    ../Drivers/STM32H7xx_HAL_Driver/Src/stm32h7xx_hal_flash_ex.c 0x00000000   Number         0  stm32h7xx_hal_flash_ex.o ABSOLUTE
    ../Drivers/STM32H7xx_HAL_Driver/Src/stm32h7xx_hal_gpio.c 0x00000000   Number         0  stm32h7xx_hal_gpio.o ABSOLUTE
    ../Drivers/STM32H7xx_HAL_Driver/Src/stm32h7xx_hal_hsem.c 0x00000000   Number         0  stm32h7xx_hal_hsem.o ABSOLUTE
    ../Drivers/STM32H7xx_HAL_Driver/Src/stm32h7xx_hal_i2c.c 0x00000000   Number         0  stm32h7xx_hal_i2c.o ABSOLUTE
    ../Drivers/STM32H7xx_HAL_Driver/Src/stm32h7xx_hal_i2c_ex.c 0x00000000   Number         0  stm32h7xx_hal_i2c_ex.o ABSOLUTE
    ../Drivers/STM32H7xx_HAL_Driver/Src/stm32h7xx_hal_mdma.c 0x00000000   Number         0  stm32h7xx_hal_mdma.o ABSOLUTE
    ../Drivers/STM32H7xx_HAL_Driver/Src/stm32h7xx_hal_ospi.c 0x00000000   Number         0  stm32h7xx_hal_ospi.o ABSOLUTE
    ../Drivers/STM32H7xx_HAL_Driver/Src/stm32h7xx_hal_pwr.c 0x00000000   Number         0  stm32h7xx_hal_pwr.o ABSOLUTE
    ../Drivers/STM32H7xx_HAL_Driver/Src/stm32h7xx_hal_pwr_ex.c 0x00000000   Number         0  stm32h7xx_hal_pwr_ex.o ABSOLUTE
    ../Drivers/STM32H7xx_HAL_Driver/Src/stm32h7xx_hal_rcc.c 0x00000000   Number         0  stm32h7xx_hal_rcc.o ABSOLUTE
    ../Drivers/STM32H7xx_HAL_Driver/Src/stm32h7xx_hal_rcc_ex.c 0x00000000   Number         0  stm32h7xx_hal_rcc_ex.o ABSOLUTE
    ../Drivers/STM32H7xx_HAL_Driver/Src/stm32h7xx_hal_tim.c 0x00000000   Number         0  stm32h7xx_hal_tim.o ABSOLUTE
    ../Drivers/STM32H7xx_HAL_Driver/Src/stm32h7xx_hal_tim_ex.c 0x00000000   Number         0  stm32h7xx_hal_tim_ex.o ABSOLUTE
    ../Drivers/STM32H7xx_HAL_Driver/Src/stm32h7xx_hal_uart.c 0x00000000   Number         0  stm32h7xx_hal_uart.o ABSOLUTE
    ../Drivers/STM32H7xx_HAL_Driver/Src/stm32h7xx_hal_uart_ex.c 0x00000000   Number         0  stm32h7xx_hal_uart_ex.o ABSOLUTE
    ../clib/microlib/division.c              0x00000000   Number         0  uidiv.o ABSOLUTE
    ../clib/microlib/division.c              0x00000000   Number         0  uldiv.o ABSOLUTE
    ../clib/microlib/init/entry.s            0x00000000   Number         0  entry8a.o ABSOLUTE
    ../clib/microlib/init/entry.s            0x00000000   Number         0  entry7b.o ABSOLUTE
    ../clib/microlib/init/entry.s            0x00000000   Number         0  entry7a.o ABSOLUTE
    ../clib/microlib/init/entry.s            0x00000000   Number         0  entry5.o ABSOLUTE
    ../clib/microlib/init/entry.s            0x00000000   Number         0  entry2.o ABSOLUTE
    ../clib/microlib/init/entry.s            0x00000000   Number         0  entry11b.o ABSOLUTE
    ../clib/microlib/init/entry.s            0x00000000   Number         0  entry.o ABSOLUTE
    ../clib/microlib/init/entry.s            0x00000000   Number         0  entry11a.o ABSOLUTE
    ../clib/microlib/init/entry.s            0x00000000   Number         0  entry10b.o ABSOLUTE
    ../clib/microlib/init/entry.s            0x00000000   Number         0  entry10a.o ABSOLUTE
    ../clib/microlib/init/entry.s            0x00000000   Number         0  entry9b.o ABSOLUTE
    ../clib/microlib/init/entry.s            0x00000000   Number         0  entry9a.o ABSOLUTE
    ../clib/microlib/init/entry.s            0x00000000   Number         0  entry8b.o ABSOLUTE
    ../clib/microlib/longlong.c              0x00000000   Number         0  llushr.o ABSOLUTE
    ../clib/microlib/longlong.c              0x00000000   Number         0  llshl.o ABSOLUTE
    ../clib/microlib/longlong.c              0x00000000   Number         0  llsshr.o ABSOLUTE
    ../clib/microlib/printf/printf.c         0x00000000   Number         0  printf6.o ABSOLUTE
    ../clib/microlib/printf/printf.c         0x00000000   Number         0  printf5.o ABSOLUTE
    ../clib/microlib/printf/printf.c         0x00000000   Number         0  printf4.o ABSOLUTE
    ../clib/microlib/printf/printf.c         0x00000000   Number         0  printf3.o ABSOLUTE
    ../clib/microlib/printf/printf.c         0x00000000   Number         0  printfa.o ABSOLUTE
    ../clib/microlib/printf/printf.c         0x00000000   Number         0  printf2.o ABSOLUTE
    ../clib/microlib/printf/printf.c         0x00000000   Number         0  printf1.o ABSOLUTE
    ../clib/microlib/printf/printf.c         0x00000000   Number         0  printf0.o ABSOLUTE
    ../clib/microlib/printf/printf.c         0x00000000   Number         0  printf8.o ABSOLUTE
    ../clib/microlib/printf/printf.c         0x00000000   Number         0  printfb.o ABSOLUTE
    ../clib/microlib/printf/printf.c         0x00000000   Number         0  printf7.o ABSOLUTE
    ../clib/microlib/printf/stubs.s          0x00000000   Number         0  stubs.o ABSOLUTE
    ../clib/microlib/stdio/streams.c         0x00000000   Number         0  stdout.o ABSOLUTE
    ../clib/microlib/string/memset.c         0x00000000   Number         0  memseta.o ABSOLUTE
    ../clib/microlib/stubs.s                 0x00000000   Number         0  iusefp.o ABSOLUTE
    ../fplib/microlib/fpadd.c                0x00000000   Number         0  dadd.o ABSOLUTE
    ../fplib/microlib/fpdiv.c                0x00000000   Number         0  ddiv.o ABSOLUTE
    ../fplib/microlib/fpepilogue.c           0x00000000   Number         0  depilogue.o ABSOLUTE
    ../fplib/microlib/fpfix.c                0x00000000   Number         0  dfixul.o ABSOLUTE
    ../fplib/microlib/fpmul.c                0x00000000   Number         0  dmul.o ABSOLUTE
    ..\Core\Src\gpio.c                       0x00000000   Number         0  gpio.o ABSOLUTE
    ..\Core\Src\main.c                       0x00000000   Number         0  main.o ABSOLUTE
    ..\Core\Src\octospi.c                    0x00000000   Number         0  octospi.o ABSOLUTE
    ..\Core\Src\stm32h7xx_hal_msp.c          0x00000000   Number         0  stm32h7xx_hal_msp.o ABSOLUTE
    ..\Core\Src\stm32h7xx_it.c               0x00000000   Number         0  stm32h7xx_it.o ABSOLUTE
    ..\Core\Src\system_stm32h7xx.c           0x00000000   Number         0  system_stm32h7xx.o ABSOLUTE
    ..\Core\Src\usart.c                      0x00000000   Number         0  usart.o ABSOLUTE
    ..\Devices\W25Q64\w25q64.c               0x00000000   Number         0  w25q64.o ABSOLUTE
    ..\Drivers\STM32H7xx_HAL_Driver\Src\stm32h7xx_hal.c 0x00000000   Number         0  stm32h7xx_hal.o ABSOLUTE
    ..\Drivers\STM32H7xx_HAL_Driver\Src\stm32h7xx_hal_cortex.c 0x00000000   Number         0  stm32h7xx_hal_cortex.o ABSOLUTE
    ..\Drivers\STM32H7xx_HAL_Driver\Src\stm32h7xx_hal_dma.c 0x00000000   Number         0  stm32h7xx_hal_dma.o ABSOLUTE
    ..\Drivers\STM32H7xx_HAL_Driver\Src\stm32h7xx_hal_dma_ex.c 0x00000000   Number         0  stm32h7xx_hal_dma_ex.o ABSOLUTE
    ..\Drivers\STM32H7xx_HAL_Driver\Src\stm32h7xx_hal_exti.c 0x00000000   Number         0  stm32h7xx_hal_exti.o ABSOLUTE
    ..\Drivers\STM32H7xx_HAL_Driver\Src\stm32h7xx_hal_flash.c 0x00000000   Number         0  stm32h7xx_hal_flash.o ABSOLUTE
    ..\Drivers\STM32H7xx_HAL_Driver\Src\stm32h7xx_hal_flash_ex.c 0x00000000   Number         0  stm32h7xx_hal_flash_ex.o ABSOLUTE
    ..\Drivers\STM32H7xx_HAL_Driver\Src\stm32h7xx_hal_gpio.c 0x00000000   Number         0  stm32h7xx_hal_gpio.o ABSOLUTE
    ..\Drivers\STM32H7xx_HAL_Driver\Src\stm32h7xx_hal_hsem.c 0x00000000   Number         0  stm32h7xx_hal_hsem.o ABSOLUTE
    ..\Drivers\STM32H7xx_HAL_Driver\Src\stm32h7xx_hal_i2c.c 0x00000000   Number         0  stm32h7xx_hal_i2c.o ABSOLUTE
    ..\Drivers\STM32H7xx_HAL_Driver\Src\stm32h7xx_hal_i2c_ex.c 0x00000000   Number         0  stm32h7xx_hal_i2c_ex.o ABSOLUTE
    ..\Drivers\STM32H7xx_HAL_Driver\Src\stm32h7xx_hal_mdma.c 0x00000000   Number         0  stm32h7xx_hal_mdma.o ABSOLUTE
    ..\Drivers\STM32H7xx_HAL_Driver\Src\stm32h7xx_hal_ospi.c 0x00000000   Number         0  stm32h7xx_hal_ospi.o ABSOLUTE
    ..\Drivers\STM32H7xx_HAL_Driver\Src\stm32h7xx_hal_pwr.c 0x00000000   Number         0  stm32h7xx_hal_pwr.o ABSOLUTE
    ..\Drivers\STM32H7xx_HAL_Driver\Src\stm32h7xx_hal_pwr_ex.c 0x00000000   Number         0  stm32h7xx_hal_pwr_ex.o ABSOLUTE
    ..\Drivers\STM32H7xx_HAL_Driver\Src\stm32h7xx_hal_rcc.c 0x00000000   Number         0  stm32h7xx_hal_rcc.o ABSOLUTE
    ..\Drivers\STM32H7xx_HAL_Driver\Src\stm32h7xx_hal_rcc_ex.c 0x00000000   Number         0  stm32h7xx_hal_rcc_ex.o ABSOLUTE
    ..\Drivers\STM32H7xx_HAL_Driver\Src\stm32h7xx_hal_tim.c 0x00000000   Number         0  stm32h7xx_hal_tim.o ABSOLUTE
    ..\Drivers\STM32H7xx_HAL_Driver\Src\stm32h7xx_hal_tim_ex.c 0x00000000   Number         0  stm32h7xx_hal_tim_ex.o ABSOLUTE
    ..\Drivers\STM32H7xx_HAL_Driver\Src\stm32h7xx_hal_uart.c 0x00000000   Number         0  stm32h7xx_hal_uart.o ABSOLUTE
    ..\Drivers\STM32H7xx_HAL_Driver\Src\stm32h7xx_hal_uart_ex.c 0x00000000   Number         0  stm32h7xx_hal_uart_ex.o ABSOLUTE
    ..\\Devices\\W25Q64\\w25q64.c            0x00000000   Number         0  w25q64.o ABSOLUTE
    cdrcmple.s                               0x00000000   Number         0  cdrcmple.o ABSOLUTE
    dc.s                                     0x00000000   Number         0  dc.o ABSOLUTE
    handlers.s                               0x00000000   Number         0  handlers.o ABSOLUTE
    init.s                                   0x00000000   Number         0  init.o ABSOLUTE
    startup_stm32h723xx.s                    0x00000000   Number         0  startup_stm32h723xx.o ABSOLUTE
    RESET                                    0x08000000   Section      716  startup_stm32h723xx.o(RESET)
    .ARM.Collect$$$$00000000                 0x080002cc   Section        0  entry.o(.ARM.Collect$$$$00000000)
    .ARM.Collect$$$$00000001                 0x080002cc   Section        4  entry2.o(.ARM.Collect$$$$00000001)
    .ARM.Collect$$$$00000004                 0x080002d0   Section        4  entry5.o(.ARM.Collect$$$$00000004)
    .ARM.Collect$$$$00000008                 0x080002d4   Section        0  entry7b.o(.ARM.Collect$$$$00000008)
    .ARM.Collect$$$$0000000A                 0x080002d4   Section        0  entry8b.o(.ARM.Collect$$$$0000000A)
    .ARM.Collect$$$$0000000B                 0x080002d4   Section        8  entry9a.o(.ARM.Collect$$$$0000000B)
    .ARM.Collect$$$$0000000D                 0x080002dc   Section        0  entry10a.o(.ARM.Collect$$$$0000000D)
    .ARM.Collect$$$$0000000F                 0x080002dc   Section        0  entry11a.o(.ARM.Collect$$$$0000000F)
    .ARM.Collect$$$$00002712                 0x080002dc   Section        4  entry2.o(.ARM.Collect$$$$00002712)
    __lit__00000000                          0x080002dc   Data           4  entry2.o(.ARM.Collect$$$$00002712)
    .text                                    0x080002e0   Section       36  startup_stm32h723xx.o(.text)
    $v0                                      0x080002e0   Number         0  startup_stm32h723xx.o(.text)
    .text                                    0x08000304   Section        0  uldiv.o(.text)
    .text                                    0x08000366   Section        0  memseta.o(.text)
    .text                                    0x0800038a   Section        0  uidiv.o(.text)
    .text                                    0x080003b6   Section        0  llshl.o(.text)
    .text                                    0x080003d4   Section        0  llushr.o(.text)
    .text                                    0x080003f4   Section        0  dadd.o(.text)
    .text                                    0x080003f4   Section        0  iusefp.o(.text)
    .text                                    0x08000542   Section        0  dmul.o(.text)
    .text                                    0x08000626   Section        0  ddiv.o(.text)
    .text                                    0x08000704   Section        0  dfixul.o(.text)
    .text                                    0x08000734   Section       48  cdrcmple.o(.text)
    .text                                    0x08000764   Section       36  init.o(.text)
    .text                                    0x08000788   Section        0  llsshr.o(.text)
    .text                                    0x080007ac   Section        0  depilogue.o(.text)
    i.BusFault_Handler                       0x08000866   Section        0  stm32h7xx_it.o(i.BusFault_Handler)
    i.DebugMon_Handler                       0x08000868   Section        0  stm32h7xx_it.o(i.DebugMon_Handler)
    i.Error_Handler                          0x0800086a   Section        0  main.o(i.Error_Handler)
    i.HAL_GPIO_DeInit                        0x08000870   Section        0  stm32h7xx_hal_gpio.o(i.HAL_GPIO_DeInit)
    i.HAL_GPIO_Init                          0x080009d0   Section        0  stm32h7xx_hal_gpio.o(i.HAL_GPIO_Init)
    i.HAL_GetTick                            0x08000bec   Section        0  stm32h7xx_hal.o(i.HAL_GetTick)
    i.HAL_IncTick                            0x08000bf8   Section        0  stm32h7xx_hal.o(i.HAL_IncTick)
    i.HAL_Init                               0x08000c08   Section        0  stm32h7xx_hal.o(i.HAL_Init)
    i.HAL_InitTick                           0x08000c64   Section        0  stm32h7xx_hal.o(i.HAL_InitTick)
    i.HAL_MPU_ConfigRegion                   0x08000ca4   Section        0  stm32h7xx_hal_cortex.o(i.HAL_MPU_ConfigRegion)
    i.HAL_MPU_Disable                        0x08000d00   Section        0  stm32h7xx_hal_cortex.o(i.HAL_MPU_Disable)
    i.HAL_MPU_Enable                         0x08000d1c   Section        0  stm32h7xx_hal_cortex.o(i.HAL_MPU_Enable)
    i.HAL_MspInit                            0x08000d40   Section        0  stm32h7xx_hal_msp.o(i.HAL_MspInit)
    i.HAL_NVIC_SetPriority                   0x08000d5c   Section        0  stm32h7xx_hal_cortex.o(i.HAL_NVIC_SetPriority)
    i.HAL_NVIC_SetPriorityGrouping           0x08000d9c   Section        0  stm32h7xx_hal_cortex.o(i.HAL_NVIC_SetPriorityGrouping)
    i.HAL_OSPIM_Config                       0x08000dc0   Section        0  stm32h7xx_hal_ospi.o(i.HAL_OSPIM_Config)
    i.HAL_OSPI_AutoPolling                   0x080011d8   Section        0  stm32h7xx_hal_ospi.o(i.HAL_OSPI_AutoPolling)
    i.HAL_OSPI_Command                       0x08001282   Section        0  stm32h7xx_hal_ospi.o(i.HAL_OSPI_Command)
    i.HAL_OSPI_DeInit                        0x08001326   Section        0  stm32h7xx_hal_ospi.o(i.HAL_OSPI_DeInit)
    i.HAL_OSPI_Init                          0x08001358   Section        0  stm32h7xx_hal_ospi.o(i.HAL_OSPI_Init)
    i.HAL_OSPI_MspDeInit                     0x08001460   Section        0  octospi.o(i.HAL_OSPI_MspDeInit)
    i.HAL_OSPI_MspInit                       0x080014c0   Section        0  octospi.o(i.HAL_OSPI_MspInit)
    i.HAL_OSPI_Receive                       0x08001610   Section        0  stm32h7xx_hal_ospi.o(i.HAL_OSPI_Receive)
    i.HAL_OSPI_Transmit                      0x080016bc   Section        0  stm32h7xx_hal_ospi.o(i.HAL_OSPI_Transmit)
    i.HAL_PWREx_ConfigSupply                 0x08001744   Section        0  stm32h7xx_hal_pwr_ex.o(i.HAL_PWREx_ConfigSupply)
    i.HAL_RCCEx_GetD3PCLK1Freq               0x08001798   Section        0  stm32h7xx_hal_rcc_ex.o(i.HAL_RCCEx_GetD3PCLK1Freq)
    i.HAL_RCCEx_GetPLL2ClockFreq             0x080017bc   Section        0  stm32h7xx_hal_rcc_ex.o(i.HAL_RCCEx_GetPLL2ClockFreq)
    i.HAL_RCCEx_GetPLL3ClockFreq             0x08001900   Section        0  stm32h7xx_hal_rcc_ex.o(i.HAL_RCCEx_GetPLL3ClockFreq)
    i.HAL_RCCEx_PeriphCLKConfig              0x08001a44   Section        0  stm32h7xx_hal_rcc_ex.o(i.HAL_RCCEx_PeriphCLKConfig)
    i.HAL_RCC_ClockConfig                    0x08002380   Section        0  stm32h7xx_hal_rcc.o(i.HAL_RCC_ClockConfig)
    i.HAL_RCC_GetHCLKFreq                    0x080025dc   Section        0  stm32h7xx_hal_rcc.o(i.HAL_RCC_GetHCLKFreq)
    i.HAL_RCC_GetPCLK1Freq                   0x08002620   Section        0  stm32h7xx_hal_rcc.o(i.HAL_RCC_GetPCLK1Freq)
    i.HAL_RCC_GetPCLK2Freq                   0x08002644   Section        0  stm32h7xx_hal_rcc.o(i.HAL_RCC_GetPCLK2Freq)
    i.HAL_RCC_GetSysClockFreq                0x08002668   Section        0  stm32h7xx_hal_rcc.o(i.HAL_RCC_GetSysClockFreq)
    i.HAL_RCC_OscConfig                      0x080027a0   Section        0  stm32h7xx_hal_rcc.o(i.HAL_RCC_OscConfig)
    i.HAL_SYSTICK_Config                     0x08002cc6   Section        0  stm32h7xx_hal_cortex.o(i.HAL_SYSTICK_Config)
    i.HAL_UARTEx_DisableFifoMode             0x08002cec   Section        0  stm32h7xx_hal_uart_ex.o(i.HAL_UARTEx_DisableFifoMode)
    i.HAL_UARTEx_SetRxFifoThreshold          0x08002d2c   Section        0  stm32h7xx_hal_uart_ex.o(i.HAL_UARTEx_SetRxFifoThreshold)
    i.HAL_UARTEx_SetTxFifoThreshold          0x08002d78   Section        0  stm32h7xx_hal_uart_ex.o(i.HAL_UARTEx_SetTxFifoThreshold)
    i.HAL_UART_Init                          0x08002dc4   Section        0  stm32h7xx_hal_uart.o(i.HAL_UART_Init)
    i.HAL_UART_MspInit                       0x08002e30   Section        0  usart.o(i.HAL_UART_MspInit)
    i.HAL_UART_Transmit                      0x08002ebc   Section        0  stm32h7xx_hal_uart.o(i.HAL_UART_Transmit)
    i.HardFault_Handler                      0x08002f6c   Section        0  stm32h7xx_it.o(i.HardFault_Handler)
    i.MX_GPIO_Init                           0x08002f70   Section        0  gpio.o(i.MX_GPIO_Init)
    i.MX_OCTOSPI2_Init                       0x08002fcc   Section        0  octospi.o(i.MX_OCTOSPI2_Init)
    i.MX_USART1_UART_Init                    0x0800305c   Section        0  usart.o(i.MX_USART1_UART_Init)
    i.MemManage_Handler                      0x080030c4   Section        0  stm32h7xx_it.o(i.MemManage_Handler)
    i.NMI_Handler                            0x080030c6   Section        0  stm32h7xx_it.o(i.NMI_Handler)
    i.OSPIM_GetConfig                        0x080030c8   Section        0  stm32h7xx_hal_ospi.o(i.OSPIM_GetConfig)
    OSPIM_GetConfig                          0x080030c9   Thumb Code   208  stm32h7xx_hal_ospi.o(i.OSPIM_GetConfig)
    i.OSPI_ConfigCmd                         0x080031a4   Section        0  stm32h7xx_hal_ospi.o(i.OSPI_ConfigCmd)
    OSPI_ConfigCmd                           0x080031a5   Thumb Code   458  stm32h7xx_hal_ospi.o(i.OSPI_ConfigCmd)
    i.OSPI_W25Qxx_AutoPollingMemReady        0x08003378   Section        0  w25q64.o(i.OSPI_W25Qxx_AutoPollingMemReady)
    i.OSPI_W25Qxx_BlockErase_32K             0x080033e4   Section        0  w25q64.o(i.OSPI_W25Qxx_BlockErase_32K)
    i.OSPI_W25Qxx_Init                       0x08003440   Section        0  w25q64.o(i.OSPI_W25Qxx_Init)
    i.OSPI_W25Qxx_ReadBuffer                 0x0800345c   Section        0  w25q64.o(i.OSPI_W25Qxx_ReadBuffer)
    i.OSPI_W25Qxx_ReadID                     0x080034d0   Section        0  w25q64.o(i.OSPI_W25Qxx_ReadID)
    i.OSPI_W25Qxx_Test                       0x08003534   Section        0  main.o(i.OSPI_W25Qxx_Test)
    i.OSPI_W25Qxx_WriteBuffer                0x08003838   Section        0  w25q64.o(i.OSPI_W25Qxx_WriteBuffer)
    i.OSPI_W25Qxx_WriteEnable                0x08003880   Section        0  w25q64.o(i.OSPI_W25Qxx_WriteEnable)
    i.OSPI_W25Qxx_WritePage                  0x0800391c   Section        0  w25q64.o(i.OSPI_W25Qxx_WritePage)
    i.OSPI_WaitFlagStateUntilTimeout         0x08003998   Section        0  stm32h7xx_hal_ospi.o(i.OSPI_WaitFlagStateUntilTimeout)
    OSPI_WaitFlagStateUntilTimeout           0x08003999   Thumb Code    72  stm32h7xx_hal_ospi.o(i.OSPI_WaitFlagStateUntilTimeout)
    i.PendSV_Handler                         0x080039e0   Section        0  stm32h7xx_it.o(i.PendSV_Handler)
    i.RCCEx_PLL2_Config                      0x080039e4   Section        0  stm32h7xx_hal_rcc_ex.o(i.RCCEx_PLL2_Config)
    RCCEx_PLL2_Config                        0x080039e5   Thumb Code   284  stm32h7xx_hal_rcc_ex.o(i.RCCEx_PLL2_Config)
    i.RCCEx_PLL3_Config                      0x08003b04   Section        0  stm32h7xx_hal_rcc_ex.o(i.RCCEx_PLL3_Config)
    RCCEx_PLL3_Config                        0x08003b05   Thumb Code   284  stm32h7xx_hal_rcc_ex.o(i.RCCEx_PLL3_Config)
    i.SVC_Handler                            0x08003c24   Section        0  stm32h7xx_it.o(i.SVC_Handler)
    i.SysTick_Handler                        0x08003c26   Section        0  stm32h7xx_it.o(i.SysTick_Handler)
    i.SystemClock_Config                     0x08003c2c   Section        0  main.o(i.SystemClock_Config)
    i.SystemInit                             0x08003cc0   Section        0  system_stm32h7xx.o(i.SystemInit)
    i.UARTEx_SetNbDataToProcess              0x08003d80   Section        0  stm32h7xx_hal_uart_ex.o(i.UARTEx_SetNbDataToProcess)
    UARTEx_SetNbDataToProcess                0x08003d81   Thumb Code    62  stm32h7xx_hal_uart_ex.o(i.UARTEx_SetNbDataToProcess)
    i.UART_AdvFeatureConfig                  0x08003dc4   Section        0  stm32h7xx_hal_uart.o(i.UART_AdvFeatureConfig)
    i.UART_CheckIdleState                    0x08003e8c   Section        0  stm32h7xx_hal_uart.o(i.UART_CheckIdleState)
    i.UART_EndRxTransfer                     0x08003f38   Section        0  stm32h7xx_hal_uart.o(i.UART_EndRxTransfer)
    UART_EndRxTransfer                       0x08003f39   Thumb Code    78  stm32h7xx_hal_uart.o(i.UART_EndRxTransfer)
    i.UART_SetConfig                         0x08003f8c   Section        0  stm32h7xx_hal_uart.o(i.UART_SetConfig)
    i.UART_WaitOnFlagUntilTimeout            0x08004368   Section        0  stm32h7xx_hal_uart.o(i.UART_WaitOnFlagUntilTimeout)
    i.UsageFault_Handler                     0x080043f4   Section        0  stm32h7xx_it.o(i.UsageFault_Handler)
    i.__0printf                              0x080043f8   Section        0  printfa.o(i.__0printf)
    i.__NVIC_SetPriority                     0x08004418   Section        0  stm32h7xx_hal_cortex.o(i.__NVIC_SetPriority)
    __NVIC_SetPriority                       0x08004419   Thumb Code    34  stm32h7xx_hal_cortex.o(i.__NVIC_SetPriority)
    i.__scatterload_copy                     0x0800443a   Section       14  handlers.o(i.__scatterload_copy)
    i.__scatterload_null                     0x08004448   Section        2  handlers.o(i.__scatterload_null)
    i.__scatterload_zeroinit                 0x0800444a   Section       14  handlers.o(i.__scatterload_zeroinit)
    i._fp_digits                             0x08004458   Section        0  printfa.o(i._fp_digits)
    _fp_digits                               0x08004459   Thumb Code   366  printfa.o(i._fp_digits)
    i._printf_core                           0x080045dc   Section        0  printfa.o(i._printf_core)
    _printf_core                             0x080045dd   Thumb Code  1744  printfa.o(i._printf_core)
    i._printf_post_padding                   0x08004cb8   Section        0  printfa.o(i._printf_post_padding)
    _printf_post_padding                     0x08004cb9   Thumb Code    36  printfa.o(i._printf_post_padding)
    i._printf_pre_padding                    0x08004cdc   Section        0  printfa.o(i._printf_pre_padding)
    _printf_pre_padding                      0x08004cdd   Thumb Code    46  printfa.o(i._printf_pre_padding)
    i.fputc                                  0x08004d0c   Section        0  usart.o(i.fputc)
    i.main                                   0x08004d24   Section        0  main.o(i.main)
    .constdata                               0x08004d8e   Section       24  stm32h7xx_hal_uart.o(.constdata)
    .constdata                               0x08004da6   Section       16  stm32h7xx_hal_uart_ex.o(.constdata)
    numerator                                0x08004da6   Data           8  stm32h7xx_hal_uart_ex.o(.constdata)
    denominator                              0x08004dae   Data           8  stm32h7xx_hal_uart_ex.o(.constdata)
    .constdata                               0x08004db6   Section       16  system_stm32h7xx.o(.constdata)
    .conststring                             0x08004dc8   Section      479  main.o(.conststring)
    .data                                    0x24000000   Section        4  main.o(.data)
    .data                                    0x24000004   Section       12  stm32h7xx_hal.o(.data)
    .data                                    0x24000010   Section        8  system_stm32h7xx.o(.data)
    .data                                    0x24000018   Section        4  stdout.o(.data)
    .bss                                     0x2400001c   Section    65536  main.o(.bss)
    .bss                                     0x2401001c   Section       92  octospi.o(.bss)
    .bss                                     0x24010078   Section      148  usart.o(.bss)
    STACK                                    0x24010110   Section     2048  startup_stm32h723xx.o(STACK)

    Global Symbols

    Symbol Name                              Value     Ov Type        Size  Object(Section)

    BuildAttributes$$THM_ISAv4$E$P$D$K$B$S$7EM$VFPv5_D16$PE$PLD8$A:L22UL41UL21$X:L11$S22US41US21$IEEE1$IW$USESV6$~STKCKD$USESV7$~SHL$OSPACE$ROPI$EBA8$MICROLIB$REQ8$PRES8$EABIv2 0x00000000   Number         0  anon$$obj.o ABSOLUTE
    __ARM_use_no_argv                        0x00000000   Number         0  main.o ABSOLUTE
    _printf_a                                0x00000000   Number         0  stubs.o ABSOLUTE
    _printf_c                                0x00000000   Number         0  stubs.o ABSOLUTE
    _printf_charcount                        0x00000000   Number         0  stubs.o ABSOLUTE
    _printf_d                                0x00000000   Number         0  stubs.o ABSOLUTE
    _printf_e                                0x00000000   Number         0  stubs.o ABSOLUTE
    _printf_f                                0x00000000   Number         0  stubs.o ABSOLUTE
    _printf_flags                            0x00000000   Number         0  stubs.o ABSOLUTE
    _printf_fp_dec                           0x00000000   Number         0  stubs.o ABSOLUTE
    _printf_fp_hex                           0x00000000   Number         0  stubs.o ABSOLUTE
    _printf_g                                0x00000000   Number         0  stubs.o ABSOLUTE
    _printf_i                                0x00000000   Number         0  stubs.o ABSOLUTE
    _printf_int_dec                          0x00000000   Number         0  stubs.o ABSOLUTE
    _printf_l                                0x00000000   Number         0  stubs.o ABSOLUTE
    _printf_lc                               0x00000000   Number         0  stubs.o ABSOLUTE
    _printf_ll                               0x00000000   Number         0  stubs.o ABSOLUTE
    _printf_lld                              0x00000000   Number         0  stubs.o ABSOLUTE
    _printf_lli                              0x00000000   Number         0  stubs.o ABSOLUTE
    _printf_llo                              0x00000000   Number         0  stubs.o ABSOLUTE
    _printf_llu                              0x00000000   Number         0  stubs.o ABSOLUTE
    _printf_llx                              0x00000000   Number         0  stubs.o ABSOLUTE
    _printf_longlong_dec                     0x00000000   Number         0  stubs.o ABSOLUTE
    _printf_longlong_hex                     0x00000000   Number         0  stubs.o ABSOLUTE
    _printf_longlong_oct                     0x00000000   Number         0  stubs.o ABSOLUTE
    _printf_ls                               0x00000000   Number         0  stubs.o ABSOLUTE
    _printf_mbtowc                           0x00000000   Number         0  stubs.o ABSOLUTE
    _printf_n                                0x00000000   Number         0  stubs.o ABSOLUTE
    _printf_o                                0x00000000   Number         0  stubs.o ABSOLUTE
    _printf_p                                0x00000000   Number         0  stubs.o ABSOLUTE
    _printf_percent                          0x00000000   Number         0  stubs.o ABSOLUTE
    _printf_pre_padding                      0x00000000   Number         0  stubs.o ABSOLUTE
    _printf_return_value                     0x00000000   Number         0  stubs.o ABSOLUTE
    _printf_s                                0x00000000   Number         0  stubs.o ABSOLUTE
    _printf_sizespec                         0x00000000   Number         0  stubs.o ABSOLUTE
    _printf_str                              0x00000000   Number         0  stubs.o ABSOLUTE
    _printf_truncate_signed                  0x00000000   Number         0  stubs.o ABSOLUTE
    _printf_truncate_unsigned                0x00000000   Number         0  stubs.o ABSOLUTE
    _printf_u                                0x00000000   Number         0  stubs.o ABSOLUTE
    _printf_wc                               0x00000000   Number         0  stubs.o ABSOLUTE
    _printf_wctomb                           0x00000000   Number         0  stubs.o ABSOLUTE
    _printf_widthprec                        0x00000000   Number         0  stubs.o ABSOLUTE
    _printf_x                                0x00000000   Number         0  stubs.o ABSOLUTE
    __cpp_initialize__aeabi_                  - Undefined Weak Reference
    __cxa_finalize                            - Undefined Weak Reference
    __decompress                              - Undefined Weak Reference
    _clock_init                               - Undefined Weak Reference
    _microlib_exit                            - Undefined Weak Reference
    __Vectors_Size                           0x000002cc   Number         0  startup_stm32h723xx.o ABSOLUTE
    __Vectors                                0x08000000   Data           4  startup_stm32h723xx.o(RESET)
    __Vectors_End                            0x080002cc   Data           0  startup_stm32h723xx.o(RESET)
    __main                                   0x080002cd   Thumb Code     0  entry.o(.ARM.Collect$$$$00000000)
    _main_stk                                0x080002cd   Thumb Code     0  entry2.o(.ARM.Collect$$$$00000001)
    _main_scatterload                        0x080002d1   Thumb Code     0  entry5.o(.ARM.Collect$$$$00000004)
    __main_after_scatterload                 0x080002d5   Thumb Code     0  entry5.o(.ARM.Collect$$$$00000004)
    _main_clock                              0x080002d5   Thumb Code     0  entry7b.o(.ARM.Collect$$$$00000008)
    _main_cpp_init                           0x080002d5   Thumb Code     0  entry8b.o(.ARM.Collect$$$$0000000A)
    _main_init                               0x080002d5   Thumb Code     0  entry9a.o(.ARM.Collect$$$$0000000B)
    __rt_final_cpp                           0x080002dd   Thumb Code     0  entry10a.o(.ARM.Collect$$$$0000000D)
    __rt_final_exit                          0x080002dd   Thumb Code     0  entry11a.o(.ARM.Collect$$$$0000000F)
    Reset_Handler                            0x080002e1   Thumb Code     8  startup_stm32h723xx.o(.text)
    ADC3_IRQHandler                          0x080002fb   Thumb Code     0  startup_stm32h723xx.o(.text)
    ADC_IRQHandler                           0x080002fb   Thumb Code     0  startup_stm32h723xx.o(.text)
    BDMA_Channel0_IRQHandler                 0x080002fb   Thumb Code     0  startup_stm32h723xx.o(.text)
    BDMA_Channel1_IRQHandler                 0x080002fb   Thumb Code     0  startup_stm32h723xx.o(.text)
    BDMA_Channel2_IRQHandler                 0x080002fb   Thumb Code     0  startup_stm32h723xx.o(.text)
    BDMA_Channel3_IRQHandler                 0x080002fb   Thumb Code     0  startup_stm32h723xx.o(.text)
    BDMA_Channel4_IRQHandler                 0x080002fb   Thumb Code     0  startup_stm32h723xx.o(.text)
    BDMA_Channel5_IRQHandler                 0x080002fb   Thumb Code     0  startup_stm32h723xx.o(.text)
    BDMA_Channel6_IRQHandler                 0x080002fb   Thumb Code     0  startup_stm32h723xx.o(.text)
    BDMA_Channel7_IRQHandler                 0x080002fb   Thumb Code     0  startup_stm32h723xx.o(.text)
    CEC_IRQHandler                           0x080002fb   Thumb Code     0  startup_stm32h723xx.o(.text)
    COMP1_IRQHandler                         0x080002fb   Thumb Code     0  startup_stm32h723xx.o(.text)
    CORDIC_IRQHandler                        0x080002fb   Thumb Code     0  startup_stm32h723xx.o(.text)
    CRS_IRQHandler                           0x080002fb   Thumb Code     0  startup_stm32h723xx.o(.text)
    DCMI_PSSI_IRQHandler                     0x080002fb   Thumb Code     0  startup_stm32h723xx.o(.text)
    DFSDM1_FLT0_IRQHandler                   0x080002fb   Thumb Code     0  startup_stm32h723xx.o(.text)
    DFSDM1_FLT1_IRQHandler                   0x080002fb   Thumb Code     0  startup_stm32h723xx.o(.text)
    DFSDM1_FLT2_IRQHandler                   0x080002fb   Thumb Code     0  startup_stm32h723xx.o(.text)
    DFSDM1_FLT3_IRQHandler                   0x080002fb   Thumb Code     0  startup_stm32h723xx.o(.text)
    DMA1_Stream0_IRQHandler                  0x080002fb   Thumb Code     0  startup_stm32h723xx.o(.text)
    DMA1_Stream1_IRQHandler                  0x080002fb   Thumb Code     0  startup_stm32h723xx.o(.text)
    DMA1_Stream2_IRQHandler                  0x080002fb   Thumb Code     0  startup_stm32h723xx.o(.text)
    DMA1_Stream3_IRQHandler                  0x080002fb   Thumb Code     0  startup_stm32h723xx.o(.text)
    DMA1_Stream4_IRQHandler                  0x080002fb   Thumb Code     0  startup_stm32h723xx.o(.text)
    DMA1_Stream5_IRQHandler                  0x080002fb   Thumb Code     0  startup_stm32h723xx.o(.text)
    DMA1_Stream6_IRQHandler                  0x080002fb   Thumb Code     0  startup_stm32h723xx.o(.text)
    DMA1_Stream7_IRQHandler                  0x080002fb   Thumb Code     0  startup_stm32h723xx.o(.text)
    DMA2D_IRQHandler                         0x080002fb   Thumb Code     0  startup_stm32h723xx.o(.text)
    DMA2_Stream0_IRQHandler                  0x080002fb   Thumb Code     0  startup_stm32h723xx.o(.text)
    DMA2_Stream1_IRQHandler                  0x080002fb   Thumb Code     0  startup_stm32h723xx.o(.text)
    DMA2_Stream2_IRQHandler                  0x080002fb   Thumb Code     0  startup_stm32h723xx.o(.text)
    DMA2_Stream3_IRQHandler                  0x080002fb   Thumb Code     0  startup_stm32h723xx.o(.text)
    DMA2_Stream4_IRQHandler                  0x080002fb   Thumb Code     0  startup_stm32h723xx.o(.text)
    DMA2_Stream5_IRQHandler                  0x080002fb   Thumb Code     0  startup_stm32h723xx.o(.text)
    DMA2_Stream6_IRQHandler                  0x080002fb   Thumb Code     0  startup_stm32h723xx.o(.text)
    DMA2_Stream7_IRQHandler                  0x080002fb   Thumb Code     0  startup_stm32h723xx.o(.text)
    DMAMUX1_OVR_IRQHandler                   0x080002fb   Thumb Code     0  startup_stm32h723xx.o(.text)
    DMAMUX2_OVR_IRQHandler                   0x080002fb   Thumb Code     0  startup_stm32h723xx.o(.text)
    DTS_IRQHandler                           0x080002fb   Thumb Code     0  startup_stm32h723xx.o(.text)
    ECC_IRQHandler                           0x080002fb   Thumb Code     0  startup_stm32h723xx.o(.text)
    ETH_IRQHandler                           0x080002fb   Thumb Code     0  startup_stm32h723xx.o(.text)
    ETH_WKUP_IRQHandler                      0x080002fb   Thumb Code     0  startup_stm32h723xx.o(.text)
    EXTI0_IRQHandler                         0x080002fb   Thumb Code     0  startup_stm32h723xx.o(.text)
    EXTI15_10_IRQHandler                     0x080002fb   Thumb Code     0  startup_stm32h723xx.o(.text)
    EXTI1_IRQHandler                         0x080002fb   Thumb Code     0  startup_stm32h723xx.o(.text)
    EXTI2_IRQHandler                         0x080002fb   Thumb Code     0  startup_stm32h723xx.o(.text)
    EXTI3_IRQHandler                         0x080002fb   Thumb Code     0  startup_stm32h723xx.o(.text)
    EXTI4_IRQHandler                         0x080002fb   Thumb Code     0  startup_stm32h723xx.o(.text)
    EXTI9_5_IRQHandler                       0x080002fb   Thumb Code     0  startup_stm32h723xx.o(.text)
    FDCAN1_IT0_IRQHandler                    0x080002fb   Thumb Code     0  startup_stm32h723xx.o(.text)
    FDCAN1_IT1_IRQHandler                    0x080002fb   Thumb Code     0  startup_stm32h723xx.o(.text)
    FDCAN2_IT0_IRQHandler                    0x080002fb   Thumb Code     0  startup_stm32h723xx.o(.text)
    FDCAN2_IT1_IRQHandler                    0x080002fb   Thumb Code     0  startup_stm32h723xx.o(.text)
    FDCAN3_IT0_IRQHandler                    0x080002fb   Thumb Code     0  startup_stm32h723xx.o(.text)
    FDCAN3_IT1_IRQHandler                    0x080002fb   Thumb Code     0  startup_stm32h723xx.o(.text)
    FDCAN_CAL_IRQHandler                     0x080002fb   Thumb Code     0  startup_stm32h723xx.o(.text)
    FLASH_IRQHandler                         0x080002fb   Thumb Code     0  startup_stm32h723xx.o(.text)
    FMAC_IRQHandler                          0x080002fb   Thumb Code     0  startup_stm32h723xx.o(.text)
    FMC_IRQHandler                           0x080002fb   Thumb Code     0  startup_stm32h723xx.o(.text)
    FPU_IRQHandler                           0x080002fb   Thumb Code     0  startup_stm32h723xx.o(.text)
    HSEM1_IRQHandler                         0x080002fb   Thumb Code     0  startup_stm32h723xx.o(.text)
    I2C1_ER_IRQHandler                       0x080002fb   Thumb Code     0  startup_stm32h723xx.o(.text)
    I2C1_EV_IRQHandler                       0x080002fb   Thumb Code     0  startup_stm32h723xx.o(.text)
    I2C2_ER_IRQHandler                       0x080002fb   Thumb Code     0  startup_stm32h723xx.o(.text)
    I2C2_EV_IRQHandler                       0x080002fb   Thumb Code     0  startup_stm32h723xx.o(.text)
    I2C3_ER_IRQHandler                       0x080002fb   Thumb Code     0  startup_stm32h723xx.o(.text)
    I2C3_EV_IRQHandler                       0x080002fb   Thumb Code     0  startup_stm32h723xx.o(.text)
    I2C4_ER_IRQHandler                       0x080002fb   Thumb Code     0  startup_stm32h723xx.o(.text)
    I2C4_EV_IRQHandler                       0x080002fb   Thumb Code     0  startup_stm32h723xx.o(.text)
    I2C5_ER_IRQHandler                       0x080002fb   Thumb Code     0  startup_stm32h723xx.o(.text)
    I2C5_EV_IRQHandler                       0x080002fb   Thumb Code     0  startup_stm32h723xx.o(.text)
    LPTIM1_IRQHandler                        0x080002fb   Thumb Code     0  startup_stm32h723xx.o(.text)
    LPTIM2_IRQHandler                        0x080002fb   Thumb Code     0  startup_stm32h723xx.o(.text)
    LPTIM3_IRQHandler                        0x080002fb   Thumb Code     0  startup_stm32h723xx.o(.text)
    LPTIM4_IRQHandler                        0x080002fb   Thumb Code     0  startup_stm32h723xx.o(.text)
    LPTIM5_IRQHandler                        0x080002fb   Thumb Code     0  startup_stm32h723xx.o(.text)
    LPUART1_IRQHandler                       0x080002fb   Thumb Code     0  startup_stm32h723xx.o(.text)
    LTDC_ER_IRQHandler                       0x080002fb   Thumb Code     0  startup_stm32h723xx.o(.text)
    LTDC_IRQHandler                          0x080002fb   Thumb Code     0  startup_stm32h723xx.o(.text)
    MDIOS_IRQHandler                         0x080002fb   Thumb Code     0  startup_stm32h723xx.o(.text)
    MDIOS_WKUP_IRQHandler                    0x080002fb   Thumb Code     0  startup_stm32h723xx.o(.text)
    MDMA_IRQHandler                          0x080002fb   Thumb Code     0  startup_stm32h723xx.o(.text)
    OCTOSPI1_IRQHandler                      0x080002fb   Thumb Code     0  startup_stm32h723xx.o(.text)
    OCTOSPI2_IRQHandler                      0x080002fb   Thumb Code     0  startup_stm32h723xx.o(.text)
    OTG_HS_EP1_IN_IRQHandler                 0x080002fb   Thumb Code     0  startup_stm32h723xx.o(.text)
    OTG_HS_EP1_OUT_IRQHandler                0x080002fb   Thumb Code     0  startup_stm32h723xx.o(.text)
    OTG_HS_IRQHandler                        0x080002fb   Thumb Code     0  startup_stm32h723xx.o(.text)
    OTG_HS_WKUP_IRQHandler                   0x080002fb   Thumb Code     0  startup_stm32h723xx.o(.text)
    PVD_AVD_IRQHandler                       0x080002fb   Thumb Code     0  startup_stm32h723xx.o(.text)
    RCC_IRQHandler                           0x080002fb   Thumb Code     0  startup_stm32h723xx.o(.text)
    RNG_IRQHandler                           0x080002fb   Thumb Code     0  startup_stm32h723xx.o(.text)
    RTC_Alarm_IRQHandler                     0x080002fb   Thumb Code     0  startup_stm32h723xx.o(.text)
    RTC_WKUP_IRQHandler                      0x080002fb   Thumb Code     0  startup_stm32h723xx.o(.text)
    SAI1_IRQHandler                          0x080002fb   Thumb Code     0  startup_stm32h723xx.o(.text)
    SAI4_IRQHandler                          0x080002fb   Thumb Code     0  startup_stm32h723xx.o(.text)
    SDMMC1_IRQHandler                        0x080002fb   Thumb Code     0  startup_stm32h723xx.o(.text)
    SDMMC2_IRQHandler                        0x080002fb   Thumb Code     0  startup_stm32h723xx.o(.text)
    SPDIF_RX_IRQHandler                      0x080002fb   Thumb Code     0  startup_stm32h723xx.o(.text)
    SPI1_IRQHandler                          0x080002fb   Thumb Code     0  startup_stm32h723xx.o(.text)
    SPI2_IRQHandler                          0x080002fb   Thumb Code     0  startup_stm32h723xx.o(.text)
    SPI3_IRQHandler                          0x080002fb   Thumb Code     0  startup_stm32h723xx.o(.text)
    SPI4_IRQHandler                          0x080002fb   Thumb Code     0  startup_stm32h723xx.o(.text)
    SPI5_IRQHandler                          0x080002fb   Thumb Code     0  startup_stm32h723xx.o(.text)
    SPI6_IRQHandler                          0x080002fb   Thumb Code     0  startup_stm32h723xx.o(.text)
    SWPMI1_IRQHandler                        0x080002fb   Thumb Code     0  startup_stm32h723xx.o(.text)
    TAMP_STAMP_IRQHandler                    0x080002fb   Thumb Code     0  startup_stm32h723xx.o(.text)
    TIM15_IRQHandler                         0x080002fb   Thumb Code     0  startup_stm32h723xx.o(.text)
    TIM16_IRQHandler                         0x080002fb   Thumb Code     0  startup_stm32h723xx.o(.text)
    TIM17_IRQHandler                         0x080002fb   Thumb Code     0  startup_stm32h723xx.o(.text)
    TIM1_BRK_IRQHandler                      0x080002fb   Thumb Code     0  startup_stm32h723xx.o(.text)
    TIM1_CC_IRQHandler                       0x080002fb   Thumb Code     0  startup_stm32h723xx.o(.text)
    TIM1_TRG_COM_IRQHandler                  0x080002fb   Thumb Code     0  startup_stm32h723xx.o(.text)
    TIM1_UP_IRQHandler                       0x080002fb   Thumb Code     0  startup_stm32h723xx.o(.text)
    TIM23_IRQHandler                         0x080002fb   Thumb Code     0  startup_stm32h723xx.o(.text)
    TIM24_IRQHandler                         0x080002fb   Thumb Code     0  startup_stm32h723xx.o(.text)
    TIM2_IRQHandler                          0x080002fb   Thumb Code     0  startup_stm32h723xx.o(.text)
    TIM3_IRQHandler                          0x080002fb   Thumb Code     0  startup_stm32h723xx.o(.text)
    TIM4_IRQHandler                          0x080002fb   Thumb Code     0  startup_stm32h723xx.o(.text)
    TIM5_IRQHandler                          0x080002fb   Thumb Code     0  startup_stm32h723xx.o(.text)
    TIM6_DAC_IRQHandler                      0x080002fb   Thumb Code     0  startup_stm32h723xx.o(.text)
    TIM7_IRQHandler                          0x080002fb   Thumb Code     0  startup_stm32h723xx.o(.text)
    TIM8_BRK_TIM12_IRQHandler                0x080002fb   Thumb Code     0  startup_stm32h723xx.o(.text)
    TIM8_CC_IRQHandler                       0x080002fb   Thumb Code     0  startup_stm32h723xx.o(.text)
    TIM8_TRG_COM_TIM14_IRQHandler            0x080002fb   Thumb Code     0  startup_stm32h723xx.o(.text)
    TIM8_UP_TIM13_IRQHandler                 0x080002fb   Thumb Code     0  startup_stm32h723xx.o(.text)
    UART4_IRQHandler                         0x080002fb   Thumb Code     0  startup_stm32h723xx.o(.text)
    UART5_IRQHandler                         0x080002fb   Thumb Code     0  startup_stm32h723xx.o(.text)
    UART7_IRQHandler                         0x080002fb   Thumb Code     0  startup_stm32h723xx.o(.text)
    UART8_IRQHandler                         0x080002fb   Thumb Code     0  startup_stm32h723xx.o(.text)
    UART9_IRQHandler                         0x080002fb   Thumb Code     0  startup_stm32h723xx.o(.text)
    USART10_IRQHandler                       0x080002fb   Thumb Code     0  startup_stm32h723xx.o(.text)
    USART1_IRQHandler                        0x080002fb   Thumb Code     0  startup_stm32h723xx.o(.text)
    USART2_IRQHandler                        0x080002fb   Thumb Code     0  startup_stm32h723xx.o(.text)
    USART3_IRQHandler                        0x080002fb   Thumb Code     0  startup_stm32h723xx.o(.text)
    USART6_IRQHandler                        0x080002fb   Thumb Code     0  startup_stm32h723xx.o(.text)
    WAKEUP_PIN_IRQHandler                    0x080002fb   Thumb Code     0  startup_stm32h723xx.o(.text)
    WWDG_IRQHandler                          0x080002fb   Thumb Code     0  startup_stm32h723xx.o(.text)
    __aeabi_uldivmod                         0x08000305   Thumb Code    98  uldiv.o(.text)
    __aeabi_memset                           0x08000367   Thumb Code    14  memseta.o(.text)
    __aeabi_memset4                          0x08000367   Thumb Code     0  memseta.o(.text)
    __aeabi_memset8                          0x08000367   Thumb Code     0  memseta.o(.text)
    __aeabi_memclr                           0x08000375   Thumb Code     4  memseta.o(.text)
    __aeabi_memclr4                          0x08000375   Thumb Code     0  memseta.o(.text)
    __aeabi_memclr8                          0x08000375   Thumb Code     0  memseta.o(.text)
    _memset$wrapper                          0x08000379   Thumb Code    18  memseta.o(.text)
    __aeabi_uidiv                            0x0800038b   Thumb Code     0  uidiv.o(.text)
    __aeabi_uidivmod                         0x0800038b   Thumb Code    44  uidiv.o(.text)
    __aeabi_llsl                             0x080003b7   Thumb Code    30  llshl.o(.text)
    _ll_shift_l                              0x080003b7   Thumb Code     0  llshl.o(.text)
    __aeabi_llsr                             0x080003d5   Thumb Code    32  llushr.o(.text)
    _ll_ushift_r                             0x080003d5   Thumb Code     0  llushr.o(.text)
    __I$use$fp                               0x080003f5   Thumb Code     0  iusefp.o(.text)
    __aeabi_dadd                             0x080003f5   Thumb Code   322  dadd.o(.text)
    __aeabi_dsub                             0x08000537   Thumb Code     6  dadd.o(.text)
    __aeabi_drsub                            0x0800053d   Thumb Code     6  dadd.o(.text)
    __aeabi_dmul                             0x08000543   Thumb Code   228  dmul.o(.text)
    __aeabi_ddiv                             0x08000627   Thumb Code   222  ddiv.o(.text)
    __aeabi_d2ulz                            0x08000705   Thumb Code    48  dfixul.o(.text)
    __aeabi_cdrcmple                         0x08000735   Thumb Code    48  cdrcmple.o(.text)
    __scatterload                            0x08000765   Thumb Code    28  init.o(.text)
    __scatterload_rt2                        0x08000765   Thumb Code     0  init.o(.text)
    __aeabi_lasr                             0x08000789   Thumb Code    36  llsshr.o(.text)
    _ll_sshift_r                             0x08000789   Thumb Code     0  llsshr.o(.text)
    _double_round                            0x080007ad   Thumb Code    30  depilogue.o(.text)
    _double_epilogue                         0x080007cb   Thumb Code   156  depilogue.o(.text)
    BusFault_Handler                         0x08000867   Thumb Code     2  stm32h7xx_it.o(i.BusFault_Handler)
    DebugMon_Handler                         0x08000869   Thumb Code     2  stm32h7xx_it.o(i.DebugMon_Handler)
    Error_Handler                            0x0800086b   Thumb Code     4  main.o(i.Error_Handler)
    HAL_GPIO_DeInit                          0x08000871   Thumb Code   310  stm32h7xx_hal_gpio.o(i.HAL_GPIO_DeInit)
    HAL_GPIO_Init                            0x080009d1   Thumb Code   496  stm32h7xx_hal_gpio.o(i.HAL_GPIO_Init)
    HAL_GetTick                              0x08000bed   Thumb Code     6  stm32h7xx_hal.o(i.HAL_GetTick)
    HAL_IncTick                              0x08000bf9   Thumb Code    12  stm32h7xx_hal.o(i.HAL_IncTick)
    HAL_Init                                 0x08000c09   Thumb Code    74  stm32h7xx_hal.o(i.HAL_Init)
    HAL_InitTick                             0x08000c65   Thumb Code    56  stm32h7xx_hal.o(i.HAL_InitTick)
    HAL_MPU_ConfigRegion                     0x08000ca5   Thumb Code    86  stm32h7xx_hal_cortex.o(i.HAL_MPU_ConfigRegion)
    HAL_MPU_Disable                          0x08000d01   Thumb Code    24  stm32h7xx_hal_cortex.o(i.HAL_MPU_Disable)
    HAL_MPU_Enable                           0x08000d1d   Thumb Code    30  stm32h7xx_hal_cortex.o(i.HAL_MPU_Enable)
    HAL_MspInit                              0x08000d41   Thumb Code    22  stm32h7xx_hal_msp.o(i.HAL_MspInit)
    HAL_NVIC_SetPriority                     0x08000d5d   Thumb Code    60  stm32h7xx_hal_cortex.o(i.HAL_NVIC_SetPriority)
    HAL_NVIC_SetPriorityGrouping             0x08000d9d   Thumb Code    28  stm32h7xx_hal_cortex.o(i.HAL_NVIC_SetPriorityGrouping)
    HAL_OSPIM_Config                         0x08000dc1   Thumb Code  1048  stm32h7xx_hal_ospi.o(i.HAL_OSPIM_Config)
    HAL_OSPI_AutoPolling                     0x080011d9   Thumb Code   170  stm32h7xx_hal_ospi.o(i.HAL_OSPI_AutoPolling)
    HAL_OSPI_Command                         0x08001283   Thumb Code   164  stm32h7xx_hal_ospi.o(i.HAL_OSPI_Command)
    HAL_OSPI_DeInit                          0x08001327   Thumb Code    48  stm32h7xx_hal_ospi.o(i.HAL_OSPI_DeInit)
    HAL_OSPI_Init                            0x08001359   Thumb Code   258  stm32h7xx_hal_ospi.o(i.HAL_OSPI_Init)
    HAL_OSPI_MspDeInit                       0x08001461   Thumb Code    70  octospi.o(i.HAL_OSPI_MspDeInit)
    HAL_OSPI_MspInit                         0x080014c1   Thumb Code   310  octospi.o(i.HAL_OSPI_MspInit)
    HAL_OSPI_Receive                         0x08001611   Thumb Code   172  stm32h7xx_hal_ospi.o(i.HAL_OSPI_Receive)
    HAL_OSPI_Transmit                        0x080016bd   Thumb Code   134  stm32h7xx_hal_ospi.o(i.HAL_OSPI_Transmit)
    HAL_PWREx_ConfigSupply                   0x08001745   Thumb Code    78  stm32h7xx_hal_pwr_ex.o(i.HAL_PWREx_ConfigSupply)
    HAL_RCCEx_GetD3PCLK1Freq                 0x08001799   Thumb Code    26  stm32h7xx_hal_rcc_ex.o(i.HAL_RCCEx_GetD3PCLK1Freq)
    HAL_RCCEx_GetPLL2ClockFreq               0x080017bd   Thumb Code   296  stm32h7xx_hal_rcc_ex.o(i.HAL_RCCEx_GetPLL2ClockFreq)
    HAL_RCCEx_GetPLL3ClockFreq               0x08001901   Thumb Code   296  stm32h7xx_hal_rcc_ex.o(i.HAL_RCCEx_GetPLL3ClockFreq)
    HAL_RCCEx_PeriphCLKConfig                0x08001a45   Thumb Code  2362  stm32h7xx_hal_rcc_ex.o(i.HAL_RCCEx_PeriphCLKConfig)
    HAL_RCC_ClockConfig                      0x08002381   Thumb Code   580  stm32h7xx_hal_rcc.o(i.HAL_RCC_ClockConfig)
    HAL_RCC_GetHCLKFreq                      0x080025dd   Thumb Code    52  stm32h7xx_hal_rcc.o(i.HAL_RCC_GetHCLKFreq)
    HAL_RCC_GetPCLK1Freq                     0x08002621   Thumb Code    26  stm32h7xx_hal_rcc.o(i.HAL_RCC_GetPCLK1Freq)
    HAL_RCC_GetPCLK2Freq                     0x08002645   Thumb Code    26  stm32h7xx_hal_rcc.o(i.HAL_RCC_GetPCLK2Freq)
    HAL_RCC_GetSysClockFreq                  0x08002669   Thumb Code   278  stm32h7xx_hal_rcc.o(i.HAL_RCC_GetSysClockFreq)
    HAL_RCC_OscConfig                        0x080027a1   Thumb Code  1318  stm32h7xx_hal_rcc.o(i.HAL_RCC_OscConfig)
    HAL_SYSTICK_Config                       0x08002cc7   Thumb Code    38  stm32h7xx_hal_cortex.o(i.HAL_SYSTICK_Config)
    HAL_UARTEx_DisableFifoMode               0x08002ced   Thumb Code    64  stm32h7xx_hal_uart_ex.o(i.HAL_UARTEx_DisableFifoMode)
    HAL_UARTEx_SetRxFifoThreshold            0x08002d2d   Thumb Code    76  stm32h7xx_hal_uart_ex.o(i.HAL_UARTEx_SetRxFifoThreshold)
    HAL_UARTEx_SetTxFifoThreshold            0x08002d79   Thumb Code    76  stm32h7xx_hal_uart_ex.o(i.HAL_UARTEx_SetTxFifoThreshold)
    HAL_UART_Init                            0x08002dc5   Thumb Code   106  stm32h7xx_hal_uart.o(i.HAL_UART_Init)
    HAL_UART_MspInit                         0x08002e31   Thumb Code   126  usart.o(i.HAL_UART_MspInit)
    HAL_UART_Transmit                        0x08002ebd   Thumb Code   176  stm32h7xx_hal_uart.o(i.HAL_UART_Transmit)
    HardFault_Handler                        0x08002f6d   Thumb Code     2  stm32h7xx_it.o(i.HardFault_Handler)
    MX_GPIO_Init                             0x08002f71   Thumb Code    86  gpio.o(i.MX_GPIO_Init)
    MX_OCTOSPI2_Init                         0x08002fcd   Thumb Code   132  octospi.o(i.MX_OCTOSPI2_Init)
    MX_USART1_UART_Init                      0x0800305d   Thumb Code    94  usart.o(i.MX_USART1_UART_Init)
    MemManage_Handler                        0x080030c5   Thumb Code     2  stm32h7xx_it.o(i.MemManage_Handler)
    NMI_Handler                              0x080030c7   Thumb Code     2  stm32h7xx_it.o(i.NMI_Handler)
    OSPI_W25Qxx_AutoPollingMemReady          0x08003379   Thumb Code   102  w25q64.o(i.OSPI_W25Qxx_AutoPollingMemReady)
    OSPI_W25Qxx_BlockErase_32K               0x080033e5   Thumb Code    88  w25q64.o(i.OSPI_W25Qxx_BlockErase_32K)
    OSPI_W25Qxx_Init                         0x08003441   Thumb Code    22  w25q64.o(i.OSPI_W25Qxx_Init)
    OSPI_W25Qxx_ReadBuffer                   0x0800345d   Thumb Code   110  w25q64.o(i.OSPI_W25Qxx_ReadBuffer)
    OSPI_W25Qxx_ReadID                       0x080034d1   Thumb Code    94  w25q64.o(i.OSPI_W25Qxx_ReadID)
    OSPI_W25Qxx_Test                         0x08003535   Thumb Code   372  main.o(i.OSPI_W25Qxx_Test)
    OSPI_W25Qxx_WriteBuffer                  0x08003839   Thumb Code    72  w25q64.o(i.OSPI_W25Qxx_WriteBuffer)
    OSPI_W25Qxx_WriteEnable                  0x08003881   Thumb Code   150  w25q64.o(i.OSPI_W25Qxx_WriteEnable)
    OSPI_W25Qxx_WritePage                    0x0800391d   Thumb Code   120  w25q64.o(i.OSPI_W25Qxx_WritePage)
    PendSV_Handler                           0x080039e1   Thumb Code     2  stm32h7xx_it.o(i.PendSV_Handler)
    SVC_Handler                              0x08003c25   Thumb Code     2  stm32h7xx_it.o(i.SVC_Handler)
    SysTick_Handler                          0x08003c27   Thumb Code     4  stm32h7xx_it.o(i.SysTick_Handler)
    SystemClock_Config                       0x08003c2d   Thumb Code   144  main.o(i.SystemClock_Config)
    SystemInit                               0x08003cc1   Thumb Code   158  system_stm32h7xx.o(i.SystemInit)
    UART_AdvFeatureConfig                    0x08003dc5   Thumb Code   200  stm32h7xx_hal_uart.o(i.UART_AdvFeatureConfig)
    UART_CheckIdleState                      0x08003e8d   Thumb Code   170  stm32h7xx_hal_uart.o(i.UART_CheckIdleState)
    UART_SetConfig                           0x08003f8d   Thumb Code   914  stm32h7xx_hal_uart.o(i.UART_SetConfig)
    UART_WaitOnFlagUntilTimeout              0x08004369   Thumb Code   140  stm32h7xx_hal_uart.o(i.UART_WaitOnFlagUntilTimeout)
    UsageFault_Handler                       0x080043f5   Thumb Code     2  stm32h7xx_it.o(i.UsageFault_Handler)
    __0printf                                0x080043f9   Thumb Code    22  printfa.o(i.__0printf)
    __1printf                                0x080043f9   Thumb Code     0  printfa.o(i.__0printf)
    __2printf                                0x080043f9   Thumb Code     0  printfa.o(i.__0printf)
    __c89printf                              0x080043f9   Thumb Code     0  printfa.o(i.__0printf)
    printf                                   0x080043f9   Thumb Code     0  printfa.o(i.__0printf)
    __scatterload_copy                       0x0800443b   Thumb Code    14  handlers.o(i.__scatterload_copy)
    __scatterload_null                       0x08004449   Thumb Code     2  handlers.o(i.__scatterload_null)
    __scatterload_zeroinit                   0x0800444b   Thumb Code    14  handlers.o(i.__scatterload_zeroinit)
    fputc                                    0x08004d0d   Thumb Code    18  usart.o(i.fputc)
    main                                     0x08004d25   Thumb Code   106  main.o(i.main)
    UARTPrescTable                           0x08004d8e   Data          24  stm32h7xx_hal_uart.o(.constdata)
    D1CorePrescTable                         0x08004db6   Data          16  system_stm32h7xx.o(.constdata)
    Region$$Table$$Base                      0x08004fa8   Number         0  anon$$obj.o(Region$$Table)
    Region$$Table$$Limit                     0x08004fc8   Number         0  anon$$obj.o(Region$$Table)
    OSPI_Status                              0x24000000   Data           4  main.o(.data)
    uwTickFreq                               0x24000004   Data           1  stm32h7xx_hal.o(.data)
    uwTickPrio                               0x24000008   Data           4  stm32h7xx_hal.o(.data)
    uwTick                                   0x2400000c   Data           4  stm32h7xx_hal.o(.data)
    SystemCoreClock                          0x24000010   Data           4  system_stm32h7xx.o(.data)
    SystemD2Clock                            0x24000014   Data           4  system_stm32h7xx.o(.data)
    __stdout                                 0x24000018   Data           4  stdout.o(.data)
    W25Qxx_WriteBuffer                       0x2400001c   Data       32768  main.o(.bss)
    W25Qxx_ReadBuffer                        0x2400801c   Data       32768  main.o(.bss)
    hospi2                                   0x2401001c   Data          92  octospi.o(.bss)
    huart1                                   0x24010078   Data         148  usart.o(.bss)
    __initial_sp                             0x24010910   Data           0  startup_stm32h723xx.o(STACK)



==============================================================================

Memory Map of the image

  Image Entry point : 0x080002cd

  Load Region LR_IROM1 (Base: 0x08000000, Size: 0x00004fe4, Max: 0x00100000, ABSOLUTE)

    Execution Region ER_IROM1 (Exec base: 0x08000000, Load base: 0x08000000, Size: 0x00004fc8, Max: 0x00100000, ABSOLUTE)

    Exec Addr    Load Addr    Size         Type   Attr      Idx    E Section Name        Object

    0x08000000   0x08000000   0x000002cc   Data   RO            3    RESET               startup_stm32h723xx.o
    0x080002cc   0x080002cc   0x00000000   Code   RO         3775  * .ARM.Collect$$$$00000000  mc_w.l(entry.o)
    0x080002cc   0x080002cc   0x00000004   Code   RO         4043    .ARM.Collect$$$$00000001  mc_w.l(entry2.o)
    0x080002d0   0x080002d0   0x00000004   Code   RO         4046    .ARM.Collect$$$$00000004  mc_w.l(entry5.o)
    0x080002d4   0x080002d4   0x00000000   Code   RO         4048    .ARM.Collect$$$$00000008  mc_w.l(entry7b.o)
    0x080002d4   0x080002d4   0x00000000   Code   RO         4050    .ARM.Collect$$$$0000000A  mc_w.l(entry8b.o)
    0x080002d4   0x080002d4   0x00000008   Code   RO         4051    .ARM.Collect$$$$0000000B  mc_w.l(entry9a.o)
    0x080002dc   0x080002dc   0x00000000   Code   RO         4053    .ARM.Collect$$$$0000000D  mc_w.l(entry10a.o)
    0x080002dc   0x080002dc   0x00000000   Code   RO         4055    .ARM.Collect$$$$0000000F  mc_w.l(entry11a.o)
    0x080002dc   0x080002dc   0x00000004   Code   RO         4044    .ARM.Collect$$$$00002712  mc_w.l(entry2.o)
    0x080002e0   0x080002e0   0x00000024   Code   RO            4    .text               startup_stm32h723xx.o
    0x08000304   0x08000304   0x00000062   Code   RO         3778    .text               mc_w.l(uldiv.o)
    0x08000366   0x08000366   0x00000024   Code   RO         3780    .text               mc_w.l(memseta.o)
    0x0800038a   0x0800038a   0x0000002c   Code   RO         4058    .text               mc_w.l(uidiv.o)
    0x080003b6   0x080003b6   0x0000001e   Code   RO         4060    .text               mc_w.l(llshl.o)
    0x080003d4   0x080003d4   0x00000020   Code   RO         4062    .text               mc_w.l(llushr.o)
    0x080003f4   0x080003f4   0x00000000   Code   RO         4064    .text               mc_w.l(iusefp.o)
    0x080003f4   0x080003f4   0x0000014e   Code   RO         4065    .text               mf_w.l(dadd.o)
    0x08000542   0x08000542   0x000000e4   Code   RO         4067    .text               mf_w.l(dmul.o)
    0x08000626   0x08000626   0x000000de   Code   RO         4069    .text               mf_w.l(ddiv.o)
    0x08000704   0x08000704   0x00000030   Code   RO         4071    .text               mf_w.l(dfixul.o)
    0x08000734   0x08000734   0x00000030   Code   RO         4073    .text               mf_w.l(cdrcmple.o)
    0x08000764   0x08000764   0x00000024   Code   RO         4075    .text               mc_w.l(init.o)
    0x08000788   0x08000788   0x00000024   Code   RO         4077    .text               mc_w.l(llsshr.o)
    0x080007ac   0x080007ac   0x000000ba   Code   RO         4079    .text               mf_w.l(depilogue.o)
    0x08000866   0x08000866   0x00000002   Code   RO          311    i.BusFault_Handler  stm32h7xx_it.o
    0x08000868   0x08000868   0x00000002   Code   RO          312    i.DebugMon_Handler  stm32h7xx_it.o
    0x0800086a   0x0800086a   0x00000004   Code   RO           13    i.Error_Handler     main.o
    0x0800086e   0x0800086e   0x00000002   PAD
    0x08000870   0x08000870   0x00000160   Code   RO         1021    i.HAL_GPIO_DeInit   stm32h7xx_hal_gpio.o
    0x080009d0   0x080009d0   0x0000021c   Code   RO         1024    i.HAL_GPIO_Init     stm32h7xx_hal_gpio.o
    0x08000bec   0x08000bec   0x0000000c   Code   RO         1889    i.HAL_GetTick       stm32h7xx_hal.o
    0x08000bf8   0x08000bf8   0x00000010   Code   RO         1895    i.HAL_IncTick       stm32h7xx_hal.o
    0x08000c08   0x08000c08   0x0000005c   Code   RO         1896    i.HAL_Init          stm32h7xx_hal.o
    0x08000c64   0x08000c64   0x00000040   Code   RO         1897    i.HAL_InitTick      stm32h7xx_hal.o
    0x08000ca4   0x08000ca4   0x0000005c   Code   RO          411    i.HAL_MPU_ConfigRegion  stm32h7xx_hal_cortex.o
    0x08000d00   0x08000d00   0x0000001c   Code   RO          412    i.HAL_MPU_Disable   stm32h7xx_hal_cortex.o
    0x08000d1c   0x08000d1c   0x00000024   Code   RO          413    i.HAL_MPU_Enable    stm32h7xx_hal_cortex.o
    0x08000d40   0x08000d40   0x0000001c   Code   RO          386    i.HAL_MspInit       stm32h7xx_hal_msp.o
    0x08000d5c   0x08000d5c   0x00000040   Code   RO          422    i.HAL_NVIC_SetPriority  stm32h7xx_hal_cortex.o
    0x08000d9c   0x08000d9c   0x00000024   Code   RO          423    i.HAL_NVIC_SetPriorityGrouping  stm32h7xx_hal_cortex.o
    0x08000dc0   0x08000dc0   0x00000418   Code   RO         2812    i.HAL_OSPIM_Config  stm32h7xx_hal_ospi.o
    0x080011d8   0x080011d8   0x000000aa   Code   RO         2816    i.HAL_OSPI_AutoPolling  stm32h7xx_hal_ospi.o
    0x08001282   0x08001282   0x000000a4   Code   RO         2819    i.HAL_OSPI_Command  stm32h7xx_hal_ospi.o
    0x08001326   0x08001326   0x00000030   Code   RO         2821    i.HAL_OSPI_DeInit   stm32h7xx_hal_ospi.o
    0x08001356   0x08001356   0x00000002   PAD
    0x08001358   0x08001358   0x00000108   Code   RO         2830    i.HAL_OSPI_Init     stm32h7xx_hal_ospi.o
    0x08001460   0x08001460   0x00000060   Code   RO          217    i.HAL_OSPI_MspDeInit  octospi.o
    0x080014c0   0x080014c0   0x00000150   Code   RO          218    i.HAL_OSPI_MspInit  octospi.o
    0x08001610   0x08001610   0x000000ac   Code   RO         2834    i.HAL_OSPI_Receive  stm32h7xx_hal_ospi.o
    0x080016bc   0x080016bc   0x00000086   Code   RO         2843    i.HAL_OSPI_Transmit  stm32h7xx_hal_ospi.o
    0x08001742   0x08001742   0x00000002   PAD
    0x08001744   0x08001744   0x00000054   Code   RO         1625    i.HAL_PWREx_ConfigSupply  stm32h7xx_hal_pwr_ex.o
    0x08001798   0x08001798   0x00000024   Code   RO          667    i.HAL_RCCEx_GetD3PCLK1Freq  stm32h7xx_hal_rcc_ex.o
    0x080017bc   0x080017bc   0x00000144   Code   RO          669    i.HAL_RCCEx_GetPLL2ClockFreq  stm32h7xx_hal_rcc_ex.o
    0x08001900   0x08001900   0x00000144   Code   RO          670    i.HAL_RCCEx_GetPLL3ClockFreq  stm32h7xx_hal_rcc_ex.o
    0x08001a44   0x08001a44   0x0000093a   Code   RO          676    i.HAL_RCCEx_PeriphCLKConfig  stm32h7xx_hal_rcc_ex.o
    0x0800237e   0x0800237e   0x00000002   PAD
    0x08002380   0x08002380   0x0000025c   Code   RO          552    i.HAL_RCC_ClockConfig  stm32h7xx_hal_rcc.o
    0x080025dc   0x080025dc   0x00000044   Code   RO          557    i.HAL_RCC_GetHCLKFreq  stm32h7xx_hal_rcc.o
    0x08002620   0x08002620   0x00000024   Code   RO          559    i.HAL_RCC_GetPCLK1Freq  stm32h7xx_hal_rcc.o
    0x08002644   0x08002644   0x00000024   Code   RO          560    i.HAL_RCC_GetPCLK2Freq  stm32h7xx_hal_rcc.o
    0x08002668   0x08002668   0x00000138   Code   RO          561    i.HAL_RCC_GetSysClockFreq  stm32h7xx_hal_rcc.o
    0x080027a0   0x080027a0   0x00000526   Code   RO          564    i.HAL_RCC_OscConfig  stm32h7xx_hal_rcc.o
    0x08002cc6   0x08002cc6   0x00000026   Code   RO          427    i.HAL_SYSTICK_Config  stm32h7xx_hal_cortex.o
    0x08002cec   0x08002cec   0x00000040   Code   RO         3532    i.HAL_UARTEx_DisableFifoMode  stm32h7xx_hal_uart_ex.o
    0x08002d2c   0x08002d2c   0x0000004c   Code   RO         3541    i.HAL_UARTEx_SetRxFifoThreshold  stm32h7xx_hal_uart_ex.o
    0x08002d78   0x08002d78   0x0000004c   Code   RO         3542    i.HAL_UARTEx_SetTxFifoThreshold  stm32h7xx_hal_uart_ex.o
    0x08002dc4   0x08002dc4   0x0000006a   Code   RO         3141    i.HAL_UART_Init     stm32h7xx_hal_uart.o
    0x08002e2e   0x08002e2e   0x00000002   PAD
    0x08002e30   0x08002e30   0x0000008c   Code   RO          260    i.HAL_UART_MspInit  usart.o
    0x08002ebc   0x08002ebc   0x000000b0   Code   RO         3150    i.HAL_UART_Transmit  stm32h7xx_hal_uart.o
    0x08002f6c   0x08002f6c   0x00000002   Code   RO          313    i.HardFault_Handler  stm32h7xx_it.o
    0x08002f6e   0x08002f6e   0x00000002   PAD
    0x08002f70   0x08002f70   0x0000005c   Code   RO          193    i.MX_GPIO_Init      gpio.o
    0x08002fcc   0x08002fcc   0x00000090   Code   RO          219    i.MX_OCTOSPI2_Init  octospi.o
    0x0800305c   0x0800305c   0x00000068   Code   RO          261    i.MX_USART1_UART_Init  usart.o
    0x080030c4   0x080030c4   0x00000002   Code   RO          314    i.MemManage_Handler  stm32h7xx_it.o
    0x080030c6   0x080030c6   0x00000002   Code   RO          315    i.NMI_Handler       stm32h7xx_it.o
    0x080030c8   0x080030c8   0x000000dc   Code   RO         2848    i.OSPIM_GetConfig   stm32h7xx_hal_ospi.o
    0x080031a4   0x080031a4   0x000001d4   Code   RO         2849    i.OSPI_ConfigCmd    stm32h7xx_hal_ospi.o
    0x08003378   0x08003378   0x0000006c   Code   RO         3687    i.OSPI_W25Qxx_AutoPollingMemReady  w25q64.o
    0x080033e4   0x080033e4   0x0000005c   Code   RO         3688    i.OSPI_W25Qxx_BlockErase_32K  w25q64.o
    0x08003440   0x08003440   0x0000001c   Code   RO         3691    i.OSPI_W25Qxx_Init  w25q64.o
    0x0800345c   0x0800345c   0x00000074   Code   RO         3693    i.OSPI_W25Qxx_ReadBuffer  w25q64.o
    0x080034d0   0x080034d0   0x00000064   Code   RO         3694    i.OSPI_W25Qxx_ReadID  w25q64.o
    0x08003534   0x08003534   0x00000304   Code   RO           14    i.OSPI_W25Qxx_Test  main.o
    0x08003838   0x08003838   0x00000048   Code   RO         3696    i.OSPI_W25Qxx_WriteBuffer  w25q64.o
    0x08003880   0x08003880   0x0000009c   Code   RO         3697    i.OSPI_W25Qxx_WriteEnable  w25q64.o
    0x0800391c   0x0800391c   0x0000007c   Code   RO         3698    i.OSPI_W25Qxx_WritePage  w25q64.o
    0x08003998   0x08003998   0x00000048   Code   RO         2853    i.OSPI_WaitFlagStateUntilTimeout  stm32h7xx_hal_ospi.o
    0x080039e0   0x080039e0   0x00000002   Code   RO          316    i.PendSV_Handler    stm32h7xx_it.o
    0x080039e2   0x080039e2   0x00000002   PAD
    0x080039e4   0x080039e4   0x00000120   Code   RO          679    i.RCCEx_PLL2_Config  stm32h7xx_hal_rcc_ex.o
    0x08003b04   0x08003b04   0x00000120   Code   RO          680    i.RCCEx_PLL3_Config  stm32h7xx_hal_rcc_ex.o
    0x08003c24   0x08003c24   0x00000002   Code   RO          317    i.SVC_Handler       stm32h7xx_it.o
    0x08003c26   0x08003c26   0x00000004   Code   RO          318    i.SysTick_Handler   stm32h7xx_it.o
    0x08003c2a   0x08003c2a   0x00000002   PAD
    0x08003c2c   0x08003c2c   0x00000094   Code   RO           15    i.SystemClock_Config  main.o
    0x08003cc0   0x08003cc0   0x000000c0   Code   RO         3651    i.SystemInit        system_stm32h7xx.o
    0x08003d80   0x08003d80   0x00000044   Code   RO         3546    i.UARTEx_SetNbDataToProcess  stm32h7xx_hal_uart_ex.o
    0x08003dc4   0x08003dc4   0x000000c8   Code   RO         3155    i.UART_AdvFeatureConfig  stm32h7xx_hal_uart.o
    0x08003e8c   0x08003e8c   0x000000aa   Code   RO         3156    i.UART_CheckIdleState  stm32h7xx_hal_uart.o
    0x08003f36   0x08003f36   0x00000002   PAD
    0x08003f38   0x08003f38   0x00000054   Code   RO         3167    i.UART_EndRxTransfer  stm32h7xx_hal_uart.o
    0x08003f8c   0x08003f8c   0x000003dc   Code   RO         3173    i.UART_SetConfig    stm32h7xx_hal_uart.o
    0x08004368   0x08004368   0x0000008c   Code   RO         3180    i.UART_WaitOnFlagUntilTimeout  stm32h7xx_hal_uart.o
    0x080043f4   0x080043f4   0x00000002   Code   RO          319    i.UsageFault_Handler  stm32h7xx_it.o
    0x080043f6   0x080043f6   0x00000002   PAD
    0x080043f8   0x080043f8   0x00000020   Code   RO         4015    i.__0printf         mc_w.l(printfa.o)
    0x08004418   0x08004418   0x00000022   Code   RO          429    i.__NVIC_SetPriority  stm32h7xx_hal_cortex.o
    0x0800443a   0x0800443a   0x0000000e   Code   RO         4083    i.__scatterload_copy  mc_w.l(handlers.o)
    0x08004448   0x08004448   0x00000002   Code   RO         4084    i.__scatterload_null  mc_w.l(handlers.o)
    0x0800444a   0x0800444a   0x0000000e   Code   RO         4085    i.__scatterload_zeroinit  mc_w.l(handlers.o)
    0x08004458   0x08004458   0x00000184   Code   RO         4022    i._fp_digits        mc_w.l(printfa.o)
    0x080045dc   0x080045dc   0x000006dc   Code   RO         4023    i._printf_core      mc_w.l(printfa.o)
    0x08004cb8   0x08004cb8   0x00000024   Code   RO         4024    i._printf_post_padding  mc_w.l(printfa.o)
    0x08004cdc   0x08004cdc   0x0000002e   Code   RO         4025    i._printf_pre_padding  mc_w.l(printfa.o)
    0x08004d0a   0x08004d0a   0x00000002   PAD
    0x08004d0c   0x08004d0c   0x00000018   Code   RO          262    i.fputc             usart.o
    0x08004d24   0x08004d24   0x0000006a   Code   RO           16    i.main              main.o
    0x08004d8e   0x08004d8e   0x00000018   Data   RO         3181    .constdata          stm32h7xx_hal_uart.o
    0x08004da6   0x08004da6   0x00000010   Data   RO         3547    .constdata          stm32h7xx_hal_uart_ex.o
    0x08004db6   0x08004db6   0x00000010   Data   RO         3652    .constdata          system_stm32h7xx.o
    0x08004dc6   0x08004dc6   0x00000002   PAD
    0x08004dc8   0x08004dc8   0x000001df   Data   RO           18    .conststring        main.o
    0x08004fa7   0x08004fa7   0x00000001   PAD
    0x08004fa8   0x08004fa8   0x00000020   Data   RO         4081    Region$$Table       anon$$obj.o


    Execution Region RW_IRAM1 (Exec base: 0x20000000, Load base: 0x08004fc8, Size: 0x00000000, Max: 0x00020000, ABSOLUTE)

    **** No section assigned to this execution region ****


    Execution Region RW_IRAM2 (Exec base: 0x24000000, Load base: 0x08004fc8, Size: 0x00010910, Max: 0x00050000, ABSOLUTE)

    Exec Addr    Load Addr    Size         Type   Attr      Idx    E Section Name        Object

    0x24000000   0x08004fc8   0x00000004   Data   RW           19    .data               main.o
    0x24000004   0x08004fcc   0x0000000c   Data   RW         1920    .data               stm32h7xx_hal.o
    0x24000010   0x08004fd8   0x00000008   Data   RW         3653    .data               system_stm32h7xx.o
    0x24000018   0x08004fe0   0x00000004   Data   RW         4057    .data               mc_w.l(stdout.o)
    0x2400001c        -       0x00010000   Zero   RW           17    .bss                main.o
    0x2401001c        -       0x0000005c   Zero   RW          220    .bss                octospi.o
    0x24010078        -       0x00000094   Zero   RW          263    .bss                usart.o
    0x2401010c   0x08004fe4   0x00000004   PAD
    0x24010110        -       0x00000800   Zero   RW            1    STACK               startup_stm32h723xx.o


==============================================================================

Image component sizes


      Code (inc. data)   RO Data    RW Data    ZI Data      Debug   Object Name

        92          6          0          0          0       1039   gpio.o
      1030        404        479          4      65536    1166738   main.o
       576         64          0          0         92       2992   octospi.o
        36          8        716          0       2048        852   startup_stm32h723xx.o
       184         36          0         12          0      23161   stm32h7xx_hal.o
       328         28          0          0          0      41340   stm32h7xx_hal_cortex.o
       892         86          0          0          0       2634   stm32h7xx_hal_gpio.o
        28          6          0          0          0        962   stm32h7xx_hal_msp.o
      2760         48          0          0          0      12652   stm32h7xx_hal_ospi.o
        84          6          0          0          0        805   stm32h7xx_hal_pwr_ex.o
      2374        102          0          0          0       7240   stm32h7xx_hal_rcc.o
      3622        112          0          0          0       7925   stm32h7xx_hal_rcc_ex.o
      1864        122         24          0          0      27082   stm32h7xx_hal_uart.o
       284          6         16          0          0       3897   stm32h7xx_hal_uart_ex.o
        20          0          0          0          0       4298   stm32h7xx_it.o
       192         34         16          8          0       1538   system_stm32h7xx.o
       268         30          0          0        148       3814   usart.o
       796         38          0          0          0       6865   w25q64.o

    ----------------------------------------------------------------------
     15450       1136       1286         24      67828    1315834   Object Totals
         0          0         32          0          0          0   (incl. Generated)
        20          0          3          0          4          0   (incl. Padding)

    ----------------------------------------------------------------------

      Code (inc. data)   RO Data    RW Data    ZI Data      Debug   Library Member Name

         0          0          0          0          0          0   entry.o
         0          0          0          0          0          0   entry10a.o
         0          0          0          0          0          0   entry11a.o
         8          4          0          0          0          0   entry2.o
         4          0          0          0          0          0   entry5.o
         0          0          0          0          0          0   entry7b.o
         0          0          0          0          0          0   entry8b.o
         8          4          0          0          0          0   entry9a.o
        30          0          0          0          0          0   handlers.o
        36          8          0          0          0         68   init.o
         0          0          0          0          0          0   iusefp.o
        30          0          0          0          0         68   llshl.o
        36          0          0          0          0         68   llsshr.o
        32          0          0          0          0         68   llushr.o
        36          0          0          0          0        108   memseta.o
      2258         90          0          0          0        452   printfa.o
         0          0          0          4          0          0   stdout.o
        44          0          0          0          0         80   uidiv.o
        98          0          0          0          0         92   uldiv.o
        48          0          0          0          0         68   cdrcmple.o
       334          0          0          0          0        148   dadd.o
       222          0          0          0          0        100   ddiv.o
       186          0          0          0          0        176   depilogue.o
        48          0          0          0          0         68   dfixul.o
       228          0          0          0          0         96   dmul.o

    ----------------------------------------------------------------------
      3688        106          0          4          0       1660   Library Totals
         2          0          0          0          0          0   (incl. Padding)

    ----------------------------------------------------------------------

      Code (inc. data)   RO Data    RW Data    ZI Data      Debug   Library Name

      2620        106          0          4          0       1004   mc_w.l
      1066          0          0          0          0        656   mf_w.l

    ----------------------------------------------------------------------
      3688        106          0          4          0       1660   Library Totals

    ----------------------------------------------------------------------

==============================================================================


      Code (inc. data)   RO Data    RW Data    ZI Data      Debug   

     19138       1242       1286         28      67828    1309966   Grand Totals
     19138       1242       1286         28      67828    1309966   ELF Image Totals
     19138       1242       1286         28          0          0   ROM Totals

==============================================================================

    Total RO  Size (Code + RO Data)                20424 (  19.95kB)
    Total RW  Size (RW Data + ZI Data)             67856 (  66.27kB)
    Total ROM Size (Code + RO Data + RW Data)      20452 (  19.97kB)

==============================================================================

